<html>
<body>
<pre>
<h1>µVision Build Log</h1>
<h2>Tool Versions:</h2>
IDE-Version: ¦ÌVision V5.37.0.0
Copyright (C) 2022 ARM Ltd and ARM Germany GmbH. All rights reserved.
License Information: 1 2376387667@qq.com, 1, LIC=MPPLD-8M2G1-LQ10Q-N0VYH-DZAPL-2BWCE
 
Tool Versions:
Toolchain:       MDK-ARM Plus  Version: 5.37.0.0
Toolchain Path:  D:\stm32\ARM\ARM_Compiler_5.06u7\ARM\ARMCLANG\Bin
C Compiler:      ArmClang.exe V6.18
Assembler:       Armasm.exe V6.18
Linker/Locator:  ArmLink.exe V6.18
Library Manager: ArmAr.exe V6.18
Hex Converter:   FromElf.exe V6.18
CPU DLL:         SARMCM3.DLL V5.37.0.0
Dialog DLL:      DCM.DLL V1.17.5.0
Target DLL:      STLink\ST-LINKIII-KEIL_SWO.dll V3.0.9.0
Dialog DLL:      TCM.DLL V1.56.1.0
 
<h2>Project:</h2>
D:\stm32\Project_keil\ServoTest_FreeRtos_F407ZGT6\MDK-ARM\ServoTest_FreeRtos_F407ZGT6.uvprojx
Project File Date:  05/04/2025

<h2>Output:</h2>
*** Using Compiler 'V6.18', folder: 'D:\stm32\ARM\ARM_Compiler_5.06u7\ARM\ARMCLANG\Bin'
Build target 'ServoTest_FreeRtos_F407ZGT6'
assembling startup_stm32f407xx.s...
compiling stm32f4xx_hal_rcc_ex.c...
compiling CallBack.c...
compiling freertos.c...
compiling main.c...
compiling tim.c...
compiling stm32f4xx_it.c...
compiling stm32f4xx_hal_timebase_tim.c...
compiling stm32f4xx_hal_msp.c...
compiling stm32f4xx_hal_rcc.c...
compiling stm32f4xx_hal_gpio.c...
compiling stm32f4xx_hal_flash_ex.c...
compiling list.c...
compiling event_groups.c...
compiling croutine.c...
compiling stm32f4xx_hal_tim_ex.c...
compiling stm32f4xx_hal_flash.c...
compiling usart.c...
compiling stm32f4xx_hal_flash_ramfunc.c...
compiling stream_buffer.c...
compiling dma.c...
compiling stm32f4xx_hal_pwr.c...
compiling stm32f4xx_hal_dma.c...
compiling stm32f4xx_hal.c...
compiling gpio.c...
compiling stm32f4xx_hal_pwr_ex.c...
compiling system_stm32f4xx.c...
compiling timers.c...
compiling queue.c...
compiling stm32f4xx_hal_exti.c...
compiling stm32f4xx_hal_dma_ex.c...
compiling stm32f4xx_hal_cortex.c...
compiling heap_4.c...
compiling tasks.c...
compiling stm32f4xx_hal_uart.c...
compiling cmsis_os2.c...
compiling port.c...
compiling stm32f4xx_hal_tim.c...
compiling Motor.c...
compiling VOFA.c...
compiling Uart_DMA.c...
compiling pid.c...
compiling Chassis.c...
compiling VOFA_Task.c...
compiling Motor_Task.c...
compiling Gyro_Task.c...
compiling Chassis_Task.c...
compiling Cmd_Task.c...
linking...
Program Size: Code=59396 RO-data=1260 RW-data=628 ZI-data=23996  
FromELF: creating hex file...
"ServoTest_FreeRtos_F407ZGT6\ServoTest_FreeRtos_F407ZGT6.axf" - 0 Error(s), 0 Warning(s).

<h2>Software Packages used:</h2>

Package Vendor: ARM
                http://www.keil.com/pack/ARM.CMSIS.5.9.0.pack
                ARM.CMSIS.5.9.0
                CMSIS (Common Microcontroller Software Interface Standard)
   * Component: CORE Version: 5.6.0

Package Vendor: Keil
                https://www.keil.com/pack/Keil.STM32F4xx_DFP.2.17.1.pack
                Keil.STM32F4xx_DFP.2.17.1
                STMicroelectronics STM32F4 Series Device Support, Drivers and Examples

<h2>Collection of Component include folders:</h2>
  ./RTE/_ServoTest_FreeRtos_F407ZGT6
  C:/Users/23763/AppData/Local/Arm/Packs/ARM/CMSIS/5.9.0/CMSIS/Core/Include
  C:/Users/23763/AppData/Local/Arm/Packs/Keil/STM32F4xx_DFP/2.17.1/Drivers/CMSIS/Device/ST/STM32F4xx/Include

<h2>Collection of Component Files used:</h2>

   * Component: ARM::CMSIS:CORE:5.6.0
      Include file:  CMSIS/Core/Include/tz_context.h
Build Time Elapsed:  00:00:06
</pre>
</body>
</html>
