Component: Arm Compiler for Embedded 6.18 Tool: armlink [5e4cc100]

==============================================================================

Section Cross References

    startup_stm32f407xx.o(STACK) refers (Special) to heapauxi.o(.text) for __use_two_region_memory
    startup_stm32f407xx.o(HEAP) refers (Special) to heapauxi.o(.text) for __use_two_region_memory
    startup_stm32f407xx.o(RESET) refers (Special) to heapauxi.o(.text) for __use_two_region_memory
    startup_stm32f407xx.o(RESET) refers to startup_stm32f407xx.o(STACK) for __initial_sp
    startup_stm32f407xx.o(RESET) refers to startup_stm32f407xx.o(.text) for Reset_Handler
    startup_stm32f407xx.o(RESET) refers to stm32f4xx_it.o(.text.NMI_Handler) for NMI_Handler
    startup_stm32f407xx.o(RESET) refers to stm32f4xx_it.o(.text.HardFault_Handler) for HardFault_Handler
    startup_stm32f407xx.o(RESET) refers to stm32f4xx_it.o(.text.MemManage_Handler) for MemManage_Handler
    startup_stm32f407xx.o(RESET) refers to stm32f4xx_it.o(.text.BusFault_Handler) for BusFault_Handler
    startup_stm32f407xx.o(RESET) refers to stm32f4xx_it.o(.text.UsageFault_Handler) for UsageFault_Handler
    startup_stm32f407xx.o(RESET) refers to port.o(.text.SVC_Handler) for SVC_Handler
    startup_stm32f407xx.o(RESET) refers to stm32f4xx_it.o(.text.DebugMon_Handler) for DebugMon_Handler
    startup_stm32f407xx.o(RESET) refers to port.o(.text.PendSV_Handler) for PendSV_Handler
    startup_stm32f407xx.o(RESET) refers to cmsis_os2.o(.text.SysTick_Handler) for SysTick_Handler
    startup_stm32f407xx.o(RESET) refers to stm32f4xx_it.o(.text.DMA1_Stream0_IRQHandler) for DMA1_Stream0_IRQHandler
    startup_stm32f407xx.o(RESET) refers to stm32f4xx_it.o(.text.USART1_IRQHandler) for USART1_IRQHandler
    startup_stm32f407xx.o(RESET) refers to stm32f4xx_it.o(.text.DMA1_Stream7_IRQHandler) for DMA1_Stream7_IRQHandler
    startup_stm32f407xx.o(RESET) refers to stm32f4xx_it.o(.text.TIM5_IRQHandler) for TIM5_IRQHandler
    startup_stm32f407xx.o(RESET) refers to stm32f4xx_it.o(.text.UART5_IRQHandler) for UART5_IRQHandler
    startup_stm32f407xx.o(RESET) refers to stm32f4xx_it.o(.text.TIM6_DAC_IRQHandler) for TIM6_DAC_IRQHandler
    startup_stm32f407xx.o(RESET) refers to stm32f4xx_it.o(.text.DMA2_Stream2_IRQHandler) for DMA2_Stream2_IRQHandler
    startup_stm32f407xx.o(RESET) refers to stm32f4xx_it.o(.text.DMA2_Stream7_IRQHandler) for DMA2_Stream7_IRQHandler
    startup_stm32f407xx.o(.text) refers (Special) to heapauxi.o(.text) for __use_two_region_memory
    startup_stm32f407xx.o(.text) refers to system_stm32f4xx.o(.text.SystemInit) for SystemInit
    startup_stm32f407xx.o(.text) refers to __main.o(!!!main) for __main
    startup_stm32f407xx.o(.text) refers to startup_stm32f407xx.o(HEAP) for Heap_Mem
    startup_stm32f407xx.o(.text) refers to startup_stm32f407xx.o(STACK) for Stack_Mem
    callback.o(.text.HAL_UART_TxCpltCallback) refers to usart.o(.bss.huart1) for huart1
    callback.o(.text.HAL_UART_TxCpltCallback) refers to vofa.o(.bss.uartToVOFA) for uartToVOFA
    callback.o(.text.HAL_UART_TxCpltCallback) refers to uart_dma.o(.text.TxCallBack_DoubleBufferUartDMA) for TxCallBack_DoubleBufferUartDMA
    callback.o(.ARM.exidx.text.HAL_UART_TxCpltCallback) refers to callback.o(.text.HAL_UART_TxCpltCallback) for [Anonymous Symbol]
    callback.o(.text.HAL_UARTEx_RxEventCallback) refers to usart.o(.bss.huart1) for huart1
    callback.o(.text.HAL_UARTEx_RxEventCallback) refers to vofa_task.o(.bss.VOFA_RxCallBack_TaskHandle) for VOFA_RxCallBack_TaskHandle
    callback.o(.text.HAL_UARTEx_RxEventCallback) refers to tasks.o(.text.vTaskNotifyGiveFromISR) for vTaskNotifyGiveFromISR
    callback.o(.ARM.exidx.text.HAL_UARTEx_RxEventCallback) refers to callback.o(.text.HAL_UARTEx_RxEventCallback) for [Anonymous Symbol]
    callback.o(.text.HAL_UART_RxCpltCallback) refers to usart.o(.bss.huart5) for huart5
    callback.o(.text.HAL_UART_RxCpltCallback) refers to gyro_task.o(.bss.Gyro_TaskHandle) for Gyro_TaskHandle
    callback.o(.text.HAL_UART_RxCpltCallback) refers to tasks.o(.text.vTaskNotifyGiveFromISR) for vTaskNotifyGiveFromISR
    callback.o(.ARM.exidx.text.HAL_UART_RxCpltCallback) refers to callback.o(.text.HAL_UART_RxCpltCallback) for [Anonymous Symbol]
    main.o(.text.main) refers to stm32f4xx_hal.o(.text.HAL_Init) for HAL_Init
    main.o(.text.main) refers to main.o(.text.SystemClock_Config) for SystemClock_Config
    main.o(.text.main) refers to gpio.o(.text.MX_GPIO_Init) for MX_GPIO_Init
    main.o(.text.main) refers to dma.o(.text.MX_DMA_Init) for MX_DMA_Init
    main.o(.text.main) refers to tim.o(.text.MX_TIM2_Init) for MX_TIM2_Init
    main.o(.text.main) refers to usart.o(.text.MX_USART1_UART_Init) for MX_USART1_UART_Init
    main.o(.text.main) refers to tim.o(.text.MX_TIM5_Init) for MX_TIM5_Init
    main.o(.text.main) refers to tim.o(.text.MX_TIM1_Init) for MX_TIM1_Init
    main.o(.text.main) refers to tim.o(.text.MX_TIM3_Init) for MX_TIM3_Init
[...]
    HAL_TIM_PWM_MspInit                      0x080040fd   Thumb Code    54  tim.o(.text.HAL_TIM_PWM_MspInit)
    HAL_TIM_PWM_PulseFinishedCallback        0x08004135   Thumb Code     2  stm32f4xx_hal_tim.o(.text.HAL_TIM_PWM_PulseFinishedCallback)
    HAL_TIM_PWM_Start                        0x08004139   Thumb Code   274  stm32f4xx_hal_tim.o(.text.HAL_TIM_PWM_Start)
    HAL_TIM_PeriodElapsedCallback            0x0800424d   Thumb Code    20  main.o(.text.HAL_TIM_PeriodElapsedCallback)
    HAL_TIM_TriggerCallback                  0x08004261   Thumb Code     2  stm32f4xx_hal_tim.o(.text.HAL_TIM_TriggerCallback)
    HAL_UARTEx_ReceiveToIdle_DMA             0x08004265   Thumb Code   486  stm32f4xx_hal_uart.o(.text.HAL_UARTEx_ReceiveToIdle_DMA)
    HAL_UARTEx_RxEventCallback               0x0800444d   Thumb Code    72  callback.o(.text.HAL_UARTEx_RxEventCallback)
    HAL_UART_ErrorCallback                   0x08004495   Thumb Code     2  stm32f4xx_hal_uart.o(.text.HAL_UART_ErrorCallback)
    HAL_UART_IRQHandler                      0x08004499   Thumb Code  1380  stm32f4xx_hal_uart.o(.text.HAL_UART_IRQHandler)
    HAL_UART_Init                            0x080049fd   Thumb Code    96  stm32f4xx_hal_uart.o(.text.HAL_UART_Init)
    HAL_UART_MspInit                         0x08004a5d   Thumb Code   534  usart.o(.text.HAL_UART_MspInit)
    HAL_UART_Receive_DMA                     0x08004c75   Thumb Code   352  stm32f4xx_hal_uart.o(.text.HAL_UART_Receive_DMA)
    HAL_UART_RxCpltCallback                  0x08004dd5   Thumb Code    72  callback.o(.text.HAL_UART_RxCpltCallback)
    HAL_UART_RxHalfCpltCallback              0x08004e1d   Thumb Code     2  stm32f4xx_hal_uart.o(.text.HAL_UART_RxHalfCpltCallback)
    HAL_UART_Transmit_DMA                    0x08004e21   Thumb Code   200  stm32f4xx_hal_uart.o(.text.HAL_UART_Transmit_DMA)
    HAL_UART_TxCpltCallback                  0x08004ee9   Thumb Code    26  callback.o(.text.HAL_UART_TxCpltCallback)
    HAL_UART_TxHalfCpltCallback              0x08004f05   Thumb Code     2  stm32f4xx_hal_uart.o(.text.HAL_UART_TxHalfCpltCallback)
    HardFault_Handler                        0x08004f09   Thumb Code     2  stm32f4xx_it.o(.text.HardFault_Handler)
    MX_DMA_Init                              0x08004f0d   Thumb Code   124  dma.o(.text.MX_DMA_Init)
    MX_FREERTOS_Init                         0x08004f89   Thumb Code   340  freertos.o(.text.MX_FREERTOS_Init)
    MX_GPIO_Init                             0x0800513d   Thumb Code   242  gpio.o(.text.MX_GPIO_Init)
    MX_TIM1_Init                             0x08005231   Thumb Code   338  tim.o(.text.MX_TIM1_Init)
    MX_TIM2_Init                             0x08005385   Thumb Code   100  tim.o(.text.MX_TIM2_Init)
    MX_TIM3_Init                             0x080053e9   Thumb Code   104  tim.o(.text.MX_TIM3_Init)
    MX_TIM4_Init                             0x08005451   Thumb Code   104  tim.o(.text.MX_TIM4_Init)
    MX_TIM5_Init                             0x080054b9   Thumb Code   116  tim.o(.text.MX_TIM5_Init)
    MX_TIM8_Init                             0x0800552d   Thumb Code   110  tim.o(.text.MX_TIM8_Init)
    MX_UART5_Init                            0x0800559d   Thumb Code    60  usart.o(.text.MX_UART5_Init)
    MX_USART1_UART_Init                      0x080055d9   Thumb Code    60  usart.o(.text.MX_USART1_UART_Init)
    MemManage_Handler                        0x08005615   Thumb Code     2  stm32f4xx_it.o(.text.MemManage_Handler)
    Moto1_Task                               0x08005619   Thumb Code   264  motor_task.o(.text.Moto1_Task)
    Moto2_Task                               0x08005721   Thumb Code   272  motor_task.o(.text.Moto2_Task)
    Moto3_Task                               0x08005831   Thumb Code   272  motor_task.o(.text.Moto3_Task)
    Moto4_Task                               0x08005941   Thumb Code   272  motor_task.o(.text.Moto4_Task)
    MotorPIDTest_Task                        0x08005a51   Thumb Code    22  motor_task.o(.text.MotorPIDTest_Task)
    Motor_Init                               0x08005a69   Thumb Code    62  motor.o(.text.Motor_Init)
    NMI_Handler                              0x08005aa9   Thumb Code     2  stm32f4xx_it.o(.text.NMI_Handler)
    PIDCompute                               0x08005ab1   Thumb Code   560  pid.o(.text.PIDCompute)
    PIDSetSpeed                              0x08005ce1   Thumb Code    80  motor.o(.text.PIDSetSpeed)
    PID_Init                                 0x08005d31   Thumb Code   114  pid.o(.text.PID_Init)
    PID_SetDeadBand                          0x08005da5   Thumb Code    22  pid.o(.text.PID_SetDeadBand)
    PID_SetIntegralLimits                    0x08005dbd   Thumb Code    26  pid.o(.text.PID_SetIntegralLimits)
    PID_SetIntegralSeparationThreshold       0x08005dd9   Thumb Code    22  pid.o(.text.PID_SetIntegralSeparationThreshold)
    PID_SetMode                              0x08005df1   Thumb Code    38  pid.o(.text.PID_SetMode)
    PID_SetOutputLimits                      0x08005e19   Thumb Code    26  pid.o(.text.PID_SetOutputLimits)
    PID_SetSampleTime                        0x08005e35   Thumb Code    74  pid.o(.text.PID_SetSampleTime)
    PendSV_Handler                           0x08005e81   Thumb Code   100  port.o(.text.PendSV_Handler)
    SVC_Handler                              0x08005ef1   Thumb Code    36  port.o(.text.SVC_Handler)
    SetSpeed                                 0x08005f15   Thumb Code   208  motor.o(.text.SetSpeed)
    StartDefaultTask                         0x08005fe5   Thumb Code     8  freertos.o(.text.StartDefaultTask)
    SysTick_Handler                          0x08005fed   Thumb Code    30  cmsis_os2.o(.text.SysTick_Handler)
    SystemClock_Config                       0x0800600d   Thumb Code   168  main.o(.text.SystemClock_Config)
    SystemInit                               0x080060b5   Thumb Code    18  system_stm32f4xx.o(.text.SystemInit)
    TIM5_IRQHandler                          0x080060c9   Thumb Code    12  stm32f4xx_it.o(.text.TIM5_IRQHandler)
    TIM6_DAC_IRQHandler                      0x080060d5   Thumb Code    12  stm32f4xx_it.o(.text.TIM6_DAC_IRQHandler)
    TIM_Base_SetConfig                       0x080060e1   Thumb Code   332  stm32f4xx_hal_tim.o(.text.TIM_Base_SetConfig)
    TxCallBack_DoubleBufferUartDMA           0x0800622d   Thumb Code    46  uart_dma.o(.text.TxCallBack_DoubleBufferUartDMA)
    UART5_IRQHandler                         0x0800625d   Thumb Code    12  stm32f4xx_it.o(.text.UART5_IRQHandler)
    USART1_IRQHandler                        0x08006805   Thumb Code    12  stm32f4xx_it.o(.text.USART1_IRQHandler)
    UsageFault_Handler                       0x08006811   Thumb Code     2  stm32f4xx_it.o(.text.UsageFault_Handler)
    VOFA_Init                                0x08006815   Thumb Code    76  vofa.o(.text.VOFA_Init)
    VOFA_RxCallBack                          0x08006861   Thumb Code   180  vofa.o(.text.VOFA_RxCallBack)
    VOFA_RxCallBack_Task                     0x0800691d   Thumb Code    26  vofa_task.o(.text.VOFA_RxCallBack_Task)
    VOFA_SendFireWater                       0x08006939   Thumb Code    60  vofa.o(.text.VOFA_SendFireWater)
    VOFA_Task                                0x08006975   Thumb Code    64  vofa_task.o(.text.VOFA_Task)
    main                                     0x080069c1   Thumb Code    62  main.o(.text.main)
    osDelay                                  0x08006a01   Thumb Code    32  cmsis_os2.o(.text.osDelay)
    osKernelInitialize                       0x08006a21   Thumb Code    40  cmsis_os2.o(.text.osKernelInitialize)
    osKernelStart                            0x08006a49   Thumb Code    60  cmsis_os2.o(.text.osKernelStart)
    osThreadNew                              0x08006a85   Thumb Code   156  cmsis_os2.o(.text.osThreadNew)
    pvPortMalloc                             0x080073c5   Thumb Code   522  heap_4.o(.text.pvPortMalloc)
    pxPortInitialiseStack                    0x080075d1   Thumb Code    40  port.o(.text.pxPortInitialiseStack)
    ulTaskNotifyTake                         0x080075f9   Thumb Code   172  tasks.o(.text.ulTaskNotifyTake)
    uxListRemove                             0x080076a5   Thumb Code    36  list.o(.text.uxListRemove)
    vApplicationGetIdleTaskMemory            0x080076c9   Thumb Code    26  cmsis_os2.o(.text.vApplicationGetIdleTaskMemory)
    vApplicationGetTimerTaskMemory           0x080076e5   Thumb Code    28  cmsis_os2.o(.text.vApplicationGetTimerTaskMemory)
    vListInitialise                          0x08007701   Thumb Code    22  list.o(.text.vListInitialise)
    vListInitialiseItem                      0x08007719   Thumb Code     6  list.o(.text.vListInitialiseItem)
    vListInsert                              0x08007721   Thumb Code    98  list.o(.text.vListInsert)
    vListInsertEnd                           0x08007785   Thumb Code    28  list.o(.text.vListInsertEnd)
    vPortEnterCritical                       0x080077b5   Thumb Code    70  port.o(.text.vPortEnterCritical)
    vPortExitCritical                        0x080077fd   Thumb Code    46  port.o(.text.vPortExitCritical)
    vPortFree                                0x0800782d   Thumb Code   212  heap_4.o(.text.vPortFree)
    vPortSetupTimerInterrupt                 0x08007901   Thumb Code    52  port.o(.text.vPortSetupTimerInterrupt)
    vPortValidateInterruptPriority           0x08007935   Thumb Code    94  port.o(.text.vPortValidateInterruptPriority)
    vQueueAddToRegistry                      0x08007995   Thumb Code   176  queue.o(.text.vQueueAddToRegistry)
    vQueueWaitForMessageRestricted           0x08007a45   Thumb Code    82  queue.o(.text.vQueueWaitForMessageRestricted)
    vTaskDelay                               0x08007a99   Thumb Code   128  tasks.o(.text.vTaskDelay)
    vTaskDelayUntil                          0x08007b19   Thumb Code   204  tasks.o(.text.vTaskDelayUntil)
    vTaskInternalSetTimeOutState             0x08007be5   Thumb Code    18  tasks.o(.text.vTaskInternalSetTimeOutState)
    vTaskMissedYield                         0x08007bf9   Thumb Code    14  tasks.o(.text.vTaskMissedYield)
    vTaskNotifyGiveFromISR                   0x08007c09   Thumb Code   196  tasks.o(.text.vTaskNotifyGiveFromISR)
    vTaskPlaceOnEventList                    0x08007ccd   Thumb Code   116  tasks.o(.text.vTaskPlaceOnEventList)
    vTaskPlaceOnEventListRestricted          0x08007d41   Thumb Code   122  tasks.o(.text.vTaskPlaceOnEventListRestricted)
    vTaskStartScheduler                      0x08007dbd   Thumb Code   232  tasks.o(.text.vTaskStartScheduler)
    vTaskSuspendAll                          0x08007ead   Thumb Code    16  tasks.o(.text.vTaskSuspendAll)
    vTaskSwitchContext                       0x08007ebd   Thumb Code   188  tasks.o(.text.vTaskSwitchContext)
    xPortStartScheduler                      0x08007f79   Thumb Code   388  port.o(.text.xPortStartScheduler)
    xPortSysTickHandler                      0x080080fd   Thumb Code    46  port.o(.text.xPortSysTickHandler)
    xQueueGenericCreateStatic                0x0800812d   Thumb Code   222  queue.o(.text.xQueueGenericCreateStatic)
    xQueueGenericSend                        0x0800820d   Thumb Code   554  queue.o(.text.xQueueGenericSend)
    xQueueReceive                            0x08008439   Thumb Code   426  queue.o(.text.xQueueReceive)
    xTaskCheckForTimeOut                     0x080085e5   Thumb Code   162  tasks.o(.text.xTaskCheckForTimeOut)
    xTaskCreate                              0x08008689   Thumb Code    96  tasks.o(.text.xTaskCreate)
    xTaskCreateStatic                        0x080086e9   Thumb Code   118  tasks.o(.text.xTaskCreateStatic)
    xTaskGetSchedulerState                   0x08008761   Thumb Code    30  tasks.o(.text.xTaskGetSchedulerState)
    xTaskGetTickCount                        0x08008781   Thumb Code    12  tasks.o(.text.xTaskGetTickCount)
    xTaskIncrementTick                       0x0800878d   Thumb Code   260  tasks.o(.text.xTaskIncrementTick)
    xTaskPriorityDisinherit                  0x08008891   Thumb Code   138  tasks.o(.text.xTaskPriorityDisinherit)
    xTaskRemoveFromEventList                 0x0800891d   Thumb Code   114  tasks.o(.text.xTaskRemoveFromEventList)
    xTaskResumeAll                           0x08008991   Thumb Code   238  tasks.o(.text.xTaskResumeAll)
    xTimerCreateTimerTask                    0x08008a81   Thumb Code   172  timers.o(.text.xTimerCreateTimerTask)
    _btod_d2e                                0x08008b35   Thumb Code    62  btod.o(CL$$btod_d2e)
    _d2e_denorm_low                          0x08008b73   Thumb Code    70  btod.o(CL$$btod_d2e_denorm_low)
    _d2e_norm_op1                            0x08008bb9   Thumb Code    96  btod.o(CL$$btod_d2e_norm_op1)
    __btod_div_common                        0x08008c19   Thumb Code   696  btod.o(CL$$btod_div_common)
    _e2d                                     0x08008f51   Thumb Code   122  btod.o(CL$$btod_e2d)
    _e2e                                     0x08008fd5   Thumb Code   220  btod.o(CL$$btod_e2e)
    _btod_ediv                               0x080090b1   Thumb Code    42  btod.o(CL$$btod_ediv)
    _btod_edivd                              0x080090db   Thumb Code    42  btod.o(CL$$btod_edivd)
    _btod_emul                               0x08009105   Thumb Code    42  btod.o(CL$$btod_emul)
    _btod_emuld                              0x0800912f   Thumb Code    42  btod.o(CL$$btod_emuld)
    __btod_mult_common                       0x08009159   Thumb Code   580  btod.o(CL$$btod_mult_common)
    __ARM_fpclassify                         0x0800939d   Thumb Code    48  fpclassify.o(i.__ARM_fpclassify)
    __hardfp___mathlib_tofloat               0x080093d1   Thumb Code   232  narrow.o(i.__hardfp___mathlib_tofloat)
    __hardfp_ldexp                           0x080094c9   Thumb Code   200  ldexp.o(i.__hardfp_ldexp)
    __mathlib_dbl_overflow                   0x08009599   Thumb Code    24  dunder.o(i.__mathlib_dbl_overflow)
    __mathlib_dbl_underflow                  0x080095b9   Thumb Code    24  dunder.o(i.__mathlib_dbl_underflow)
    __mathlib_narrow                         0x080095d9   Thumb Code    18  narrow.o(i.__mathlib_narrow)
    __support_ldexp                          0x080095eb   Thumb Code    20  ldexp.o(i.__support_ldexp)
    _is_digit                                0x080095ff   Thumb Code    14  __printf_wp.o(i._is_digit)
    frexp                                    0x08009611   Thumb Code   118  frexp.o(i.frexp)
    _get_lc_numeric                          0x0800969d   Thumb Code    44  lc_numeric_c.o(locale$$code)
    _get_lc_ctype                            0x080096c9   Thumb Code    44  lc_ctype_c.o(locale$$code)
    __aeabi_d2f                              0x080096f5   Thumb Code     0  d2f.o(x$fpl$d2f)
    _d2f                                     0x080096f5   Thumb Code    98  d2f.o(x$fpl$d2f)
    __aeabi_dadd                             0x08009759   Thumb Code     0  daddsub_clz.o(x$fpl$dadd)
    _dadd                                    0x08009759   Thumb Code   332  daddsub_clz.o(x$fpl$dadd)
    __fpl_dcheck_NaN1                        0x080098a9   Thumb Code    10  dcheck1.o(x$fpl$dcheck1)
    __fpl_dcmp_Inf                           0x080098b9   Thumb Code    24  dcmpi.o(x$fpl$dcmpinf)
    __aeabi_ddiv                             0x080098d1   Thumb Code     0  ddiv.o(x$fpl$ddiv)
    _ddiv                                    0x080098d1   Thumb Code   556  ddiv.o(x$fpl$ddiv)
    __aeabi_cdcmpeq                          0x08009b85   Thumb Code     0  deqf.o(x$fpl$deqf)
    _dcmpeq                                  0x08009b85   Thumb Code   120  deqf.o(x$fpl$deqf)
    __aeabi_i2d                              0x08009bfd   Thumb Code     0  dflt_clz.o(x$fpl$dflt)
    _dflt                                    0x08009bfd   Thumb Code    46  dflt_clz.o(x$fpl$dflt)
    __aeabi_cdcmple                          0x08009c2d   Thumb Code     0  dleqf.o(x$fpl$dleqf)
    _dcmple                                  0x08009c2d   Thumb Code   120  dleqf.o(x$fpl$dleqf)
    __fpl_dcmple_InfNaN                      0x08009c8f   Thumb Code     0  dleqf.o(x$fpl$dleqf)
    __aeabi_dmul                             0x08009ca5   Thumb Code     0  dmul.o(x$fpl$dmul)
    _dmul                                    0x08009ca5   Thumb Code   332  dmul.o(x$fpl$dmul)
    __fpl_dnaninf                            0x08009df9   Thumb Code   156  dnaninf.o(x$fpl$dnaninf)
    __fpl_dretinf                            0x08009e95   Thumb Code    12  dretinf.o(x$fpl$dretinf)
    __aeabi_cdrcmple                         0x08009ea1   Thumb Code     0  drleqf.o(x$fpl$drleqf)
    _drcmple                                 0x08009ea1   Thumb Code   108  drleqf.o(x$fpl$drleqf)
    __aeabi_dsub                             0x08009f0d   Thumb Code     0  daddsub_clz.o(x$fpl$dsub)
    _dsub                                    0x08009f0d   Thumb Code   472  daddsub_clz.o(x$fpl$dsub)
    __aeabi_f2d                              0x0800a0e9   Thumb Code     0  f2d.o(x$fpl$f2d)
    _f2d                                     0x0800a0e9   Thumb Code    86  f2d.o(x$fpl$f2d)
    __fpl_fnaninf                            0x0800a13f   Thumb Code   140  fnaninf.o(x$fpl$fnaninf)
    _fp_init                                 0x0800a1cb   Thumb Code    26  fpinit.o(x$fpl$fpinit)
    __fplib_config_fpu_vfp                   0x0800a1e3   Thumb Code     0  fpinit.o(x$fpl$fpinit)
    __fplib_config_pureend_doubles           0x0800a1e3   Thumb Code     0  fpinit.o(x$fpl$fpinit)
    __fpl_fretinf                            0x0800a1e5   Thumb Code    10  fretinf.o(x$fpl$fretinf)
    __ieee_status                            0x0800a1ef   Thumb Code     6  istatus.o(x$fpl$ieeestatus)
    _printf_fp_dec                           0x0800a1f5   Thumb Code     4  printf1.o(x$fpl$printf1)
    _printf_fp_hex                           0x0800a1f9   Thumb Code     4  printf2.o(x$fpl$printf2)
    __fpl_return_NaN                         0x0800a1fd   Thumb Code   100  retnan.o(x$fpl$retnan)
    __ARM_scalbn                             0x0800a261   Thumb Code    92  scalbn.o(x$fpl$scalbn)
    _scanf_real                              0x0800a2bd   Thumb Code     4  scanf1.o(x$fpl$scanf1)
    _scanf_hex_real                          0x0800a2c1   Thumb Code     4  scanf2.o(x$fpl$scanf2)
    _scanf_infnan                            0x0800a2c5   Thumb Code     4  scanf2.o(x$fpl$scanf2)
    __fpl_cmpreturn                          0x0800a2c9   Thumb Code    48  trapv.o(x$fpl$trapveneer)
    __I$use$fp                               0x0800a2f8   Number         0  usenofp.o(x$fpl$usenofp)
    AHBPrescTable                            0x0800a3f4   Data          16  system_stm32f4xx.o(.rodata.AHBPrescTable)
    APBPrescTable                            0x0800a404   Data           8  system_stm32f4xx.o(.rodata.APBPrescTable)
    defaultTask_attributes                   0x0800a414   Data          36  freertos.o(.rodata.defaultTask_attributes)
    Region$$Table$$Base                      0x0800a454   Number         0  anon$$obj.o(Region$$Table)
    Region$$Table$$Limit                     0x0800a474   Number         0  anon$$obj.o(Region$$Table)
    __aeabi_HUGE_VAL                         0x0800a474   Data           0  fpconst.o(c$$dinf)
    __aeabi_HUGE_VALL                        0x0800a474   Data           0  fpconst.o(c$$dinf)
    __aeabi_INFINITY                         0x0800a474   Data           0  fpconst.o(c$$dinf)
    __dInf                                   0x0800a474   Data           0  fpconst.o(c$$dinf)
    __huge_val                               0x0800a474   Data           0  fpconst.o(c$$dinf)
    __dbl_max                                0x0800a47c   Data           0  fpconst.o(c$$dmax)
    __ctype                                  0x0800a4ad   Data           0  lc_ctype_c.o(locale$$data)
    uwTickFreq                               0x20000000   Data           1  stm32f4xx_hal.o(.data..L_MergedGlobals)
    uwTickPrio                               0x20000004   Data           4  stm32f4xx_hal.o(.data..L_MergedGlobals)
    SystemCoreClock                          0x20000008   Data           4  system_stm32f4xx.o(.data.SystemCoreClock)
    motor1                                   0x2000000c   Data          44  motor_task.o(.data.motor1)
    motor2                                   0x20000038   Data          44  motor_task.o(.data.motor2)
    motor3                                   0x20000064   Data          44  motor_task.o(.data.motor3)
    motor4                                   0x20000090   Data          44  motor_task.o(.data.motor4)
    __libspace_start                         0x200000c0   Data          96  libspace.o(.bss)
    __temporary_stack_top$libspace           0x20000120   Data           0  libspace.o(.bss)
    pxCurrentTCB                             0x20000120   Data           4  tasks.o(.bss..L_MergedGlobals)
    chassisSpeed                             0x200001fc   Data           8  chassis.o(.bss..L_MergedGlobals)
    chassisDistance                          0x20000204   Data           8  chassis.o(.bss..L_MergedGlobals)
    wheelSpeed                               0x2000020c   Data          16  chassis.o(.bss..L_MergedGlobals)
    targetSpeed1                             0x2000021c   Data           4  motor_task.o(.bss..L_MergedGlobals)
    targetSpeed2                             0x20000220   Data           4  motor_task.o(.bss..L_MergedGlobals)
    targetSpeed3                             0x20000224   Data           4  motor_task.o(.bss..L_MergedGlobals)
    targetSpeed4                             0x20000228   Data           4  motor_task.o(.bss..L_MergedGlobals)
    position1                                0x2000022c   Data           4  motor_task.o(.bss..L_MergedGlobals)
    position2                                0x20000230   Data           4  motor_task.o(.bss..L_MergedGlobals)
    position3                                0x20000234   Data           4  motor_task.o(.bss..L_MergedGlobals)
    position4                                0x20000238   Data           4  motor_task.o(.bss..L_MergedGlobals)
    roll                                     0x2000023c   Data           2  gyro_task.o(.bss..L_MergedGlobals)
    pitch                                    0x2000023e   Data           2  gyro_task.o(.bss..L_MergedGlobals)
    yaw                                      0x20000240   Data           2  gyro_task.o(.bss..L_MergedGlobals)
    Chassis_TaskHandle                       0x2000026c   Data           4  chassis_task.o(.bss.Chassis_TaskHandle)
    Gyro_TaskHandle                          0x20000270   Data           4  gyro_task.o(.bss.Gyro_TaskHandle)
    Motor1_TaskHandle                        0x20000278   Data           4  motor_task.o(.bss.Motor1_TaskHandle)
    Motor2_TaskHandle                        0x2000027c   Data           4  motor_task.o(.bss.Motor2_TaskHandle)
    Motor3_TaskHandle                        0x20000280   Data           4  motor_task.o(.bss.Motor3_TaskHandle)
    Motor4_TaskHandle                        0x20000284   Data           4  motor_task.o(.bss.Motor4_TaskHandle)
    MotorPIDTest_TaskHandle                  0x20000288   Data           4  motor_task.o(.bss.MotorPIDTest_TaskHandle)
    VOFA_RxCallBack_TaskHandle               0x2000028c   Data           4  vofa_task.o(.bss.VOFA_RxCallBack_TaskHandle)
    VOFA_TaskHandle                          0x20000290   Data           4  vofa_task.o(.bss.VOFA_TaskHandle)
    ctrledDataList                           0x20000294   Data         768  vofa.o(.bss.ctrledDataList)
    defaultTaskHandle                        0x20000594   Data           4  freertos.o(.bss.defaultTaskHandle)
    hdma_uart5_rx                            0x20000598   Data          96  usart.o(.bss.hdma_uart5_rx)
    hdma_uart5_tx                            0x200005f8   Data          96  usart.o(.bss.hdma_uart5_tx)
    hdma_usart1_rx                           0x20000658   Data          96  usart.o(.bss.hdma_usart1_rx)
    hdma_usart1_tx                           0x200006b8   Data          96  usart.o(.bss.hdma_usart1_tx)
    htim1                                    0x20000718   Data          72  tim.o(.bss.htim1)
    htim2                                    0x20000760   Data          72  tim.o(.bss.htim2)
    htim3                                    0x200007a8   Data          72  tim.o(.bss.htim3)
    htim4                                    0x200007f0   Data          72  tim.o(.bss.htim4)
    htim5                                    0x20000838   Data          72  tim.o(.bss.htim5)
    htim6                                    0x20000880   Data          72  stm32f4xx_hal_timebase_tim.o(.bss.htim6)
    htim8                                    0x200008c8   Data          72  tim.o(.bss.htim8)
    huart1                                   0x20000910   Data          72  usart.o(.bss.huart1)
    huart5                                   0x20000958   Data          72  usart.o(.bss.huart5)
    positionPidForX                          0x200009a0   Data          84  chassis_task.o(.bss.positionPidForX)
    receiveData                              0x20000f44   Data         128  gyro_task.o(.bss.receiveData)
    rxBuffer_VOFA                            0x20000fc4   Data         128  vofa.o(.bss.rxBuffer_VOFA)
    speedPidForMotor1                        0x20001044   Data          84  motor_task.o(.bss.speedPidForMotor1)
    speedPidForMotor2                        0x20001098   Data          84  motor_task.o(.bss.speedPidForMotor2)
    speedPidForMotor3                        0x200010ec   Data          84  motor_task.o(.bss.speedPidForMotor3)
    speedPidForMotor4                        0x20001140   Data          84  motor_task.o(.bss.speedPidForMotor4)
    uartToVOFA                               0x20001194   Data         276  vofa.o(.bss.uartToVOFA)
    uwTick                                   0x20004ea8   Data           4  stm32f4xx_hal.o(.bss.uwTick)
    xQueueRegistry                           0x20005564   Data          64  queue.o(.bss.xQueueRegistry)



==============================================================================

Memory Map of the image

  Image Entry point : 0x08000189

  Load Region LR_IROM1 (Base: 0x08000000, Size: 0x0000a670, Max: 0x00100000, ABSOLUTE)

    Execution Region ER_IROM1 (Exec base: 0x08000000, Load base: 0x08000000, Size: 0x0000a5b0, Max: 0x00100000, ABSOLUTE)

    Exec Addr    Load Addr    Size         Type   Attr      Idx    E Section Name        Object

    0x08000000   0x08000000   0x00000188   Data   RO            3    RESET               startup_stm32f407xx.o
    0x08000188   0x08000188   0x00000008   Code   RO         1807  * !!!main             c_w.l(__main.o)
    0x08000190   0x08000190   0x00000034   Code   RO         2280    !!!scatter          c_w.l(__scatter.o)
    0x080001c4   0x080001c4   0x0000001a   Code   RO         2282    !!handler_copy      c_w.l(__scatter_copy.o)
    0x080001de   0x080001de   0x00000002   PAD
    0x080001e0   0x080001e0   0x0000001c   Code   RO         2284    !!handler_zi        c_w.l(__scatter_zi.o)
    0x080001fc   0x080001fc   0x00000000   Code   RO         1919    .ARM.Collect$$_printf_percent$$00000000  c_w.l(_printf_percent.o)
    0x080001fc   0x080001fc   0x00000006   Code   RO         1908    .ARM.Collect$$_printf_percent$$00000001  c_w.l(_printf_n.o)
    0x08000202   0x08000202   0x00000006   Code   RO         1910    .ARM.Collect$$_printf_percent$$00000002  c_w.l(_printf_p.o)
    0x08000208   0x08000208   0x00000006   Code   RO         1915    .ARM.Collect$$_printf_percent$$00000003  c_w.l(_printf_f.o)
    0x0800020e   0x0800020e   0x00000006   Code   RO         1916    .ARM.Collect$$_printf_percent$$00000004  c_w.l(_printf_e.o)
    0x08000214   0x08000214   0x00000006   Code   RO         1917    .ARM.Collect$$_printf_percent$$00000005  c_w.l(_printf_g.o)
    0x0800021a   0x0800021a   0x00000006   Code   RO         1918    .ARM.Collect$$_printf_percent$$00000006  c_w.l(_printf_a.o)
    0x08000220   0x08000220   0x0000000a   Code   RO         1923    .ARM.Collect$$_printf_percent$$00000007  c_w.l(_printf_ll.o)
    0x0800022a   0x0800022a   0x00000006   Code   RO         1912    .ARM.Collect$$_printf_percent$$00000008  c_w.l(_printf_i.o)
    0x08000230   0x08000230   0x00000006   Code   RO         1913    .ARM.Collect$$_printf_percent$$00000009  c_w.l(_printf_d.o)
    0x08000236   0x08000236   0x00000006   Code   RO         1914    .ARM.Collect$$_printf_percent$$0000000A  c_w.l(_printf_u.o)
    0x0800023c   0x0800023c   0x00000006   Code   RO         1911    .ARM.Collect$$_printf_percent$$0000000B  c_w.l(_printf_o.o)
    0x08000242   0x08000242   0x00000006   Code   RO         1909    .ARM.Collect$$_printf_percent$$0000000C  c_w.l(_printf_x.o)
    0x08000248   0x08000248   0x00000006   Code   RO         1920    .ARM.Collect$$_printf_percent$$0000000D  c_w.l(_printf_lli.o)
    0x0800024e   0x0800024e   0x00000006   Code   RO         1921    .ARM.Collect$$_printf_percent$$0000000E  c_w.l(_printf_lld.o)
    0x08000254   0x08000254   0x00000006   Code   RO         1922    .ARM.Collect$$_printf_percent$$0000000F  c_w.l(_printf_llu.o)
    0x0800025a   0x0800025a   0x00000006   Code   RO         1927    .ARM.Collect$$_printf_percent$$00000010  c_w.l(_printf_llo.o)
    0x08000260   0x08000260   0x00000006   Code   RO         1928    .ARM.Collect$$_printf_percent$$00000011  c_w.l(_printf_llx.o)
    0x08000266   0x08000266   0x0000000a   Code   RO         1924    .ARM.Collect$$_printf_percent$$00000012  c_w.l(_printf_l.o)
    0x08000270   0x08000270   0x00000006   Code   RO         1906    .ARM.Collect$$_printf_percent$$00000013  c_w.l(_printf_c.o)
    0x08000276   0x08000276   0x00000006   Code   RO         1907    .ARM.Collect$$_printf_percent$$00000014  c_w.l(_printf_s.o)
    0x0800027c   0x0800027c   0x00000006   Code   RO         1925    .ARM.Collect$$_printf_percent$$00000015  c_w.l(_printf_lc.o)
    0x08000282   0x08000282   0x00000006   Code   RO         1926    .ARM.Collect$$_printf_percent$$00000016  c_w.l(_printf_ls.o)
    0x08000288   0x08000288   0x00000004   Code   RO         2006    .ARM.Collect$$_printf_percent$$00000017  c_w.l(_printf_percent_end.o)
    0x0800028c   0x0800028c   0x00000002   Code   RO         2094    .ARM.Collect$$libinit$$00000000  c_w.l(libinit.o)
    0x0800028e   0x0800028e   0x00000004   Code   RO         2095    .ARM.Collect$$libinit$$00000001  c_w.l(libinit2.o)
    0x08000292   0x08000292   0x00000000   Code   RO         2098    .ARM.Collect$$libinit$$00000004  c_w.l(libinit2.o)
    0x08000292   0x08000292   0x00000000   Code   RO         2100    .ARM.Collect$$libinit$$00000006  c_w.l(libinit2.o)
    0x08000292   0x08000292   0x00000000   Code   RO         2103    .ARM.Collect$$libinit$$0000000C  c_w.l(libinit2.o)
    0x08000292   0x08000292   0x00000000   Code   RO         2105    .ARM.Collect$$libinit$$0000000E  c_w.l(libinit2.o)
    0x08000292   0x08000292   0x00000000   Code   RO         2107    .ARM.Collect$$libinit$$00000010  c_w.l(libinit2.o)
    0x08000292   0x08000292   0x00000006   Code   RO         2108    .ARM.Collect$$libinit$$00000011  c_w.l(libinit2.o)
    0x08000298   0x08000298   0x00000000   Code   RO         2110    .ARM.Collect$$libinit$$00000013  c_w.l(libinit2.o)
    0x08000298   0x08000298   0x0000000c   Code   RO         2111    .ARM.Collect$$libinit$$00000014  c_w.l(libinit2.o)
    0x080002a4   0x080002a4   0x00000000   Code   RO         2112    .ARM.Collect$$libinit$$00000015  c_w.l(libinit2.o)
    0x080002a4   0x080002a4   0x00000000   Code   RO         2114    .ARM.Collect$$libinit$$00000017  c_w.l(libinit2.o)
    0x080002a4   0x080002a4   0x0000000a   Code   RO         2115    .ARM.Collect$$libinit$$00000018  c_w.l(libinit2.o)
    0x080002ae   0x080002ae   0x00000000   Code   RO         2116    .ARM.Collect$$libinit$$00000019  c_w.l(libinit2.o)
    0x080002ae   0x080002ae   0x00000000   Code   RO         2118    .ARM.Collect$$libinit$$0000001B  c_w.l(libinit2.o)
    0x080002ae   0x080002ae   0x00000000   Code   RO         2120    .ARM.Collect$$libinit$$0000001D  c_w.l(libinit2.o)
    0x080002ae   0x080002ae   0x00000000   Code   RO         2122    .ARM.Collect$$libinit$$0000001F  c_w.l(libinit2.o)
    0x080002ae   0x080002ae   0x00000000   Code   RO         2124    .ARM.Collect$$libinit$$00000021  c_w.l(libinit2.o)
    0x080002ae   0x080002ae   0x00000000   Code   RO         2126    .ARM.Collect$$libinit$$00000023  c_w.l(libinit2.o)
    0x080002ae   0x080002ae   0x00000000   Code   RO         2128    .ARM.Collect$$libinit$$00000025  c_w.l(libinit2.o)
    0x080002ae   0x080002ae   0x00000000   Code   RO         2130    .ARM.Collect$$libinit$$00000027  c_w.l(libinit2.o)
    0x080002ae   0x080002ae   0x00000000   Code   RO         2134    .ARM.Collect$$libinit$$0000002E  c_w.l(libinit2.o)
    0x080002ae   0x080002ae   0x00000000   Code   RO         2136    .ARM.Collect$$libinit$$00000030  c_w.l(libinit2.o)
    0x080002ae   0x080002ae   0x00000000   Code   RO         2138    .ARM.Collect$$libinit$$00000032  c_w.l(libinit2.o)
    0x080002ae   0x080002ae   0x00000000   Code   RO         2140    .ARM.Collect$$libinit$$00000034  c_w.l(libinit2.o)
    0x080002ae   0x080002ae   0x00000002   Code   RO         2141    .ARM.Collect$$libinit$$00000035  c_w.l(libinit2.o)
    0x080002b0   0x080002b0   0x00000002   Code   RO         2239    .ARM.Collect$$libshutdown$$00000000  c_w.l(libshutdown.o)
    0x080002b2   0x080002b2   0x00000000   Code   RO         2259    .ARM.Collect$$libshutdown$$00000002  c_w.l(libshutdown2.o)
    0x080002b2   0x080002b2   0x00000000   Code   RO         2261    .ARM.Collect$$libshutdown$$00000004  c_w.l(libshutdown2.o)
    0x080002b2   0x080002b2   0x00000000   Code   RO         2264    .ARM.Collect$$libshutdown$$00000007  c_w.l(libshutdown2.o)
    0x080002b2   0x080002b2   0x00000000   Code   RO         2267    .ARM.Collect$$libshutdown$$0000000A  c_w.l(libshutdown2.o)
    0x080002b2   0x080002b2   0x00000000   Code   RO         2269    .ARM.Collect$$libshutdown$$0000000C  c_w.l(libshutdown2.o)
    0x080002b2   0x080002b2   0x00000000   Code   RO         2272    .ARM.Collect$$libshutdown$$0000000F  c_w.l(libshutdown2.o)
    0x080002b2   0x080002b2   0x00000002   Code   RO         2273    .ARM.Collect$$libshutdown$$00000010  c_w.l(libshutdown2.o)
    0x080002b4   0x080002b4   0x00000000   Code   RO         1833    .ARM.Collect$$rtentry$$00000000  c_w.l(__rtentry.o)
    0x080002b4   0x080002b4   0x00000000   Code   RO         1959    .ARM.Collect$$rtentry$$00000002  c_w.l(__rtentry2.o)
    0x080002b4   0x080002b4   0x00000006   Code   RO         1971    .ARM.Collect$$rtentry$$00000004  c_w.l(__rtentry4.o)
    0x080002ba   0x080002ba   0x00000000   Code   RO         1961    .ARM.Collect$$rtentry$$00000009  c_w.l(__rtentry2.o)
    0x080002ba   0x080002ba   0x00000004   Code   RO         1962    .ARM.Collect$$rtentry$$0000000A  c_w.l(__rtentry2.o)
    0x080002be   0x080002be   0x00000000   Code   RO         1964    .ARM.Collect$$rtentry$$0000000C  c_w.l(__rtentry2.o)
    0x080002be   0x080002be   0x00000008   Code   RO         1965    .ARM.Collect$$rtentry$$0000000D  c_w.l(__rtentry2.o)
    0x080002c6   0x080002c6   0x00000002   Code   RO         2154    .ARM.Collect$$rtexit$$00000000  c_w.l(rtexit.o)
    0x080002c8   0x080002c8   0x00000000   Code   RO         2188    .ARM.Collect$$rtexit$$00000002  c_w.l(rtexit2.o)
    0x080002c8   0x080002c8   0x00000004   Code   RO         2189    .ARM.Collect$$rtexit$$00000003  c_w.l(rtexit2.o)
    0x080002cc   0x080002cc   0x00000006   Code   RO         2190    .ARM.Collect$$rtexit$$00000004  c_w.l(rtexit2.o)
    0x080002d2   0x080002d2   0x00000002   PAD
    0x080002d4   0x080002d4   0x00000040   Code   RO            4    .text               startup_stm32f407xx.o
    0x08000314   0x08000314   0x000000f0   Code   RO         1783    .text               c_w.l(lludivv7m.o)
    0x08000404   0x08000404   0x0000003c   Code   RO         1785    .text               c_w.l(vsnprintf.o)
    0x08000440   0x08000440   0x0000003c   Code   RO         1787    .text               c_w.l(__0sscanf.o)
    0x0800047c   0x0800047c   0x0000014c   Code   RO         1789    .text               c_w.l(_scanf_int.o)
    0x080005c8   0x080005c8   0x0000003e   Code   RO         1791    .text               c_w.l(strlen.o)
    0x08000606   0x08000606   0x00000096   Code   RO         1793    .text               c_w.l(strncmp.o)
    0x0800069c   0x0800069c   0x0000008a   Code   RO         1795    .text               c_w.l(rt_memcpy_v6.o)
    0x08000726   0x08000726   0x00000010   Code   RO         1799    .text               c_w.l(aeabi_memset4.o)
    0x08000736   0x08000736   0x0000004e   Code   RO         1803    .text               c_w.l(rt_memclr_w.o)
    0x08000784   0x08000784   0x00000006   Code   RO         1805    .text               c_w.l(heapauxi.o)
    0x0800078a   0x0800078a   0x0000004e   Code   RO         1840    .text               c_w.l(_printf_pad.o)
    0x080007d8   0x080007d8   0x00000024   Code   RO         1842    .text               c_w.l(_printf_truncate.o)
    0x080007fc   0x080007fc   0x00000052   Code   RO         1844    .text               c_w.l(_printf_str.o)
    0x0800084e   0x0800084e   0x00000002   PAD
    0x08000850   0x08000850   0x00000078   Code   RO         1846    .text               c_w.l(_printf_dec.o)
    0x080008c8   0x080008c8   0x00000028   Code   RO         1848    .text               c_w.l(_printf_charcount.o)
    0x080008f0   0x080008f0   0x00000030   Code   RO         1850    .text               c_w.l(_printf_char_common.o)
    0x08000920   0x08000920   0x00000010   Code   RO         1852    .text               c_w.l(_snputc.o)
    0x08000930   0x08000930   0x000000bc   Code   RO         1854    .text               c_w.l(_printf_wctomb.o)
    0x080009ec   0x080009ec   0x0000007c   Code   RO         1857    .text               c_w.l(_printf_longlong_dec.o)
    0x08000a68   0x08000a68   0x00000070   Code   RO         1863    .text               c_w.l(_printf_oct_int_ll.o)
    0x08000ad8   0x08000ad8   0x00000094   Code   RO         1883    .text               c_w.l(_printf_hex_int_ll_ptr.o)
    0x08000b6c   0x08000b6c   0x00000188   Code   RO         1903    .text               c_w.l(__printf_flags_ss_wp.o)
    0x08000cf4   0x08000cf4   0x0000001c   Code   RO         1929    .text               c_w.l(_chval.o)
    0x08000d10   0x08000d10   0x000004f8   Code   RO         1931    .text               c_w.l(scanf_fp.o)
    0x08001208   0x08001208   0x0000002c   Code   RO         1935    .text               c_w.l(scanf_char.o)
    0x08001234   0x08001234   0x00000040   Code   RO         1937    .text               c_w.l(_sgetc.o)
    0x08001274   0x08001274   0x00000064   Code   RO         1939    .text               c_w.l(rt_memcpy_w.o)
    0x080012d8   0x080012d8   0x00000008   Code   RO         1978    .text               c_w.l(rt_locale_intlibspace.o)
    0x080012e0   0x080012e0   0x00000008   Code   RO         1983    .text               c_w.l(rt_errno_addr_intlibspace.o)
    0x080012e8   0x080012e8   0x00000026   Code   RO         1985    .text               c_w.l(llshl.o)
    0x0800130e   0x0800130e   0x0000008a   Code   RO         1987    .text               c_w.l(lludiv10.o)
    0x08001398   0x08001398   0x00000012   Code   RO         1989    .text               c_w.l(isspace.o)
    0x080013aa   0x080013aa   0x000000b2   Code   RO         1991    .text               c_w.l(_printf_intcommon.o)
    0x0800145c   0x0800145c   0x0000041c   Code   RO         1993    .text               c_w.l(_printf_fp_dec.o)
    0x08001878   0x08001878   0x000002fc   Code   RO         1997    .text               c_w.l(_printf_fp_hex.o)
    0x08001b74   0x08001b74   0x0000002c   Code   RO         2002    .text               c_w.l(_printf_char.o)
    0x08001ba0   0x08001ba0   0x0000002c   Code   RO         2004    .text               c_w.l(_printf_wchar.o)
    0x08001bcc   0x08001bcc   0x00000374   Code   RO         2007    .text               c_w.l(_scanf.o)
    0x08001f40   0x08001f40   0x000000e4   Code   RO         2009    .text               c_w.l(bigflt0.o)
    0x08002024   0x08002024   0x00000048   Code   RO         2037    .text               c_w.l(_c16rtomb.o)
    0x0800206c   0x0800206c   0x00000008   Code   RO         2062    .text               c_w.l(libspace.o)
    0x08002074   0x08002074   0x0000004a   Code   RO         2065    .text               c_w.l(sys_stackheap_outer.o)
    0x080020be   0x080020be   0x00000002   PAD
    0x080020c0   0x080020c0   0x00000010   Code   RO         2067    .text               c_w.l(rt_ctype_table.o)
    0x080020d0   0x080020d0   0x00000016   Code   RO         2069    .text               c_w.l(_rserrno.o)
    0x080020e6   0x080020e6   0x00000002   PAD
    0x080020e8   0x080020e8   0x00000080   Code   RO         2071    .text               c_w.l(_printf_fp_infnan.o)
    0x08002168   0x08002168   0x00000320   Code   RO         2073    .text               c_w.l(scanf_hexfp.o)
    0x08002488   0x08002488   0x00000134   Code   RO         2075    .text               c_w.l(scanf_infnan.o)
    0x080025bc   0x080025bc   0x00000012   Code   RO         2081    .text               c_w.l(exit.o)
    0x080025ce   0x080025ce   0x00000002   PAD
    0x080025d0   0x080025d0   0x0000007c   Code   RO         2087    .text               c_w.l(strcmpv7em.o)
    0x0800264c   0x0800264c   0x0000000c   Code   RO         2183    .text               c_w.l(sys_exit.o)
    0x08002658   0x08002658   0x00000002   Code   RO         2226    .text               c_w.l(use_no_semi.o)
    0x0800265a   0x0800265a   0x00000000   Code   RO         2228    .text               c_w.l(indicate_semi.o)
    0x0800265a   0x0800265a   0x00000002   PAD
    0x0800265c   0x0800265c   0x00000002   Code   RO          142    .text.BusFault_Handler  stm32f4xx_it.o
    0x0800265e   0x0800265e   0x00000002   PAD
    0x08002660   0x08002660   0x0000001c   Code   RO         1693    .text.Chassis_Init  chassis.o
    0x0800267c   0x0800267c   0x000000d4   Code   RO         1759    .text.Chassis_Task  chassis_task.o
    0x08002750   0x08002750   0x0000000c   Code   RO          148    .text.DMA1_Stream0_IRQHandler  stm32f4xx_it.o
    0x0800275c   0x0800275c   0x0000000c   Code   RO          152    .text.DMA1_Stream7_IRQHandler  stm32f4xx_it.o
    0x08002768   0x08002768   0x0000000c   Code   RO          160    .text.DMA2_Stream2_IRQHandler  stm32f4xx_it.o
    0x08002774   0x08002774   0x0000000c   Code   RO          162    .text.DMA2_Stream7_IRQHandler  stm32f4xx_it.o
    0x08002780   0x08002780   0x00000002   Code   RO          146    .text.DebugMon_Handler  stm32f4xx_it.o
    0x08002782   0x08002782   0x00000002   PAD
    0x08002784   0x08002784   0x00000016   Code   RO         1652    .text.DoubleBufferUartDMA_Init  uart_dma.o
    0x0800279a   0x0800279a   0x00000002   PAD
    0x0800279c   0x0800279c   0x0000003c   Code   RO         1654    .text.DoubleBufferUartDMA_Send  uart_dma.o
    0x080027d8   0x080027d8   0x00000006   Code   RO           29    .text.Error_Handler  main.o
    0x080027de   0x080027de   0x00000002   PAD
    0x080027e0   0x080027e0   0x0000000e   Code   RO         1608    .text.GetEncoder    motor.o
    0x080027ee   0x080027ee   0x00000002   PAD
    0x080027f0   0x080027f0   0x0000004e   Code   RO         1770    .text.Gyro_Task     gyro_task.o
    0x0800283e   0x0800283e   0x00000002   PAD
    0x08002840   0x08002840   0x00000092   Code   RO          670    .text.HAL_DMA_Abort  stm32f4xx_hal_dma.o
    0x080028d2   0x080028d2   0x00000002   PAD
    0x080028d4   0x080028d4   0x00000024   Code   RO          672    .text.HAL_DMA_Abort_IT  stm32f4xx_hal_dma.o
    0x080028f8   0x080028f8   0x000001c0   Code   RO          676    .text.HAL_DMA_IRQHandler  stm32f4xx_hal_dma.o
    0x08002ab8   0x08002ab8   0x00000162   Code   RO          662    .text.HAL_DMA_Init  stm32f4xx_hal_dma.o
    0x08002c1a   0x08002c1a   0x00000002   PAD
    0x08002c1c   0x08002c1c   0x0000009e   Code   RO          668    .text.HAL_DMA_Start_IT  stm32f4xx_hal_dma.o
    0x08002cba   0x08002cba   0x00000002   PAD
    0x08002cbc   0x08002cbc   0x000001ba   Code   RO          624    .text.HAL_GPIO_Init  stm32f4xx_hal_gpio.o
    0x08002e76   0x08002e76   0x00000002   PAD
    0x08002e78   0x08002e78   0x0000000a   Code   RO          630    .text.HAL_GPIO_WritePin  stm32f4xx_hal_gpio.o
    0x08002e82   0x08002e82   0x00000002   PAD
    0x08002e84   0x08002e84   0x0000000c   Code   RO          821    .text.HAL_GetTick   stm32f4xx_hal.o
    0x08002e90   0x08002e90   0x0000001a   Code   RO          819    .text.HAL_IncTick   stm32f4xx_hal.o
    0x08002eaa   0x08002eaa   0x00000002   PAD
    0x08002eac   0x08002eac   0x00000036   Code   RO          809    .text.HAL_Init      stm32f4xx_hal.o
    0x08002ee2   0x08002ee2   0x00000002   PAD
    0x08002ee4   0x08002ee4   0x000000bc   Code   RO          180    .text.HAL_InitTick  stm32f4xx_hal_timebase_tim.o
    0x08002fa0   0x08002fa0   0x00000042   Code   RO          171    .text.HAL_MspInit   stm32f4xx_hal_msp.o
    0x08002fe2   0x08002fe2   0x00000002   PAD
    0x08002fe4   0x08002fe4   0x00000020   Code   RO          761    .text.HAL_NVIC_EnableIRQ  stm32f4xx_hal_cortex.o
    0x08003004   0x08003004   0x00000056   Code   RO          759    .text.HAL_NVIC_SetPriority  stm32f4xx_hal_cortex.o
    0x0800305a   0x0800305a   0x00000002   PAD
    0x0800305c   0x0800305c   0x00000020   Code   RO          757    .text.HAL_NVIC_SetPriorityGrouping  stm32f4xx_hal_cortex.o
    0x0800307c   0x0800307c   0x00000160   Code   RO          518    .text.HAL_RCC_ClockConfig  stm32f4xx_hal_rcc.o
    0x080031dc   0x080031dc   0x0000003e   Code   RO          536    .text.HAL_RCC_GetClockConfig  stm32f4xx_hal_rcc.o
    0x0800321a   0x0800321a   0x00000002   PAD
    0x0800321c   0x0800321c   0x00000026   Code   RO          530    .text.HAL_RCC_GetPCLK1Freq  stm32f4xx_hal_rcc.o
    0x08003242   0x08003242   0x00000002   PAD
    0x08003244   0x08003244   0x00000026   Code   RO          532    .text.HAL_RCC_GetPCLK2Freq  stm32f4xx_hal_rcc.o
    0x0800326a   0x0800326a   0x00000002   PAD
    0x0800326c   0x0800326c   0x0000006a   Code   RO          520    .text.HAL_RCC_GetSysClockFreq  stm32f4xx_hal_rcc.o
    0x080032d6   0x080032d6   0x00000002   PAD
    0x080032d8   0x080032d8   0x00000378   Code   RO          516    .text.HAL_RCC_OscConfig  stm32f4xx_hal_rcc.o
    0x08003650   0x08003650   0x00000002   Code   RO          500    .text.HAL_TIMEx_BreakCallback  stm32f4xx_hal_tim_ex.o
    0x08003652   0x08003652   0x00000002   PAD
    0x08003654   0x08003654   0x00000002   Code   RO          496    .text.HAL_TIMEx_CommutCallback  stm32f4xx_hal_tim_ex.o
    0x08003656   0x08003656   0x00000002   PAD
    0x08003658   0x08003658   0x0000004c   Code   RO          492    .text.HAL_TIMEx_ConfigBreakDeadTime  stm32f4xx_hal_tim_ex.o
    0x080036a4   0x080036a4   0x000000b6   Code   RO          490    .text.HAL_TIMEx_MasterConfigSynchronization  stm32f4xx_hal_tim_ex.o
    0x0800375a   0x0800375a   0x00000002   PAD
    0x0800375c   0x0800375c   0x0000005a   Code   RO          195    .text.HAL_TIM_Base_Init  stm32f4xx_hal_tim.o
    0x080037b6   0x080037b6   0x00000002   PAD
    0x080037b8   0x080037b8   0x0000004a   Code   RO           92    .text.HAL_TIM_Base_MspInit  tim.o
    0x08003802   0x08003802   0x00000002   PAD
    0x08003804   0x08003804   0x000000aa   Code   RO          209    .text.HAL_TIM_Base_Start_IT  stm32f4xx_hal_tim.o
    0x080038ae   0x080038ae   0x00000002   PAD
    0x080038b0   0x080038b0   0x0000019c   Code   RO          375    .text.HAL_TIM_ConfigClockSource  stm32f4xx_hal_tim.o
    0x08003a4c   0x08003a4c   0x000000b2   Code   RO          309    .text.HAL_TIM_Encoder_Init  stm32f4xx_hal_tim.o
    0x08003afe   0x08003afe   0x00000002   PAD
    0x08003b00   0x08003b00   0x00000166   Code   RO           90    .text.HAL_TIM_Encoder_MspInit  tim.o
    0x08003c66   0x08003c66   0x00000002   PAD
    0x08003c68   0x08003c68   0x000000bc   Code   RO          317    .text.HAL_TIM_Encoder_Start  stm32f4xx_hal_tim.o
    0x08003d24   0x08003d24   0x00000002   Code   RO          331    .text.HAL_TIM_IC_CaptureCallback  stm32f4xx_hal_tim.o
    0x08003d26   0x08003d26   0x00000002   PAD
    0x08003d28   0x08003d28   0x0000014e   Code   RO          329    .text.HAL_TIM_IRQHandler  stm32f4xx_hal_tim.o
    0x08003e76   0x08003e76   0x00000002   PAD
    0x08003e78   0x08003e78   0x00000002   Code   RO          333    .text.HAL_TIM_OC_DelayElapsedCallback  stm32f4xx_hal_tim.o
    0x08003e7a   0x08003e7a   0x00000002   PAD
    0x08003e7c   0x08003e7c   0x00000222   Code   RO          349    .text.HAL_TIM_PWM_ConfigChannel  stm32f4xx_hal_tim.o
    0x0800409e   0x0800409e   0x00000002   PAD
    0x080040a0   0x080040a0   0x0000005a   Code   RO          249    .text.HAL_TIM_PWM_Init  stm32f4xx_hal_tim.o
    0x080040fa   0x080040fa   0x00000002   PAD
    0x080040fc   0x080040fc   0x00000036   Code   RO           88    .text.HAL_TIM_PWM_MspInit  tim.o
    0x08004132   0x08004132   0x00000002   PAD
    0x08004134   0x08004134   0x00000002   Code   RO          335    .text.HAL_TIM_PWM_PulseFinishedCallback  stm32f4xx_hal_tim.o
    0x08004136   0x08004136   0x00000002   PAD
    0x08004138   0x08004138   0x00000112   Code   RO          257    .text.HAL_TIM_PWM_Start  stm32f4xx_hal_tim.o
    0x0800424a   0x0800424a   0x00000002   PAD
    0x0800424c   0x0800424c   0x00000014   Code   RO           31    .text.HAL_TIM_PeriodElapsedCallback  main.o
    0x08004260   0x08004260   0x00000002   Code   RO          339    .text.HAL_TIM_TriggerCallback  stm32f4xx_hal_tim.o
    0x08004262   0x08004262   0x00000002   PAD
    0x08004264   0x08004264   0x000001e6   Code   RO          947    .text.HAL_UARTEx_ReceiveToIdle_DMA  stm32f4xx_hal_uart.o
    0x0800444a   0x0800444a   0x00000002   PAD
    0x0800444c   0x0800444c   0x00000048   Code   RO           13    .text.HAL_UARTEx_RxEventCallback  callback.o
    0x08004494   0x08004494   0x00000002   Code   RO          983    .text.HAL_UART_ErrorCallback  stm32f4xx_hal_uart.o
    0x08004496   0x08004496   0x00000002   PAD
    0x08004498   0x08004498   0x00000564   Code   RO          977    .text.HAL_UART_IRQHandler  stm32f4xx_hal_uart.o
    0x080049fc   0x080049fc   0x00000060   Code   RO          899    .text.HAL_UART_Init  stm32f4xx_hal_uart.o
    0x08004a5c   0x08004a5c   0x00000216   Code   RO          118    .text.HAL_UART_MspInit  usart.o
    0x08004c72   0x08004c72   0x00000002   PAD
    0x08004c74   0x08004c74   0x00000160   Code   RO          933    .text.HAL_UART_Receive_DMA  stm32f4xx_hal_uart.o
    0x08004dd4   0x08004dd4   0x00000048   Code   RO           15    .text.HAL_UART_RxCpltCallback  callback.o
    0x08004e1c   0x08004e1c   0x00000002   Code   RO          993    .text.HAL_UART_RxHalfCpltCallback  stm32f4xx_hal_uart.o
    0x08004e1e   0x08004e1e   0x00000002   PAD
    0x08004e20   0x08004e20   0x000000c8   Code   RO          925    .text.HAL_UART_Transmit_DMA  stm32f4xx_hal_uart.o
    0x08004ee8   0x08004ee8   0x0000001a   Code   RO           11    .text.HAL_UART_TxCpltCallback  callback.o
    0x08004f02   0x08004f02   0x00000002   PAD
    0x08004f04   0x08004f04   0x00000002   Code   RO          989    .text.HAL_UART_TxHalfCpltCallback  stm32f4xx_hal_uart.o
    0x08004f06   0x08004f06   0x00000002   PAD
    0x08004f08   0x08004f08   0x00000002   Code   RO          138    .text.HardFault_Handler  stm32f4xx_it.o
    0x08004f0a   0x08004f0a   0x00000002   PAD
    0x08004f0c   0x08004f0c   0x0000007c   Code   RO           65    .text.MX_DMA_Init   dma.o
    0x08004f88   0x08004f88   0x000001b4   Code   RO           51    .text.MX_FREERTOS_Init  freertos.o
    0x0800513c   0x0800513c   0x000000f2   Code   RO           42    .text.MX_GPIO_Init  gpio.o
    0x0800522e   0x0800522e   0x00000002   PAD
    0x08005230   0x08005230   0x00000152   Code   RO           74    .text.MX_TIM1_Init  tim.o
    0x08005382   0x08005382   0x00000002   PAD
    0x08005384   0x08005384   0x00000064   Code   RO           78    .text.MX_TIM2_Init  tim.o
    0x080053e8   0x080053e8   0x00000068   Code   RO           80    .text.MX_TIM3_Init  tim.o
    0x08005450   0x08005450   0x00000068   Code   RO           82    .text.MX_TIM4_Init  tim.o
    0x080054b8   0x080054b8   0x00000074   Code   RO           84    .text.MX_TIM5_Init  tim.o
    0x0800552c   0x0800552c   0x0000006e   Code   RO           86    .text.MX_TIM8_Init  tim.o
    0x0800559a   0x0800559a   0x00000002   PAD
    0x0800559c   0x0800559c   0x0000003c   Code   RO          114    .text.MX_UART5_Init  usart.o
    0x080055d8   0x080055d8   0x0000003c   Code   RO          116    .text.MX_USART1_UART_Init  usart.o
    0x08005614   0x08005614   0x00000002   Code   RO          140    .text.MemManage_Handler  stm32f4xx_it.o
    0x08005616   0x08005616   0x00000002   PAD
    0x08005618   0x08005618   0x00000108   Code   RO         1726    .text.Moto1_Task    motor_task.o
    0x08005720   0x08005720   0x00000110   Code   RO         1730    .text.Moto2_Task    motor_task.o
    0x08005830   0x08005830   0x00000110   Code   RO         1732    .text.Moto3_Task    motor_task.o
    0x08005940   0x08005940   0x00000110   Code   RO         1734    .text.Moto4_Task    motor_task.o
    0x08005a50   0x08005a50   0x00000016   Code   RO         1724    .text.MotorPIDTest_Task  motor_task.o
    0x08005a66   0x08005a66   0x00000002   PAD
    0x08005a68   0x08005a68   0x0000003e   Code   RO         1606    .text.Motor_Init    motor.o
    0x08005aa6   0x08005aa6   0x00000002   PAD
    0x08005aa8   0x08005aa8   0x00000002   Code   RO          136    .text.NMI_Handler   stm32f4xx_it.o
    0x08005aaa   0x08005aaa   0x00000006   PAD
    0x08005ab0   0x08005ab0   0x00000230   Code   RO         1626    .text.PIDCompute    pid.o
    0x08005ce0   0x08005ce0   0x00000050   Code   RO         1614    .text.PIDSetSpeed   motor.o
    0x08005d30   0x08005d30   0x00000072   Code   RO         1624    .text.PID_Init      pid.o
    0x08005da2   0x08005da2   0x00000002   PAD
    0x08005da4   0x08005da4   0x00000016   Code   RO         1634    .text.PID_SetDeadBand  pid.o
    0x08005dba   0x08005dba   0x00000002   PAD
    0x08005dbc   0x08005dbc   0x0000001a   Code   RO         1632    .text.PID_SetIntegralLimits  pid.o
    0x08005dd6   0x08005dd6   0x00000002   PAD
    0x08005dd8   0x08005dd8   0x00000016   Code   RO         1636    .text.PID_SetIntegralSeparationThreshold  pid.o
    0x08005dee   0x08005dee   0x00000002   PAD
    0x08005df0   0x08005df0   0x00000026   Code   RO         1640    .text.PID_SetMode   pid.o
    0x08005e16   0x08005e16   0x00000002   PAD
    0x08005e18   0x08005e18   0x0000001a   Code   RO         1630    .text.PID_SetOutputLimits  pid.o
    0x08005e32   0x08005e32   0x00000002   PAD
    0x08005e34   0x08005e34   0x0000004a   Code   RO         1628    .text.PID_SetSampleTime  pid.o
    0x08005e7e   0x08005e7e   0x00000002   PAD
    0x08005e80   0x08005e80   0x00000064   Code   RO         1590    .text.PendSV_Handler  port.o
    0x08005ee4   0x08005ee4   0x0000000c   PAD
    0x08005ef0   0x08005ef0   0x00000024   Code   RO         1574    .text.SVC_Handler   port.o
    0x08005f14   0x08005f14   0x000000d0   Code   RO         1610    .text.SetSpeed      motor.o
    0x08005fe4   0x08005fe4   0x00000008   Code   RO           53    .text.StartDefaultTask  freertos.o
    0x08005fec   0x08005fec   0x0000001e   Code   RO         1385    .text.SysTick_Handler  cmsis_os2.o
    0x0800600a   0x0800600a   0x00000002   PAD
    0x0800600c   0x0800600c   0x000000a8   Code   RO           27    .text.SystemClock_Config  main.o
    0x080060b4   0x080060b4   0x00000012   Code   RO         1021    .text.SystemInit    system_stm32f4xx.o
    0x080060c6   0x080060c6   0x00000002   PAD
    0x080060c8   0x080060c8   0x0000000c   Code   RO          154    .text.TIM5_IRQHandler  stm32f4xx_it.o
    0x080060d4   0x080060d4   0x0000000c   Code   RO          158    .text.TIM6_DAC_IRQHandler  stm32f4xx_it.o
    0x080060e0   0x080060e0   0x0000014c   Code   RO          199    .text.TIM_Base_SetConfig  stm32f4xx_hal_tim.o
    0x0800622c   0x0800622c   0x0000002e   Code   RO         1656    .text.TxCallBack_DoubleBufferUartDMA  uart_dma.o
    0x0800625a   0x0800625a   0x00000002   PAD
    0x0800625c   0x0800625c   0x0000000c   Code   RO          156    .text.UART5_IRQHandler  stm32f4xx_it.o
    0x08006268   0x08006268   0x0000000c   Code   RO          981    .text.UART_DMAAbortOnError  stm32f4xx_hal_uart.o
    0x08006274   0x08006274   0x0000017c   Code   RO          931    .text.UART_DMAError  stm32f4xx_hal_uart.o
    0x080063f0   0x080063f0   0x0000015e   Code   RO         1009    .text.UART_DMAReceiveCplt  stm32f4xx_hal_uart.o
    0x0800654e   0x0800654e   0x00000002   PAD
    0x08006550   0x08006550   0x00000018   Code   RO         1011    .text.UART_DMARxHalfCplt  stm32f4xx_hal_uart.o
    0x08006568   0x08006568   0x000000b0   Code   RO          927    .text.UART_DMATransmitCplt  stm32f4xx_hal_uart.o
    0x08006618   0x08006618   0x00000006   Code   RO          929    .text.UART_DMATxHalfCplt  stm32f4xx_hal_uart.o
    0x0800661e   0x0800661e   0x00000002   PAD
    0x08006620   0x08006620   0x000000fe   Code   RO          979    .text.UART_Receive_IT  stm32f4xx_hal_uart.o
    0x0800671e   0x0800671e   0x00000002   PAD
    0x08006720   0x08006720   0x000000e2   Code   RO          903    .text.UART_SetConfig  stm32f4xx_hal_uart.o
    0x08006802   0x08006802   0x00000002   PAD
    0x08006804   0x08006804   0x0000000c   Code   RO          150    .text.USART1_IRQHandler  stm32f4xx_it.o
    0x08006810   0x08006810   0x00000002   Code   RO          144    .text.UsageFault_Handler  stm32f4xx_it.o
    0x08006812   0x08006812   0x00000002   PAD
    0x08006814   0x08006814   0x0000004c   Code   RO         1666    .text.VOFA_Init     vofa.o
    0x08006860   0x08006860   0x000000bc   Code   RO         1680    .text.VOFA_RxCallBack  vofa.o
    0x0800691c   0x0800691c   0x0000001a   Code   RO         1710    .text.VOFA_RxCallBack_Task  vofa_task.o
    0x08006936   0x08006936   0x00000002   PAD
    0x08006938   0x08006938   0x0000003c   Code   RO         1674    .text.VOFA_SendFireWater  vofa.o
    0x08006974   0x08006974   0x0000004c   Code   RO         1712    .text.VOFA_Task     vofa_task.o
    0x080069c0   0x080069c0   0x0000003e   Code   RO           25    .text.main          main.o
    0x080069fe   0x080069fe   0x00000002   PAD
    0x08006a00   0x08006a00   0x00000020   Code   RO         1445    .text.osDelay       cmsis_os2.o
    0x08006a20   0x08006a20   0x00000028   Code   RO         1387    .text.osKernelInitialize  cmsis_os2.o
    0x08006a48   0x08006a48   0x0000003c   Code   RO         1393    .text.osKernelStart  cmsis_os2.o
    0x08006a84   0x08006a84   0x0000009c   Code   RO         1409    .text.osThreadNew   cmsis_os2.o
    0x08006b20   0x08006b20   0x0000028a   Code   RO         1220    .text.prvAddNewTaskToReadyList  tasks.o
    0x08006daa   0x08006daa   0x00000002   PAD
    0x08006dac   0x08006dac   0x00000086   Code   RO         1252    .text.prvIdleTask   tasks.o
    0x08006e32   0x08006e32   0x00000002   PAD
    0x08006e34   0x08006e34   0x00000128   Code   RO         1218    .text.prvInitialiseNewTask  tasks.o
    0x08006f5c   0x08006f5c   0x00000028   Code   RO         1582    .text.prvPortStartFirstTask  port.o
    0x08006f84   0x08006f84   0x0000003e   Code   RO         1572    .text.prvTaskExitError  port.o
    0x08006fc2   0x08006fc2   0x00000002   PAD
    0x08006fc4   0x08006fc4   0x0000038a   Code   RO         1337    .text.prvTimerTask  timers.o
    0x0800734e   0x0800734e   0x00000002   PAD
    0x08007350   0x08007350   0x00000074   Code   RO         1117    .text.prvUnlockQueue  queue.o
    0x080073c4   0x080073c4   0x0000020a   Code   RO         1548    .text.pvPortMalloc  heap_4.o
    0x080075ce   0x080075ce   0x00000002   PAD
    0x080075d0   0x080075d0   0x00000028   Code   RO         1570    .text.pxPortInitialiseStack  port.o
    0x080075f8   0x080075f8   0x000000ac   Code   RO         1310    .text.ulTaskNotifyTake  tasks.o
    0x080076a4   0x080076a4   0x00000024   Code   RO         1081    .text.uxListRemove  list.o
    0x080076c8   0x080076c8   0x0000001a   Code   RO         1531    .text.vApplicationGetIdleTaskMemory  cmsis_os2.o
    0x080076e2   0x080076e2   0x00000002   PAD
    0x080076e4   0x080076e4   0x0000001c   Code   RO         1533    .text.vApplicationGetTimerTaskMemory  cmsis_os2.o
    0x08007700   0x08007700   0x00000016   Code   RO         1073    .text.vListInitialise  list.o
    0x08007716   0x08007716   0x00000002   PAD
    0x08007718   0x08007718   0x00000006   Code   RO         1075    .text.vListInitialiseItem  list.o
    0x0800771e   0x0800771e   0x00000002   PAD
    0x08007720   0x08007720   0x00000062   Code   RO         1079    .text.vListInsert   list.o
    0x08007782   0x08007782   0x00000002   PAD
    0x08007784   0x08007784   0x0000001c   Code   RO         1077    .text.vListInsertEnd  list.o
    0x080077a0   0x080077a0   0x00000014   Code   RO         1580    .text.vPortEnableVFP  port.o
    0x080077b4   0x080077b4   0x00000046   Code   RO         1586    .text.vPortEnterCritical  port.o
    0x080077fa   0x080077fa   0x00000002   PAD
    0x080077fc   0x080077fc   0x0000002e   Code   RO         1588    .text.vPortExitCritical  port.o
    0x0800782a   0x0800782a   0x00000002   PAD
    0x0800782c   0x0800782c   0x000000d4   Code   RO         1550    .text.vPortFree     heap_4.o
    0x08007900   0x08007900   0x00000034   Code   RO         1578    .text.vPortSetupTimerInterrupt  port.o
    0x08007934   0x08007934   0x0000005e   Code   RO         1594    .text.vPortValidateInterruptPriority  port.o
    0x08007992   0x08007992   0x00000002   PAD
    0x08007994   0x08007994   0x000000b0   Code   RO         1151    .text.vQueueAddToRegistry  queue.o
    0x08007a44   0x08007a44   0x00000052   Code   RO         1155    .text.vQueueWaitForMessageRestricted  queue.o
    0x08007a96   0x08007a96   0x00000002   PAD
    0x08007a98   0x08007a98   0x00000080   Code   RO         1232    .text.vTaskDelay    tasks.o
    0x08007b18   0x08007b18   0x000000cc   Code   RO         1226    .text.vTaskDelayUntil  tasks.o
    0x08007be4   0x08007be4   0x00000012   Code   RO         1282    .text.vTaskInternalSetTimeOutState  tasks.o
    0x08007bf6   0x08007bf6   0x00000002   PAD
    0x08007bf8   0x08007bf8   0x0000000e   Code   RO         1286    .text.vTaskMissedYield  tasks.o
    0x08007c06   0x08007c06   0x00000002   PAD
    0x08007c08   0x08007c08   0x000000c4   Code   RO         1318    .text.vTaskNotifyGiveFromISR  tasks.o
    0x08007ccc   0x08007ccc   0x00000074   Code   RO         1270    .text.vTaskPlaceOnEventList  tasks.o
    0x08007d40   0x08007d40   0x0000007a   Code   RO         1274    .text.vTaskPlaceOnEventListRestricted  tasks.o
    0x08007dba   0x08007dba   0x00000002   PAD
    0x08007dbc   0x08007dbc   0x000000f0   Code   RO         1250    .text.vTaskStartScheduler  tasks.o
    0x08007eac   0x08007eac   0x00000010   Code   RO         1228    .text.vTaskSuspendAll  tasks.o
    0x08007ebc   0x08007ebc   0x000000bc   Code   RO         1244    .text.vTaskSwitchContext  tasks.o
    0x08007f78   0x08007f78   0x00000184   Code   RO         1576    .text.xPortStartScheduler  port.o
    0x080080fc   0x080080fc   0x0000002e   Code   RO         1592    .text.xPortSysTickHandler  port.o
    0x0800812a   0x0800812a   0x00000002   PAD
    0x0800812c   0x0800812c   0x000000de   Code   RO         1093    .text.xQueueGenericCreateStatic  queue.o
    0x0800820a   0x0800820a   0x00000002   PAD
    0x0800820c   0x0800820c   0x0000022a   Code   RO         1107    .text.xQueueGenericSend  queue.o
    0x08008436   0x08008436   0x00000002   PAD
    0x08008438   0x08008438   0x000001aa   Code   RO         1123    .text.xQueueReceive  queue.o
    0x080085e2   0x080085e2   0x00000002   PAD
    0x080085e4   0x080085e4   0x000000a2   Code   RO         1284    .text.xTaskCheckForTimeOut  tasks.o
    0x08008686   0x08008686   0x00000002   PAD
    0x08008688   0x08008688   0x00000060   Code   RO         1222    .text.xTaskCreate   tasks.o
    0x080086e8   0x080086e8   0x00000076   Code   RO         1216    .text.xTaskCreateStatic  tasks.o
    0x0800875e   0x0800875e   0x00000002   PAD
    0x08008760   0x08008760   0x0000001e   Code   RO         1298    .text.xTaskGetSchedulerState  tasks.o
    0x0800877e   0x0800877e   0x00000002   PAD
    0x08008780   0x08008780   0x0000000c   Code   RO         1258    .text.xTaskGetTickCount  tasks.o
    0x0800878c   0x0800878c   0x00000104   Code   RO         1256    .text.xTaskIncrementTick  tasks.o
    0x08008890   0x08008890   0x0000008a   Code   RO         1302    .text.xTaskPriorityDisinherit  tasks.o
    0x0800891a   0x0800891a   0x00000002   PAD
    0x0800891c   0x0800891c   0x00000072   Code   RO         1276    .text.xTaskRemoveFromEventList  tasks.o
    0x0800898e   0x0800898e   0x00000002   PAD
    0x08008990   0x08008990   0x000000ee   Code   RO         1230    .text.xTaskResumeAll  tasks.o
    0x08008a7e   0x08008a7e   0x00000002   PAD
    0x08008a80   0x08008a80   0x000000b4   Code   RO         1335    .text.xTimerCreateTimerTask  timers.o
    0x08008b34   0x08008b34   0x0000003e   Code   RO         2012    CL$$btod_d2e        c_w.l(btod.o)
    0x08008b72   0x08008b72   0x00000046   Code   RO         2014    CL$$btod_d2e_denorm_low  c_w.l(btod.o)
    0x08008bb8   0x08008bb8   0x00000060   Code   RO         2013    CL$$btod_d2e_norm_op1  c_w.l(btod.o)
    0x08008c18   0x08008c18   0x00000338   Code   RO         2022    CL$$btod_div_common  c_w.l(btod.o)
    0x08008f50   0x08008f50   0x00000084   Code   RO         2020    CL$$btod_e2d        c_w.l(btod.o)
    0x08008fd4   0x08008fd4   0x000000dc   Code   RO         2019    CL$$btod_e2e        c_w.l(btod.o)
    0x080090b0   0x080090b0   0x0000002a   Code   RO         2016    CL$$btod_ediv       c_w.l(btod.o)
    0x080090da   0x080090da   0x0000002a   Code   RO         2018    CL$$btod_edivd      c_w.l(btod.o)
    0x08009104   0x08009104   0x0000002a   Code   RO         2015    CL$$btod_emul       c_w.l(btod.o)
    0x0800912e   0x0800912e   0x0000002a   Code   RO         2017    CL$$btod_emuld      c_w.l(btod.o)
    0x08009158   0x08009158   0x00000244   Code   RO         2021    CL$$btod_mult_common  c_w.l(btod.o)
    0x0800939c   0x0800939c   0x00000030   Code   RO         2146    i.__ARM_fpclassify  m_wm.l(fpclassify.o)
    0x080093cc   0x080093cc   0x00000004   PAD
    0x080093d0   0x080093d0   0x000000f8   Code   RO         2054    i.__hardfp___mathlib_tofloat  m_wm.l(narrow.o)
    0x080094c8   0x080094c8   0x000000d0   Code   RO         2175    i.__hardfp_ldexp    m_wm.l(ldexp.o)
    0x08009598   0x08009598   0x00000020   Code   RO         2208    i.__mathlib_dbl_overflow  m_wm.l(dunder.o)
    0x080095b8   0x080095b8   0x00000020   Code   RO         2210    i.__mathlib_dbl_underflow  m_wm.l(dunder.o)
    0x080095d8   0x080095d8   0x00000012   Code   RO         2055    i.__mathlib_narrow  m_wm.l(narrow.o)
    0x080095ea   0x080095ea   0x00000014   Code   RO         2177    i.__support_ldexp   m_wm.l(ldexp.o)
    0x080095fe   0x080095fe   0x0000000e   Code   RO         1896    i._is_digit         c_w.l(__printf_wp.o)
    0x0800960c   0x0800960c   0x00000004   PAD
    0x08009610   0x08009610   0x0000008c   Code   RO         2150    i.frexp             m_wm.l(frexp.o)
    0x0800969c   0x0800969c   0x0000002c   Code   RO         2040    locale$$code        c_w.l(lc_numeric_c.o)
    0x080096c8   0x080096c8   0x0000002c   Code   RO         2161    locale$$code        c_w.l(lc_ctype_c.o)
    0x080096f4   0x080096f4   0x00000062   Code   RO         1809    x$fpl$d2f           fz_wm.l(d2f.o)
    0x08009756   0x08009756   0x00000002   PAD
    0x08009758   0x08009758   0x00000150   Code   RO         1811    x$fpl$dadd          fz_wm.l(daddsub_clz.o)
    0x080098a8   0x080098a8   0x00000010   Code   RO         2240    x$fpl$dcheck1       fz_wm.l(dcheck1.o)
    0x080098b8   0x080098b8   0x00000018   Code   RO         2169    x$fpl$dcmpinf       fz_wm.l(dcmpi.o)
    0x080098d0   0x080098d0   0x000002b4   Code   RO         1818    x$fpl$ddiv          fz_wm.l(ddiv.o)
    0x08009b84   0x08009b84   0x00000078   Code   RO         2142    x$fpl$deqf          fz_wm.l(deqf.o)
    0x08009bfc   0x08009bfc   0x0000002e   Code   RO         1822    x$fpl$dflt          fz_wm.l(dflt_clz.o)
    0x08009c2a   0x08009c2a   0x00000002   PAD
    0x08009c2c   0x08009c2c   0x00000078   Code   RO         2171    x$fpl$dleqf         fz_wm.l(dleqf.o)
    0x08009ca4   0x08009ca4   0x00000154   Code   RO         1827    x$fpl$dmul          fz_wm.l(dmul.o)
    0x08009df8   0x08009df8   0x0000009c   Code   RO         1941    x$fpl$dnaninf       fz_wm.l(dnaninf.o)
    0x08009e94   0x08009e94   0x0000000c   Code   RO         1943    x$fpl$dretinf       fz_wm.l(dretinf.o)
    0x08009ea0   0x08009ea0   0x0000006c   Code   RO         2144    x$fpl$drleqf        fz_wm.l(drleqf.o)
    0x08009f0c   0x08009f0c   0x000001dc   Code   RO         1813    x$fpl$dsub          fz_wm.l(daddsub_clz.o)
    0x0800a0e8   0x0800a0e8   0x00000056   Code   RO         1829    x$fpl$f2d           fz_wm.l(f2d.o)
    0x0800a13e   0x0800a13e   0x0000008c   Code   RO         1945    x$fpl$fnaninf       fz_wm.l(fnaninf.o)
    0x0800a1ca   0x0800a1ca   0x0000001a   Code   RO         2173    x$fpl$fpinit        fz_wm.l(fpinit.o)
    0x0800a1e4   0x0800a1e4   0x0000000a   Code   RO         1947    x$fpl$fretinf       fz_wm.l(fretinf.o)
    0x0800a1ee   0x0800a1ee   0x00000006   Code   RO         2046    x$fpl$ieeestatus    fz_wm.l(istatus.o)
    0x0800a1f4   0x0800a1f4   0x00000004   Code   RO         1949    x$fpl$printf1       fz_wm.l(printf1.o)
    0x0800a1f8   0x0800a1f8   0x00000004   Code   RO         1951    x$fpl$printf2       fz_wm.l(printf2.o)
    0x0800a1fc   0x0800a1fc   0x00000064   Code   RO         2274    x$fpl$retnan        fz_wm.l(retnan.o)
    0x0800a260   0x0800a260   0x0000005c   Code   RO         2202    x$fpl$scalbn        fz_wm.l(scalbn.o)
    0x0800a2bc   0x0800a2bc   0x00000004   Code   RO         1831    x$fpl$scanf1        fz_wm.l(scanf1.o)
    0x0800a2c0   0x0800a2c0   0x00000008   Code   RO         2048    x$fpl$scanf2        fz_wm.l(scanf2.o)
    0x0800a2c8   0x0800a2c8   0x00000030   Code   RO         2276    x$fpl$trapveneer    fz_wm.l(trapv.o)
    0x0800a2f8   0x0800a2f8   0x00000000   Code   RO         1957    x$fpl$usenofp       fz_wm.l(usenofp.o)
    0x0800a2f8   0x0800a2f8   0x00000008   Data   RO         1855    .constdata          c_w.l(_printf_wctomb.o)
    0x0800a300   0x0800a300   0x00000028   Data   RO         1884    .constdata          c_w.l(_printf_hex_int_ll_ptr.o)
    0x0800a328   0x0800a328   0x00000011   Data   RO         1904    .constdata          c_w.l(__printf_flags_ss_wp.o)
    0x0800a339   0x0800a339   0x00000026   Data   RO         1998    .constdata          c_w.l(_printf_fp_hex.o)
    0x0800a35f   0x0800a35f   0x00000001   PAD
    0x0800a360   0x0800a360   0x00000094   Data   RO         2010    .constdata          c_w.l(bigflt0.o)
    0x0800a3f4   0x0800a3f4   0x00000010   Data   RO         1026    .rodata.AHBPrescTable  system_stm32f4xx.o
    0x0800a404   0x0800a404   0x00000008   Data   RO         1027    .rodata.APBPrescTable  system_stm32f4xx.o
    0x0800a40c   0x0800a40c   0x00000008   Data   RO          686    .rodata.cst8        stm32f4xx_hal_dma.o
    0x0800a414   0x0800a414   0x00000024   Data   RO           56    .rodata.defaultTask_attributes  freertos.o
    0x0800a438   0x0800a438   0x00000015   Data   RO           55    .rodata.str1.1      freertos.o
    0x0800a44d   0x0800a44d   0x00000005   Data   RO         1375    .rodata.str1.1      timers.o
    0x0800a452   0x0800a452   0x00000002   PAD
    0x0800a454   0x0800a454   0x00000020   Data   RO         2279    Region$$Table       anon$$obj.o
    0x0800a474   0x0800a474   0x00000008   Data   RO         2042    c$$dinf             fz_wm.l(fpconst.o)
    0x0800a47c   0x0800a47c   0x00000008   Data   RO         2045    c$$dmax             fz_wm.l(fpconst.o)
    0x0800a484   0x0800a484   0x0000001c   Data   RO         2039    locale$$data        c_w.l(lc_numeric_c.o)
    0x0800a4a0   0x0800a4a0   0x00000110   Data   RO         2160    locale$$data        c_w.l(lc_ctype_c.o)


    Execution Region RW_IRAM1 (Exec base: 0x20000000, Load base: 0x0800a5b0, Size: 0x00005ba8, Max: 0x0001c000, ABSOLUTE)

    Exec Addr    Load Addr    Size         Type   Attr      Idx    E Section Name        Object

    0x20000000   0x0800a5b0   0x00000008   Data   RW          864    .data..L_MergedGlobals  stm32f4xx_hal.o
    0x20000008   0x0800a5b8   0x00000004   Data   RW         1025    .data.SystemCoreClock  system_stm32f4xx.o
    0x2000000c   0x0800a5bc   0x0000002c   Data   RW         1743    .data.motor1        motor_task.o
    0x20000038   0x0800a5e8   0x0000002c   Data   RW         1745    .data.motor2        motor_task.o
    0x20000064   0x0800a614   0x0000002c   Data   RW         1747    .data.motor3        motor_task.o
    0x20000090   0x0800a640   0x0000002c   Data   RW         1749    .data.motor4        motor_task.o
    0x200000bc   0x0800a66c   0x00000004   Data   RW         1596    .data.uxCriticalNesting  port.o
    0x200000c0        -       0x00000060   Zero   RW         2063    .bss                c_w.l(libspace.o)
    0x20000120        -       0x00000078   Zero   RW         1325    .bss..L_MergedGlobals  tasks.o
    0x20000198        -       0x0000003c   Zero   RW         1376    .bss..L_MergedGlobals  timers.o
    0x200001d4        -       0x00000020   Zero   RW         1561    .bss..L_MergedGlobals  heap_4.o
    0x200001f4        -       0x00000008   Zero   RW         1597    .bss..L_MergedGlobals  port.o
    0x200001fc        -       0x00000020   Zero   RW         1701    .bss..L_MergedGlobals  chassis.o
    0x2000021c        -       0x00000020   Zero   RW         1750    .bss..L_MergedGlobals  motor_task.o
    0x2000023c        -       0x00000006   Zero   RW         1774    .bss..L_MergedGlobals  gyro_task.o
    0x20000242   0x0800a670   0x00000002   PAD
    0x20000244        -       0x00000028   Zero   RW         1326    .bss..L_MergedGlobals.1  tasks.o
    0x2000026c        -       0x00000004   Zero   RW         1761    .bss.Chassis_TaskHandle  chassis_task.o
    0x20000270        -       0x00000004   Zero   RW         1772    .bss.Gyro_TaskHandle  gyro_task.o
    0x20000274        -       0x00000004   Zero   RW         1535    .bss.KernelState    cmsis_os2.o
    0x20000278        -       0x00000004   Zero   RW         1737    .bss.Motor1_TaskHandle  motor_task.o
    0x2000027c        -       0x00000004   Zero   RW         1738    .bss.Motor2_TaskHandle  motor_task.o
    0x20000280        -       0x00000004   Zero   RW         1739    .bss.Motor3_TaskHandle  motor_task.o
    0x20000284        -       0x00000004   Zero   RW         1740    .bss.Motor4_TaskHandle  motor_task.o
    0x20000288        -       0x00000004   Zero   RW         1736    .bss.MotorPIDTest_TaskHandle  motor_task.o
    0x2000028c        -       0x00000004   Zero   RW         1714    .bss.VOFA_RxCallBack_TaskHandle  vofa_task.o
    0x20000290        -       0x00000004   Zero   RW         1715    .bss.VOFA_TaskHandle  vofa_task.o
    0x20000294        -       0x00000300   Zero   RW         1683    .bss.ctrledDataList  vofa.o
    0x20000594        -       0x00000004   Zero   RW           57    .bss.defaultTaskHandle  freertos.o
    0x20000598        -       0x00000060   Zero   RW          124    .bss.hdma_uart5_rx  usart.o
    0x200005f8        -       0x00000060   Zero   RW          125    .bss.hdma_uart5_tx  usart.o
    0x20000658        -       0x00000060   Zero   RW          126    .bss.hdma_usart1_rx  usart.o
    0x200006b8        -       0x00000060   Zero   RW          127    .bss.hdma_usart1_tx  usart.o
    0x20000718        -       0x00000048   Zero   RW          100    .bss.htim1          tim.o
    0x20000760        -       0x00000048   Zero   RW          101    .bss.htim2          tim.o
    0x200007a8        -       0x00000048   Zero   RW          102    .bss.htim3          tim.o
    0x200007f0        -       0x00000048   Zero   RW          103    .bss.htim4          tim.o
    0x20000838        -       0x00000048   Zero   RW          104    .bss.htim5          tim.o
    0x20000880        -       0x00000048   Zero   RW          186    .bss.htim6          stm32f4xx_hal_timebase_tim.o
    0x200008c8        -       0x00000048   Zero   RW          105    .bss.htim8          tim.o
    0x20000910        -       0x00000048   Zero   RW          123    .bss.huart1         usart.o
    0x20000958        -       0x00000048   Zero   RW          122    .bss.huart5         usart.o
    0x200009a0        -       0x00000054   Zero   RW         1762    .bss.positionPidForX  chassis_task.o
    0x200009f4        -       0x000000a0   Zero   RW         1374    .bss.prvCheckForValidListAndQueue.ucStaticTimerQueueStorage  timers.o
    0x20000a94        -       0x00000050   Zero   RW         1373    .bss.prvCheckForValidListAndQueue.xStaticTimerQueue  timers.o
    0x20000ae4        -       0x00000460   Zero   RW         1324    .bss.pxReadyTasksLists  tasks.o
    0x20000f44        -       0x00000080   Zero   RW         1773    .bss.receiveData    gyro_task.o
    0x20000fc4        -       0x00000080   Zero   RW         1682    .bss.rxBuffer_VOFA  vofa.o
    0x20001044        -       0x00000054   Zero   RW         1742    .bss.speedPidForMotor1  motor_task.o
    0x20001098        -       0x00000054   Zero   RW         1744    .bss.speedPidForMotor2  motor_task.o
    0x200010ec        -       0x00000054   Zero   RW         1746    .bss.speedPidForMotor3  motor_task.o
    0x20001140        -       0x00000054   Zero   RW         1748    .bss.speedPidForMotor4  motor_task.o
    0x20001194        -       0x00000114   Zero   RW         1684    .bss.uartToVOFA     vofa.o
    0x200012a8        -       0x00003c00   Zero   RW         1560    .bss.ucHeap         heap_4.o
    0x20004ea8        -       0x00000004   Zero   RW          863    .bss.uwTick         stm32f4xx_hal.o
    0x20004eac        -       0x00000200   Zero   RW         1537    .bss.vApplicationGetIdleTaskMemory.Idle_Stack  cmsis_os2.o
    0x200050ac        -       0x0000005c   Zero   RW         1536    .bss.vApplicationGetIdleTaskMemory.Idle_TCB  cmsis_os2.o
    0x20005108        -       0x00000400   Zero   RW         1539    .bss.vApplicationGetTimerTaskMemory.Timer_Stack  cmsis_os2.o
    0x20005508        -       0x0000005c   Zero   RW         1538    .bss.vApplicationGetTimerTaskMemory.Timer_TCB  cmsis_os2.o
    0x20005564        -       0x00000040   Zero   RW         1157    .bss.xQueueRegistry  queue.o
    0x200055a4   0x0800a670   0x00000004   PAD
    0x200055a8        -       0x00000200   Zero   RW            2    HEAP                startup_stm32f407xx.o
    0x200057a8        -       0x00000400   Zero   RW            1    STACK               startup_stm32f407xx.o


    Execution Region RW_IRAM2 (Exec base: 0x2001c000, Load base: 0x0800a670, Size: 0x00000000, Max: 0x00004000, ABSOLUTE)

    **** No section assigned to this execution region ****


==============================================================================

Image component sizes


      Code (inc. data)   RO Data    RW Data    ZI Data      Debug   Object Name

       170          0          0          0          0       4501   callback.o
        28          0          0          0         32       1368   chassis.o
       212         28          0          0         88       1727   chassis_task.o
       372          0          0          0       1724      44808   cmsis_os2.o
       124          0          0          0          0       3530   dma.o
       444         96         57          0          4       2779   freertos.o
       242          0          0          0          0       2286   gpio.o
        78          0          0          0        138       1920   gyro_task.o
       734          0          0          0      15392       5745   heap_4.o
       190          0          0          0          0       2355   list.o
       256          0          0          0          0       6202   main.o
       364          8          0          0          0       6353   motor.o
      1102        160          0        176        388       8027   motor_task.o
       882         24          0          0          0       4516   pid.o
       994         16          0          4          8       4133   port.o
      1576          0          0          0         64      28721   queue.o
        64         26        392          0       1536        852   startup_stm32f407xx.o
        92          0          0          8          4       7321   stm32f4xx_hal.o
       150          0          0          0          0      10812   stm32f4xx_hal_cortex.o
      1142          6          8          0          0      10608   stm32f4xx_hal_dma.o
       452          0          0          0          0       5312   stm32f4xx_hal_gpio.o
        66          0          0          0          0       3555   stm32f4xx_hal_msp.o
      1484          0          0          0          0       7377   stm32f4xx_hal_rcc.o
      2622          4          0          0          0      55090   stm32f4xx_hal_tim.o
       262          0          0          0          0      21215   stm32f4xx_hal_tim_ex.o
       188          0          0          0         72       7288   stm32f4xx_hal_timebase_tim.o
      3948          0          0          0          0      32147   stm32f4xx_hal_uart.o
       108          0          0          0          0       6109   stm32f4xx_it.o
        18          0         24          4          0       2657   system_stm32f4xx.o
      3662          8          0          0       1280      43978   tasks.o
      1358          0          0          0        432      11365   tim.o
      1086         20          5          0        300      16248   timers.o
       128          0          0          0          0       4361   uart_dma.o
       654          0          0          0        528       7542   usart.o
       324          8          0          0       1172       9982   vofa.o
       102         12          0          0          8       1225   vofa_task.o

    ----------------------------------------------------------------------
     25880        428        520        192      23176     394015   Object Totals
         0          0         32          0          0          0   (incl. Generated)
       202         12          2          0          6          0   (incl. Padding)

    ----------------------------------------------------------------------

      Code (inc. data)   RO Data    RW Data    ZI Data      Debug   Library Member Name

        60          8          0          0          0         84   __0sscanf.o
         8          0          0          0          0         68   __main.o
       392          4         17          0          0         92   __printf_flags_ss_wp.o
        14          0          0          0          0         68   __printf_wp.o
         0          0          0          0          0          0   __rtentry.o
        12          0          0          0          0          0   __rtentry2.o
         6          0          0          0          0          0   __rtentry4.o
        52          8          0          0          0          0   __scatter.o
        26          0          0          0          0          0   __scatter_copy.o
        28          0          0          0          0          0   __scatter_zi.o
        72          0          0          0          0         96   _c16rtomb.o
        28          0          0          0          0         68   _chval.o
         6          0          0          0          0          0   _printf_a.o
         6          0          0          0          0          0   _printf_c.o
        44          0          0          0          0        108   _printf_char.o
        48          6          0          0          0         96   _printf_char_common.o
        40          0          0          0          0         68   _printf_charcount.o
         6          0          0          0          0          0   _printf_d.o
       120         16          0          0          0         92   _printf_dec.o
         6          0          0          0          0          0   _printf_e.o
         6          0          0          0          0          0   _printf_f.o
      1052          0          0          0          0        148   _printf_fp_dec.o
       764          8         38          0          0        100   _printf_fp_hex.o
       128         16          0          0          0         84   _printf_fp_infnan.o
         6          0          0          0          0          0   _printf_g.o
       148          4         40          0          0        160   _printf_hex_int_ll_ptr.o
         6          0          0          0          0          0   _printf_i.o
       178          0          0          0          0         88   _printf_intcommon.o
        10          0          0          0          0          0   _printf_l.o
         6          0          0          0          0          0   _printf_lc.o
        10          0          0          0          0          0   _printf_ll.o
         6          0          0          0          0          0   _printf_lld.o
         6          0          0          0          0          0   _printf_lli.o
         6          0          0          0          0          0   _printf_llo.o
         6          0          0          0          0          0   _printf_llu.o
         6          0          0          0          0          0   _printf_llx.o
       124         16          0          0          0         92   _printf_longlong_dec.o
         6          0          0          0          0          0   _printf_ls.o
         6          0          0          0          0          0   _printf_n.o
         6          0          0          0          0          0   _printf_o.o
       112          8          0          0          0        124   _printf_oct_int_ll.o
         6          0          0          0          0          0   _printf_p.o
        78          0          0          0          0        108   _printf_pad.o
         0          0          0          0          0          0   _printf_percent.o
         4          0          0          0          0          0   _printf_percent_end.o
         6          0          0          0          0          0   _printf_s.o
        82          0          0          0          0         80   _printf_str.o
        36          0          0          0          0         84   _printf_truncate.o
         6          0          0          0          0          0   _printf_u.o
        44          0          0          0          0        108   _printf_wchar.o
       188          6          8          0          0         92   _printf_wctomb.o
         6          0          0          0          0          0   _printf_x.o
        22          0          0          0          0        100   _rserrno.o
       884          6          0          0          0        100   _scanf.o
       332          0          0          0          0         96   _scanf_int.o
        64          0          0          0          0         84   _sgetc.o
        16          0          0          0          0         68   _snputc.o
        16          0          0          0          0         68   aeabi_memset4.o
       228          4        148          0          0         96   bigflt0.o
      2152        136          0          0          0        956   btod.o
        18          0          0          0          0         80   exit.o
         6          0          0          0          0        152   heapauxi.o
         0          0          0          0          0          0   indicate_semi.o
        18          0          0          0          0         76   isspace.o
        44         10        272          0          0         76   lc_ctype_c.o
        44         10         28          0          0         76   lc_numeric_c.o
         2          0          0          0          0          0   libinit.o
        34          0          0          0          0          0   libinit2.o
         2          0          0          0          0          0   libshutdown.o
         2          0          0          0          0          0   libshutdown2.o
         8          4          0          0         96         68   libspace.o
        38          0          0          0          0         68   llshl.o
       138          0          0          0          0         80   lludiv10.o
       240          0          0          0          0        100   lludivv7m.o
        16          4          0          0          0         76   rt_ctype_table.o
         8          4          0          0          0         68   rt_errno_addr_intlibspace.o
         8          4          0          0          0         68   rt_locale_intlibspace.o
        78          0          0          0          0         80   rt_memclr_w.o
       138          0          0          0          0         68   rt_memcpy_v6.o
       100          0          0          0          0         80   rt_memcpy_w.o
         2          0          0          0          0          0   rtexit.o
        10          0          0          0          0          0   rtexit2.o
        44          8          0          0          0         84   scanf_char.o
      1272         16          0          0          0        168   scanf_fp.o
       800         14          0          0          0        100   scanf_hexfp.o
       308         16          0          0          0        100   scanf_infnan.o
       124          0          0          0          0         88   strcmpv7em.o
        62          0          0          0          0         76   strlen.o
       150          0          0          0          0         80   strncmp.o
        12          4          0          0          0         68   sys_exit.o
        74          0          0          0          0         80   sys_stackheap_outer.o
         2          0          0          0          0         68   use_no_semi.o
        60          4          0          0          0         80   vsnprintf.o
        98          4          0          0          0        140   d2f.o
       812         16          0          0          0        392   daddsub_clz.o
        16          4          0          0          0        116   dcheck1.o
        24          0          0          0          0        116   dcmpi.o
       692        140          0          0          0        264   ddiv.o
       120          4          0          0          0        140   deqf.o
        46          0          0          0          0        116   dflt_clz.o
       120          4          0          0          0        140   dleqf.o
       340         12          0          0          0        152   dmul.o
       156          4          0          0          0        140   dnaninf.o
        12          0          0          0          0        116   dretinf.o
       108          0          0          0          0        128   drleqf.o
        86          4          0          0          0        132   f2d.o
       140          4          0          0          0        132   fnaninf.o
         0          0         16          0          0          0   fpconst.o
        26          0          0          0          0        116   fpinit.o
        10          0          0          0          0        116   fretinf.o
         6          0          0          0          0        116   istatus.o
         4          0          0          0          0        116   printf1.o
         4          0          0          0          0        116   printf2.o
       100          0          0          0          0        116   retnan.o
        92          0          0          0          0        116   scalbn.o
         4          0          0          0          0        116   scanf1.o
         8          0          0          0          0        132   scanf2.o
        48          0          0          0          0        116   trapv.o
         0          0          0          0          0          0   usenofp.o
        64         16          0          0          0        248   dunder.o
        48          0          0          0          0        124   fpclassify.o
       140         22          0          0          0        132   frexp.o
       228          8          0          0          0        308   ldexp.o
       266         16          0          0          0        308   narrow.o

    ----------------------------------------------------------------------
     15448        602        568          0         96      10404   Library Totals
        26          0          1          0          0          0   (incl. Padding)

    ----------------------------------------------------------------------

      Code (inc. data)   RO Data    RW Data    ZI Data      Debug   Library Name

     11604        344        551          0         96       5884   c_w.l
      3072        196         16          0          0       3400   fz_wm.l
       746         62          0          0          0       1120   m_wm.l

    ----------------------------------------------------------------------
     15448        602        568          0         96      10404   Library Totals

    ----------------------------------------------------------------------

==============================================================================


      Code (inc. data)   RO Data    RW Data    ZI Data      Debug   

     41328       1030       1088        192      23272     397415   Grand Totals
     41328       1030       1088        192      23272     397415   ELF Image Totals
     41328       1030       1088        192          0          0   ROM Totals

==============================================================================

    Total RO  Size (Code + RO Data)                42416 (  41.42kB)
    Total RW  Size (RW Data + ZI Data)             23464 (  22.91kB)
    Total ROM Size (Code + RO Data + RW Data)      42608 (  41.61kB)

==============================================================================

