Component: Arm Compiler for Embedded 6.18 Tool: armlink [5e4cc100]

==============================================================================

Section Cross References

    startup_stm32f407xx.o(STACK) refers (Special) to heapauxi.o(.text) for __use_two_region_memory
    startup_stm32f407xx.o(HEAP) refers (Special) to heapauxi.o(.text) for __use_two_region_memory
    startup_stm32f407xx.o(RESET) refers (Special) to heapauxi.o(.text) for __use_two_region_memory
    startup_stm32f407xx.o(RESET) refers to startup_stm32f407xx.o(STACK) for __initial_sp
    startup_stm32f407xx.o(RESET) refers to startup_stm32f407xx.o(.text) for Reset_Handler
    startup_stm32f407xx.o(RESET) refers to stm32f4xx_it.o(.text.NMI_Handler) for NMI_Handler
    startup_stm32f407xx.o(RESET) refers to stm32f4xx_it.o(.text.HardFault_Handler) for HardFault_Handler
    startup_stm32f407xx.o(RESET) refers to stm32f4xx_it.o(.text.MemManage_Handler) for MemManage_Handler
    startup_stm32f407xx.o(RESET) refers to stm32f4xx_it.o(.text.BusFault_Handler) for BusFault_Handler
    startup_stm32f407xx.o(RESET) refers to stm32f4xx_it.o(.text.UsageFault_Handler) for UsageFault_Handler
    startup_stm32f407xx.o(RESET) refers to port.o(.text.SVC_Handler) for SVC_Handler
    startup_stm32f407xx.o(RESET) refers to stm32f4xx_it.o(.text.DebugMon_Handler) for DebugMon_Handler
    startup_stm32f407xx.o(RESET) refers to port.o(.text.PendSV_Handler) for PendSV_Handler
    startup_stm32f407xx.o(RESET) refers to cmsis_os2.o(.text.SysTick_Handler) for SysTick_Handler
    startup_stm32f407xx.o(RESET) refers to stm32f4xx_it.o(.text.DMA1_Stream0_IRQHandler) for DMA1_Stream0_IRQHandler
    startup_stm32f407xx.o(RESET) refers to stm32f4xx_it.o(.text.DMA1_Stream1_IRQHandler) for DMA1_Stream1_IRQHandler
    startup_stm32f407xx.o(RESET) refers to stm32f4xx_it.o(.text.DMA1_Stream3_IRQHandler) for DMA1_Stream3_IRQHandler
    startup_stm32f407xx.o(RESET) refers to stm32f4xx_it.o(.text.DMA1_Stream5_IRQHandler) for DMA1_Stream5_IRQHandler
    startup_stm32f407xx.o(RESET) refers to stm32f4xx_it.o(.text.DMA1_Stream6_IRQHandler) for DMA1_Stream6_IRQHandler
    startup_stm32f407xx.o(RESET) refers to stm32f4xx_it.o(.text.USART1_IRQHandler) for USART1_IRQHandler
    startup_stm32f407xx.o(RESET) refers to stm32f4xx_it.o(.text.USART2_IRQHandler) for USART2_IRQHandler
    startup_stm32f407xx.o(RESET) refers to stm32f4xx_it.o(.text.USART3_IRQHandler) for USART3_IRQHandler
    startup_stm32f407xx.o(RESET) refers to stm32f4xx_it.o(.text.DMA1_Stream7_IRQHandler) for DMA1_Stream7_IRQHandler
    startup_stm32f407xx.o(RESET) refers to stm32f4xx_it.o(.text.TIM5_IRQHandler) for TIM5_IRQHandler
    startup_stm32f407xx.o(RESET) refers to stm32f4xx_it.o(.text.UART5_IRQHandler) for UART5_IRQHandler
    startup_stm32f407xx.o(RESET) refers to stm32f4xx_it.o(.text.TIM6_DAC_IRQHandler) for TIM6_DAC_IRQHandler
    startup_stm32f407xx.o(RESET) refers to stm32f4xx_it.o(.text.DMA2_Stream2_IRQHandler) for DMA2_Stream2_IRQHandler
    startup_stm32f407xx.o(RESET) refers to stm32f4xx_it.o(.text.DMA2_Stream7_IRQHandler) for DMA2_Stream7_IRQHandler
    startup_stm32f407xx.o(.text) refers (Special) to heapauxi.o(.text) for __use_two_region_memory
    startup_stm32f407xx.o(.text) refers to system_stm32f4xx.o(.text.SystemInit) for SystemInit
    startup_stm32f407xx.o(.text) refers to __main.o(!!!main) for __main
    startup_stm32f407xx.o(.text) refers to startup_stm32f407xx.o(HEAP) for Heap_Mem
    startup_stm32f407xx.o(.text) refers to startup_stm32f407xx.o(STACK) for Stack_Mem
    callback.o(.text.HAL_UART_TxCpltCallback) refers to usart.o(.bss.huart1) for huart1
    callback.o(.text.HAL_UART_TxCpltCallback) refers to vofa.o(.bss.uartToVOFA) for uartToVOFA
    callback.o(.text.HAL_UART_TxCpltCallback) refers to uart_dma.o(.text.TxCallBack_DoubleBufferUartDMA) for TxCallBack_DoubleBufferUartDMA
    callback.o(.ARM.exidx.text.HAL_UART_TxCpltCallback) refers to callback.o(.text.HAL_UART_TxCpltCallback) for [Anonymous Symbol]
    callback.o(.text.HAL_UARTEx_RxEventCallback) refers to usart.o(.bss.huart1) for huart1
    callback.o(.text.HAL_UARTEx_RxEventCallback) refers to vofa_task.o(.bss.VOFA_RxCallBack_TaskHandle) for VOFA_RxCallBack_TaskHandle
    callback.o(.text.HAL_UARTEx_RxEventCallback) refers to tasks.o(.text.vTaskNotifyGiveFromISR) for vTaskNotifyGiveFromISR
    callback.o(.text.HAL_UARTEx_RxEventCallback) refers to usart.o(.bss.huart2) for huart2
    callback.o(.text.HAL_UARTEx_RxEventCallback) refers to cmd_task.o(.bss.Cmd_TaskHandle) for Cmd_TaskHandle
    callback.o(.text.HAL_UARTEx_RxEventCallback) refers to tasks.o(.text.xTaskGenericNotifyFromISR) for xTaskGenericNotifyFromISR
    callback.o(.text.HAL_UARTEx_RxEventCallback) refers to usart.o(.bss.huart3) for huart3
    callback.o(.text.HAL_UARTEx_RxEventCallback) refers to callback.o(.rodata.str1.1) for .L.str
    callback.o(.text.HAL_UARTEx_RxEventCallback) refers to vofa.o(.text.VOFA_SendFireWater) for VOFA_SendFireWater
[...]
    __ieee_status                            0x0800e883   Thumb Code     6  istatus.o(x$fpl$ieeestatus)
    _printf_fp_dec                           0x0800e889   Thumb Code     4  printf1.o(x$fpl$printf1)
    _printf_fp_hex                           0x0800e88d   Thumb Code     4  printf2.o(x$fpl$printf2)
    __fpl_return_NaN                         0x0800e891   Thumb Code   100  retnan.o(x$fpl$retnan)
    __ARM_scalbn                             0x0800e8f5   Thumb Code    92  scalbn.o(x$fpl$scalbn)
    _scanf_real                              0x0800e951   Thumb Code     4  scanf1.o(x$fpl$scanf1)
    _scanf_hex_real                          0x0800e955   Thumb Code     4  scanf2.o(x$fpl$scanf2)
    _scanf_infnan                            0x0800e959   Thumb Code     4  scanf2.o(x$fpl$scanf2)
    __fpl_cmpreturn                          0x0800e95d   Thumb Code    48  trapv.o(x$fpl$trapveneer)
    __I$use$fp                               0x0800e98c   Number         0  usenofp.o(x$fpl$usenofp)
    AHBPrescTable                            0x0800ea88   Data          16  system_stm32f4xx.o(.rodata.AHBPrescTable)
    APBPrescTable                            0x0800ea98   Data           8  system_stm32f4xx.o(.rodata.APBPrescTable)
    defaultTask_attributes                   0x0800eaa8   Data          36  freertos.o(.rodata.defaultTask_attributes)
    Region$$Table$$Base                      0x0800eb94   Number         0  anon$$obj.o(Region$$Table)
    Region$$Table$$Limit                     0x0800ebb4   Number         0  anon$$obj.o(Region$$Table)
    __aeabi_HUGE_VAL                         0x0800ebb4   Data           0  fpconst.o(c$$dinf)
    __aeabi_HUGE_VALL                        0x0800ebb4   Data           0  fpconst.o(c$$dinf)
    __aeabi_INFINITY                         0x0800ebb4   Data           0  fpconst.o(c$$dinf)
    __dInf                                   0x0800ebb4   Data           0  fpconst.o(c$$dinf)
    __huge_val                               0x0800ebb4   Data           0  fpconst.o(c$$dinf)
    __dbl_max                                0x0800ebbc   Data           0  fpconst.o(c$$dmax)
    __ctype                                  0x0800ebed   Data           0  lc_ctype_c.o(locale$$data)
    SystemCoreClock                          0x20000000   Data           4  system_stm32f4xx.o(.data.SystemCoreClock)
    chassis                                  0x20000004   Data          60  chassis.o(.data.chassis)
    chassisMode                              0x20000040   Data           1  chassis_task.o(.data.chassisMode)
    motor1                                   0x20000044   Data          52  motor_task.o(.data.motor1)
    motor2                                   0x20000078   Data          52  motor_task.o(.data.motor2)
    motor3                                   0x200000ac   Data          52  motor_task.o(.data.motor3)
    motor4                                   0x200000e0   Data          52  motor_task.o(.data.motor4)
    uwTickFreq                               0x20000268   Data           1  stm32f4xx_hal.o(.data.uwTickFreq)
    uwTickPrio                               0x2000026c   Data           4  stm32f4xx_hal.o(.data.uwTickPrio)
    __libspace_start                         0x20000278   Data          96  libspace.o(.bss)
    Chassis_TaskHandle                       0x200002d8   Data           4  chassis_task.o(.bss.Chassis_TaskHandle)
    __temporary_stack_top$libspace           0x200002d8   Data           0  libspace.o(.bss)
    Cmd_TaskHandle                           0x200002e4   Data           4  cmd_task.o(.bss.Cmd_TaskHandle)
    Init_TaskHandle                          0x200002e8   Data           4  freertos.o(.bss.Init_TaskHandle)
    Motor1_TaskHandle                        0x200002f0   Data           4  motor_task.o(.bss.Motor1_TaskHandle)
    Motor2_TaskHandle                        0x200002f4   Data           4  motor_task.o(.bss.Motor2_TaskHandle)
    Motor3_TaskHandle                        0x200002f8   Data           4  motor_task.o(.bss.Motor3_TaskHandle)
    Motor4_TaskHandle                        0x200002fc   Data           4  motor_task.o(.bss.Motor4_TaskHandle)
    VOFA_RxCallBack_TaskHandle               0x20000300   Data           4  vofa_task.o(.bss.VOFA_RxCallBack_TaskHandle)
    VOFA_TaskHandle                          0x20000304   Data           4  vofa_task.o(.bss.VOFA_TaskHandle)
    chassisDistance                          0x20000308   Data           8  chassis.o(.bss.chassisDistance)
    chassisSpeed                             0x20000310   Data          12  chassis.o(.bss.chassisSpeed)
    ctrledDataList                           0x2000031c   Data         768  vofa.o(.bss.ctrledDataList)
    defaultTaskHandle                        0x20000620   Data           4  freertos.o(.bss.defaultTaskHandle)
    gyroYawQueue                             0x20000624   Data           4  freertos.o(.bss.gyroYawQueue)
    hdma_uart5_rx                            0x20000628   Data          96  usart.o(.bss.hdma_uart5_rx)
    hdma_uart5_tx                            0x20000688   Data          96  usart.o(.bss.hdma_uart5_tx)
    hdma_usart1_rx                           0x200006e8   Data          96  usart.o(.bss.hdma_usart1_rx)
    hdma_usart1_tx                           0x20000748   Data          96  usart.o(.bss.hdma_usart1_tx)
    hdma_usart2_rx                           0x200007a8   Data          96  usart.o(.bss.hdma_usart2_rx)
    hdma_usart2_tx                           0x20000808   Data          96  usart.o(.bss.hdma_usart2_tx)
    hdma_usart3_rx                           0x20000868   Data          96  usart.o(.bss.hdma_usart3_rx)
    hdma_usart3_tx                           0x200008c8   Data          96  usart.o(.bss.hdma_usart3_tx)
    htim1                                    0x20000928   Data          72  tim.o(.bss.htim1)
    htim2                                    0x20000970   Data          72  tim.o(.bss.htim2)
    htim3                                    0x200009b8   Data          72  tim.o(.bss.htim3)
    htim4                                    0x20000a00   Data          72  tim.o(.bss.htim4)
    htim5                                    0x20000a48   Data          72  tim.o(.bss.htim5)
    htim6                                    0x20000a90   Data          72  stm32f4xx_hal_timebase_tim.o(.bss.htim6)
    htim8                                    0x20000ad8   Data          72  tim.o(.bss.htim8)
    htim9                                    0x20000b20   Data          72  tim.o(.bss.htim9)
    huart1                                   0x20000b68   Data          72  usart.o(.bss.huart1)
    huart2                                   0x20000bb0   Data          72  usart.o(.bss.huart2)
    huart3                                   0x20000bf8   Data          72  usart.o(.bss.huart3)
    huart5                                   0x20000c40   Data          72  usart.o(.bss.huart5)
    isStart                                  0x20000c88   Data           1  chassis_task.o(.bss.isStart)
    positionPidForW                          0x20000c8c   Data          84  chassis.o(.bss.positionPidForW)
    positionPidForX                          0x20000ce0   Data          84  chassis.o(.bss.positionPidForX)
    positionPidForY                          0x20000d34   Data          84  chassis.o(.bss.positionPidForY)
    pxCurrentTCB                             0x20000e7c   Data           4  tasks.o(.bss.pxCurrentTCB)
    qrNumberInCameraProcessing               0x200012f4   Data           1  chassis_task.o(.bss.qrNumberInCameraProcessing)
    rxBufferFrom2_4G                         0x200012f5   Data          64  cmd_task.o(.bss.rxBufferFrom2_4G)
    rxBufferFromCamera                       0x20001335   Data          12  cmd_task.o(.bss.rxBufferFromCamera)
    rxBufferFromGyro                         0x20001341   Data          12  cmd_task.o(.bss.rxBufferFromGyro)
    rxBuffer_VOFA                            0x2000134d   Data         128  vofa.o(.bss.rxBuffer_VOFA)
    speedPidForMotor1                        0x200013d0   Data          84  motor_task.o(.bss.speedPidForMotor1)
    speedPidForMotor2                        0x20001424   Data          84  motor_task.o(.bss.speedPidForMotor2)
    speedPidForMotor3                        0x20001478   Data          84  motor_task.o(.bss.speedPidForMotor3)
    speedPidForMotor4                        0x200014cc   Data          84  motor_task.o(.bss.speedPidForMotor4)
    uartToVOFA                               0x20001520   Data         276  vofa.o(.bss.uartToVOFA)
    uwTick                                   0x2000523c   Data           4  stm32f4xx_hal.o(.bss.uwTick)
    vofaQueue                                0x2000590c   Data           4  freertos.o(.bss.vofaQueue)
    wheelSpeed                               0x20005910   Data          16  chassis.o(.bss.wheelSpeed)
    xQueueRegistry                           0x200059a8   Data          64  queue.o(.bss.xQueueRegistry)



==============================================================================

Memory Map of the image

  Image Entry point : 0x08000189

  Load Region LR_IROM1 (Base: 0x08000000, Size: 0x0000ef68, Max: 0x00100000, ABSOLUTE, COMPRESSED[0x0000ede8])

    Execution Region ER_IROM1 (Exec base: 0x08000000, Load base: 0x08000000, Size: 0x0000ecf0, Max: 0x00100000, ABSOLUTE)

    Exec Addr    Load Addr    Size         Type   Attr      Idx    E Section Name        Object

    0x08000000   0x08000000   0x00000188   Data   RO            3    RESET               startup_stm32f407xx.o
    0x08000188   0x08000188   0x00000008   Code   RO         2069  * !!!main             c_w.l(__main.o)
    0x08000190   0x08000190   0x00000034   Code   RO         2556    !!!scatter          c_w.l(__scatter.o)
    0x080001c4   0x080001c4   0x0000005a   Code   RO         2554    !!dczerorl2         c_w.l(__dczerorl2.o)
    0x0800021e   0x0800021e   0x00000002   PAD
    0x08000220   0x08000220   0x0000001c   Code   RO         2558    !!handler_zi        c_w.l(__scatter_zi.o)
    0x0800023c   0x0800023c   0x00000000   Code   RO         2175    .ARM.Collect$$_printf_percent$$00000000  c_w.l(_printf_percent.o)
    0x0800023c   0x0800023c   0x00000006   Code   RO         2164    .ARM.Collect$$_printf_percent$$00000001  c_w.l(_printf_n.o)
    0x08000242   0x08000242   0x00000006   Code   RO         2166    .ARM.Collect$$_printf_percent$$00000002  c_w.l(_printf_p.o)
    0x08000248   0x08000248   0x00000006   Code   RO         2171    .ARM.Collect$$_printf_percent$$00000003  c_w.l(_printf_f.o)
    0x0800024e   0x0800024e   0x00000006   Code   RO         2172    .ARM.Collect$$_printf_percent$$00000004  c_w.l(_printf_e.o)
    0x08000254   0x08000254   0x00000006   Code   RO         2173    .ARM.Collect$$_printf_percent$$00000005  c_w.l(_printf_g.o)
    0x0800025a   0x0800025a   0x00000006   Code   RO         2174    .ARM.Collect$$_printf_percent$$00000006  c_w.l(_printf_a.o)
    0x08000260   0x08000260   0x0000000a   Code   RO         2179    .ARM.Collect$$_printf_percent$$00000007  c_w.l(_printf_ll.o)
    0x0800026a   0x0800026a   0x00000006   Code   RO         2168    .ARM.Collect$$_printf_percent$$00000008  c_w.l(_printf_i.o)
    0x08000270   0x08000270   0x00000006   Code   RO         2169    .ARM.Collect$$_printf_percent$$00000009  c_w.l(_printf_d.o)
    0x08000276   0x08000276   0x00000006   Code   RO         2170    .ARM.Collect$$_printf_percent$$0000000A  c_w.l(_printf_u.o)
    0x0800027c   0x0800027c   0x00000006   Code   RO         2167    .ARM.Collect$$_printf_percent$$0000000B  c_w.l(_printf_o.o)
    0x08000282   0x08000282   0x00000006   Code   RO         2165    .ARM.Collect$$_printf_percent$$0000000C  c_w.l(_printf_x.o)
    0x08000288   0x08000288   0x00000006   Code   RO         2176    .ARM.Collect$$_printf_percent$$0000000D  c_w.l(_printf_lli.o)
    0x0800028e   0x0800028e   0x00000006   Code   RO         2177    .ARM.Collect$$_printf_percent$$0000000E  c_w.l(_printf_lld.o)
    0x08000294   0x08000294   0x00000006   Code   RO         2178    .ARM.Collect$$_printf_percent$$0000000F  c_w.l(_printf_llu.o)
    0x0800029a   0x0800029a   0x00000006   Code   RO         2183    .ARM.Collect$$_printf_percent$$00000010  c_w.l(_printf_llo.o)
    0x080002a0   0x080002a0   0x00000006   Code   RO         2184    .ARM.Collect$$_printf_percent$$00000011  c_w.l(_printf_llx.o)
    0x080002a6   0x080002a6   0x0000000a   Code   RO         2180    .ARM.Collect$$_printf_percent$$00000012  c_w.l(_printf_l.o)
    0x080002b0   0x080002b0   0x00000006   Code   RO         2162    .ARM.Collect$$_printf_percent$$00000013  c_w.l(_printf_c.o)
    0x080002b6   0x080002b6   0x00000006   Code   RO         2163    .ARM.Collect$$_printf_percent$$00000014  c_w.l(_printf_s.o)
    0x080002bc   0x080002bc   0x00000006   Code   RO         2181    .ARM.Collect$$_printf_percent$$00000015  c_w.l(_printf_lc.o)
    0x080002c2   0x080002c2   0x00000006   Code   RO         2182    .ARM.Collect$$_printf_percent$$00000016  c_w.l(_printf_ls.o)
    0x080002c8   0x080002c8   0x00000004   Code   RO         2262    .ARM.Collect$$_printf_percent$$00000017  c_w.l(_printf_percent_end.o)
    0x080002cc   0x080002cc   0x00000002   Code   RO         2341    .ARM.Collect$$libinit$$00000000  c_w.l(libinit.o)
    0x080002ce   0x080002ce   0x00000004   Code   RO         2388    .ARM.Collect$$libinit$$00000001  c_w.l(libinit2.o)
    0x080002d2   0x080002d2   0x00000000   Code   RO         2391    .ARM.Collect$$libinit$$00000004  c_w.l(libinit2.o)
    0x080002d2   0x080002d2   0x00000000   Code   RO         2393    .ARM.Collect$$libinit$$00000006  c_w.l(libinit2.o)
    0x080002d2   0x080002d2   0x00000000   Code   RO         2396    .ARM.Collect$$libinit$$0000000C  c_w.l(libinit2.o)
    0x080002d2   0x080002d2   0x00000000   Code   RO         2398    .ARM.Collect$$libinit$$0000000E  c_w.l(libinit2.o)
    0x080002d2   0x080002d2   0x00000000   Code   RO         2400    .ARM.Collect$$libinit$$00000010  c_w.l(libinit2.o)
    0x080002d2   0x080002d2   0x00000006   Code   RO         2401    .ARM.Collect$$libinit$$00000011  c_w.l(libinit2.o)
    0x080002d8   0x080002d8   0x00000000   Code   RO         2403    .ARM.Collect$$libinit$$00000013  c_w.l(libinit2.o)
    0x080002d8   0x080002d8   0x0000000c   Code   RO         2404    .ARM.Collect$$libinit$$00000014  c_w.l(libinit2.o)
    0x080002e4   0x080002e4   0x00000000   Code   RO         2405    .ARM.Collect$$libinit$$00000015  c_w.l(libinit2.o)
    0x080002e4   0x080002e4   0x00000000   Code   RO         2407    .ARM.Collect$$libinit$$00000017  c_w.l(libinit2.o)
    0x080002e4   0x080002e4   0x0000000a   Code   RO         2408    .ARM.Collect$$libinit$$00000018  c_w.l(libinit2.o)
    0x080002ee   0x080002ee   0x00000000   Code   RO         2409    .ARM.Collect$$libinit$$00000019  c_w.l(libinit2.o)
    0x080002ee   0x080002ee   0x00000000   Code   RO         2411    .ARM.Collect$$libinit$$0000001B  c_w.l(libinit2.o)
    0x080002ee   0x080002ee   0x00000000   Code   RO         2413    .ARM.Collect$$libinit$$0000001D  c_w.l(libinit2.o)
    0x080002ee   0x080002ee   0x00000000   Code   RO         2415    .ARM.Collect$$libinit$$0000001F  c_w.l(libinit2.o)
    0x080002ee   0x080002ee   0x00000000   Code   RO         2417    .ARM.Collect$$libinit$$00000021  c_w.l(libinit2.o)
    0x080002ee   0x080002ee   0x00000000   Code   RO         2419    .ARM.Collect$$libinit$$00000023  c_w.l(libinit2.o)
    0x080002ee   0x080002ee   0x00000000   Code   RO         2421    .ARM.Collect$$libinit$$00000025  c_w.l(libinit2.o)
    0x080002ee   0x080002ee   0x00000000   Code   RO         2423    .ARM.Collect$$libinit$$00000027  c_w.l(libinit2.o)
    0x080002ee   0x080002ee   0x00000000   Code   RO         2427    .ARM.Collect$$libinit$$0000002E  c_w.l(libinit2.o)
    0x080002ee   0x080002ee   0x00000000   Code   RO         2429    .ARM.Collect$$libinit$$00000030  c_w.l(libinit2.o)
    0x080002ee   0x080002ee   0x00000000   Code   RO         2431    .ARM.Collect$$libinit$$00000032  c_w.l(libinit2.o)
    0x080002ee   0x080002ee   0x00000000   Code   RO         2433    .ARM.Collect$$libinit$$00000034  c_w.l(libinit2.o)
    0x080002ee   0x080002ee   0x00000002   Code   RO         2434    .ARM.Collect$$libinit$$00000035  c_w.l(libinit2.o)
    0x080002f0   0x080002f0   0x00000002   Code   RO         2487    .ARM.Collect$$libshutdown$$00000000  c_w.l(libshutdown.o)
    0x080002f2   0x080002f2   0x00000000   Code   RO         2531    .ARM.Collect$$libshutdown$$00000002  c_w.l(libshutdown2.o)
    0x080002f2   0x080002f2   0x00000000   Code   RO         2533    .ARM.Collect$$libshutdown$$00000004  c_w.l(libshutdown2.o)
    0x080002f2   0x080002f2   0x00000000   Code   RO         2536    .ARM.Collect$$libshutdown$$00000007  c_w.l(libshutdown2.o)
    0x080002f2   0x080002f2   0x00000000   Code   RO         2539    .ARM.Collect$$libshutdown$$0000000A  c_w.l(libshutdown2.o)
    0x080002f2   0x080002f2   0x00000000   Code   RO         2541    .ARM.Collect$$libshutdown$$0000000C  c_w.l(libshutdown2.o)
    0x080002f2   0x080002f2   0x00000000   Code   RO         2544    .ARM.Collect$$libshutdown$$0000000F  c_w.l(libshutdown2.o)
    0x080002f2   0x080002f2   0x00000002   Code   RO         2545    .ARM.Collect$$libshutdown$$00000010  c_w.l(libshutdown2.o)
    0x080002f4   0x080002f4   0x00000000   Code   RO         2089    .ARM.Collect$$rtentry$$00000000  c_w.l(__rtentry.o)
    0x080002f4   0x080002f4   0x00000000   Code   RO         2227    .ARM.Collect$$rtentry$$00000002  c_w.l(__rtentry2.o)
    0x080002f4   0x080002f4   0x00000006   Code   RO         2239    .ARM.Collect$$rtentry$$00000004  c_w.l(__rtentry4.o)
    0x080002fa   0x080002fa   0x00000000   Code   RO         2229    .ARM.Collect$$rtentry$$00000009  c_w.l(__rtentry2.o)
    0x080002fa   0x080002fa   0x00000004   Code   RO         2230    .ARM.Collect$$rtentry$$0000000A  c_w.l(__rtentry2.o)
    0x080002fe   0x080002fe   0x00000000   Code   RO         2232    .ARM.Collect$$rtentry$$0000000C  c_w.l(__rtentry2.o)
    0x080002fe   0x080002fe   0x00000008   Code   RO         2233    .ARM.Collect$$rtentry$$0000000D  c_w.l(__rtentry2.o)
    0x08000306   0x08000306   0x00000002   Code   RO         2367    .ARM.Collect$$rtexit$$00000000  c_w.l(rtexit.o)
    0x08000308   0x08000308   0x00000000   Code   RO         2448    .ARM.Collect$$rtexit$$00000002  c_w.l(rtexit2.o)
    0x08000308   0x08000308   0x00000004   Code   RO         2449    .ARM.Collect$$rtexit$$00000003  c_w.l(rtexit2.o)
    0x0800030c   0x0800030c   0x00000006   Code   RO         2450    .ARM.Collect$$rtexit$$00000004  c_w.l(rtexit2.o)
    0x08000312   0x08000312   0x00000002   PAD
    0x08000314   0x08000314   0x00000040   Code   RO            4    .text               startup_stm32f407xx.o
    0x08000354   0x08000354   0x000000f0   Code   RO         2045    .text               c_w.l(lludivv7m.o)
    0x08000444   0x08000444   0x0000003c   Code   RO         2047    .text               c_w.l(vsnprintf.o)
    0x08000480   0x08000480   0x0000003c   Code   RO         2049    .text               c_w.l(sscanf.o)
    0x080004bc   0x080004bc   0x0000003e   Code   RO         2051    .text               c_w.l(strlen.o)
    0x080004fa   0x080004fa   0x00000096   Code   RO         2053    .text               c_w.l(strncmp.o)
    0x08000590   0x08000590   0x0000008a   Code   RO         2055    .text               c_w.l(rt_memcpy_v6.o)
    0x0800061a   0x0800061a   0x00000064   Code   RO         2057    .text               c_w.l(rt_memcpy_w.o)
    0x0800067e   0x0800067e   0x00000010   Code   RO         2061    .text               c_w.l(aeabi_memset4.o)
    0x0800068e   0x0800068e   0x0000004e   Code   RO         2065    .text               c_w.l(rt_memclr_w.o)
    0x080006dc   0x080006dc   0x00000006   Code   RO         2067    .text               c_w.l(heapauxi.o)
    0x080006e2   0x080006e2   0x0000004e   Code   RO         2096    .text               c_w.l(_printf_pad.o)
    0x08000730   0x08000730   0x00000024   Code   RO         2098    .text               c_w.l(_printf_truncate.o)
    0x08000754   0x08000754   0x00000052   Code   RO         2100    .text               c_w.l(_printf_str.o)
    0x080007a6   0x080007a6   0x00000002   PAD
    0x080007a8   0x080007a8   0x00000078   Code   RO         2102    .text               c_w.l(_printf_dec.o)
    0x08000820   0x08000820   0x00000028   Code   RO         2104    .text               c_w.l(_printf_charcount.o)
    0x08000848   0x08000848   0x00000030   Code   RO         2106    .text               c_w.l(_printf_char_common.o)
    0x08000878   0x08000878   0x00000010   Code   RO         2108    .text               c_w.l(_snputc.o)
    0x08000888   0x08000888   0x000000bc   Code   RO         2110    .text               c_w.l(_printf_wctomb.o)
    0x08000944   0x08000944   0x0000007c   Code   RO         2113    .text               c_w.l(_printf_longlong_dec.o)
    0x080009c0   0x080009c0   0x00000070   Code   RO         2119    .text               c_w.l(_printf_oct_int_ll.o)
    0x08000a30   0x08000a30   0x00000094   Code   RO         2139    .text               c_w.l(_printf_hex_int_ll_ptr.o)
    0x08000ac4   0x08000ac4   0x00000188   Code   RO         2159    .text               c_w.l(__printf_flags_ss_wp.o)
    0x08000c4c   0x08000c4c   0x00000156   Code   RO         2185    .text               c_w.l(_scanf_longlong.o)
    0x08000da2   0x08000da2   0x0000014c   Code   RO         2187    .text               c_w.l(_scanf_int.o)
    0x08000eee   0x08000eee   0x000000e0   Code   RO         2189    .text               c_w.l(_scanf_str.o)
    0x08000fce   0x08000fce   0x00000002   PAD
    0x08000fd0   0x08000fd0   0x0000002c   Code   RO         2191    .text               c_w.l(scanf_char.o)
    0x08000ffc   0x08000ffc   0x00000040   Code   RO         2193    .text               c_w.l(_sgetc.o)
    0x0800103c   0x0800103c   0x00000114   Code   RO         2195    .text               c_w.l(_scanf_mbtowc.o)
    0x08001150   0x08001150   0x000000e8   Code   RO         2197    .text               c_w.l(_scanf_wctomb.o)
    0x08001238   0x08001238   0x000000d0   Code   RO         2199    .text               c_w.l(_scanf_wstr.o)
    0x08001308   0x08001308   0x0000008a   Code   RO         2243    .text               c_w.l(lludiv10.o)
    0x08001392   0x08001392   0x00000012   Code   RO         2245    .text               c_w.l(isspace.o)
    0x080013a4   0x080013a4   0x000000b2   Code   RO         2247    .text               c_w.l(_printf_intcommon.o)
    0x08001456   0x08001456   0x0000041c   Code   RO         2249    .text               c_w.l(_printf_fp_dec.o)
    0x08001872   0x08001872   0x00000002   PAD
    0x08001874   0x08001874   0x000002fc   Code   RO         2253    .text               c_w.l(_printf_fp_hex.o)
    0x08001b70   0x08001b70   0x0000002c   Code   RO         2258    .text               c_w.l(_printf_char.o)
    0x08001b9c   0x08001b9c   0x0000002c   Code   RO         2260    .text               c_w.l(_printf_wchar.o)
    0x08001bc8   0x08001bc8   0x0000001c   Code   RO         2263    .text               c_w.l(_chval.o)
    0x08001be4   0x08001be4   0x00000374   Code   RO         2265    .text               c_w.l(_scanf.o)
    0x08001f58   0x08001f58   0x000004f8   Code   RO         2267    .text               c_w.l(scanf_fp.o)
    0x08002450   0x08002450   0x0000001e   Code   RO         2271    .text               c_w.l(_scanf_wcharmap.o)
    0x0800246e   0x0800246e   0x00000040   Code   RO         2273    .text               c_w.l(_mbrtoc16.o)
    0x080024ae   0x080024ae   0x00000048   Code   RO         2275    .text               c_w.l(_c16rtomb.o)
    0x080024f6   0x080024f6   0x0000004a   Code   RO         2279    .text               c_w.l(sys_stackheap_outer.o)
    0x08002540   0x08002540   0x00000010   Code   RO         2281    .text               c_w.l(rt_ctype_table.o)
    0x08002550   0x08002550   0x00000008   Code   RO         2286    .text               c_w.l(rt_locale_intlibspace.o)
    0x08002558   0x08002558   0x00000008   Code   RO         2291    .text               c_w.l(rt_errno_addr_intlibspace.o)
    0x08002560   0x08002560   0x00000026   Code   RO         2293    .text               c_w.l(llshl.o)
    0x08002586   0x08002586   0x00000002   PAD
    0x08002588   0x08002588   0x00000080   Code   RO         2295    .text               c_w.l(_printf_fp_infnan.o)
    0x08002608   0x08002608   0x000000e4   Code   RO         2297    .text               c_w.l(bigflt0.o)
    0x080026ec   0x080026ec   0x00000012   Code   RO         2330    .text               c_w.l(exit.o)
    0x080026fe   0x080026fe   0x00000002   PAD
    0x08002700   0x08002700   0x00000008   Code   RO         2364    .text               c_w.l(libspace.o)
    0x08002708   0x08002708   0x00000016   Code   RO         2371    .text               c_w.l(_rserrno.o)
    0x0800271e   0x0800271e   0x00000002   PAD
    0x08002720   0x08002720   0x00000320   Code   RO         2373    .text               c_w.l(scanf_hexfp.o)
    0x08002a40   0x08002a40   0x00000134   Code   RO         2375    .text               c_w.l(scanf_infnan.o)
    0x08002b74   0x08002b74   0x00000004   PAD
    0x08002b78   0x08002b78   0x0000007c   Code   RO         2386    .text               c_w.l(strcmpv7em.o)
    0x08002bf4   0x08002bf4   0x0000000c   Code   RO         2443    .text               c_w.l(sys_exit.o)
    0x08002c00   0x08002c00   0x00000002   Code   RO         2476    .text               c_w.l(use_no_semi.o)
    0x08002c02   0x08002c02   0x00000000   Code   RO         2478    .text               c_w.l(indicate_semi.o)
    0x08002c02   0x08002c02   0x00000002   PAD
    0x08002c04   0x08002c04   0x00000004   Code   RO          155    .text.BusFault_Handler  stm32f4xx_it.o
    0x08002c08   0x08002c08   0x000000e8   Code   RO         2022    .text.CMD_2_4G_CallBack  cmd_task.o
    0x08002cf0   0x08002cf0   0x000000de   Code   RO         2024    .text.CMD_Camera_CallBack  cmd_task.o
    0x08002dce   0x08002dce   0x00000002   PAD
    0x08002dd0   0x08002dd0   0x0000002a   Code   RO         1912    .text.Chassis_GetEncoder  chassis.o
    0x08002dfa   0x08002dfa   0x00000002   PAD
    0x08002dfc   0x08002dfc   0x00000084   Code   RO         1898    .text.Chassis_Init  chassis.o
    0x08002e80   0x08002e80   0x0000028c   Code   RO         1979    .text.Chassis_Task  chassis_task.o
    0x0800310c   0x0800310c   0x0000004a   Code   RO         1872    .text.ClearCtrlDataList  vofa.o
    0x08003156   0x08003156   0x00000002   PAD
    0x08003158   0x08003158   0x00000080   Code   RO         2026    .text.Cmd_Gyro_CallBack  cmd_task.o
    0x080031d8   0x080031d8   0x000000c0   Code   RO         2028    .text.Cmd_Gyro_GetYaw  cmd_task.o
    0x08003298   0x08003298   0x00000166   Code   RO         2020    .text.Cmd_Task      cmd_task.o
    0x080033fe   0x080033fe   0x00000002   PAD
    0x08003400   0x08003400   0x00000010   Code   RO          161    .text.DMA1_Stream0_IRQHandler  stm32f4xx_it.o
    0x08003410   0x08003410   0x00000010   Code   RO          163    .text.DMA1_Stream1_IRQHandler  stm32f4xx_it.o
    0x08003420   0x08003420   0x00000010   Code   RO          165    .text.DMA1_Stream3_IRQHandler  stm32f4xx_it.o
    0x08003430   0x08003430   0x00000010   Code   RO          167    .text.DMA1_Stream5_IRQHandler  stm32f4xx_it.o
    0x08003440   0x08003440   0x00000010   Code   RO          169    .text.DMA1_Stream6_IRQHandler  stm32f4xx_it.o
    0x08003450   0x08003450   0x00000010   Code   RO          177    .text.DMA1_Stream7_IRQHandler  stm32f4xx_it.o
    0x08003460   0x08003460   0x00000010   Code   RO          185    .text.DMA2_Stream2_IRQHandler  stm32f4xx_it.o
    0x08003470   0x08003470   0x00000010   Code   RO          187    .text.DMA2_Stream7_IRQHandler  stm32f4xx_it.o
    0x08003480   0x08003480   0x00000056   Code   RO          732    .text.DMA_CalcBaseAndBitshift  stm32f4xx_hal_dma.o
    0x080034d6   0x080034d6   0x00000002   PAD
    0x080034d8   0x080034d8   0x000000f0   Code   RO          730    .text.DMA_CheckFifoParam  stm32f4xx_hal_dma.o
    0x080035c8   0x080035c8   0x00000050   Code   RO          738    .text.DMA_SetConfig  stm32f4xx_hal_dma.o
    0x08003618   0x08003618   0x00000002   Code   RO          159    .text.DebugMon_Handler  stm32f4xx_it.o
    0x0800361a   0x0800361a   0x00000002   PAD
    0x0800361c   0x0800361c   0x00000028   Code   RO         1855    .text.DoubleBufferUartDMA_Init  uart_dma.o
    0x08003644   0x08003644   0x00000060   Code   RO         1857    .text.DoubleBufferUartDMA_Send  uart_dma.o
    0x080036a4   0x080036a4   0x00000006   Code   RO           29    .text.Error_Handler  main.o
    0x080036aa   0x080036aa   0x00000006   PAD
    0x080036b0   0x080036b0   0x000000d0   Code   RO         1910    .text.GetDistance_FourWheel  chassis.o
    0x08003780   0x08003780   0x0000001e   Code   RO         1809    .text.GetEncoder    motor.o
    0x0800379e   0x0800379e   0x00000002   PAD
    0x080037a0   0x080037a0   0x000000ec   Code   RO          742    .text.HAL_DMA_Abort  stm32f4xx_hal_dma.o
    0x0800388c   0x0800388c   0x00000044   Code   RO          744    .text.HAL_DMA_Abort_IT  stm32f4xx_hal_dma.o
    0x080038d0   0x080038d0   0x0000031e   Code   RO          748    .text.HAL_DMA_IRQHandler  stm32f4xx_hal_dma.o
    0x08003bee   0x08003bee   0x00000002   PAD
    0x08003bf0   0x08003bf0   0x0000016e   Code   RO          728    .text.HAL_DMA_Init  stm32f4xx_hal_dma.o
    0x08003d5e   0x08003d5e   0x00000002   PAD
    0x08003d60   0x08003d60   0x000000c2   Code   RO          740    .text.HAL_DMA_Start_IT  stm32f4xx_hal_dma.o
    0x08003e22   0x08003e22   0x00000002   PAD
    0x08003e24   0x08003e24   0x000003b6   Code   RO          690    .text.HAL_GPIO_Init  stm32f4xx_hal_gpio.o
    0x080041da   0x080041da   0x00000002   PAD
    0x080041dc   0x080041dc   0x0000002e   Code   RO          696    .text.HAL_GPIO_WritePin  stm32f4xx_hal_gpio.o
    0x0800420a   0x0800420a   0x00000002   PAD
    0x0800420c   0x0800420c   0x0000000c   Code   RO          915    .text.HAL_GetTick   stm32f4xx_hal.o
    0x08004218   0x08004218   0x0000001a   Code   RO          913    .text.HAL_IncTick   stm32f4xx_hal.o
    0x08004232   0x08004232   0x00000002   PAD
    0x08004234   0x08004234   0x00000036   Code   RO          903    .text.HAL_Init      stm32f4xx_hal.o
    0x0800426a   0x0800426a   0x00000002   PAD
    0x0800426c   0x0800426c   0x000000f0   Code   RO          204    .text.HAL_InitTick  stm32f4xx_hal_timebase_tim.o
    0x0800435c   0x0800435c   0x00000058   Code   RO          196    .text.HAL_MspInit   stm32f4xx_hal_msp.o
    0x080043b4   0x080043b4   0x00000014   Code   RO          838    .text.HAL_NVIC_EnableIRQ  stm32f4xx_hal_cortex.o
    0x080043c8   0x080043c8   0x00000032   Code   RO          830    .text.HAL_NVIC_SetPriority  stm32f4xx_hal_cortex.o
    0x080043fa   0x080043fa   0x00000002   PAD
    0x080043fc   0x080043fc   0x00000010   Code   RO          826    .text.HAL_NVIC_SetPriorityGrouping  stm32f4xx_hal_cortex.o
    0x0800440c   0x0800440c   0x00000262   Code   RO          558    .text.HAL_RCC_ClockConfig  stm32f4xx_hal_rcc.o
    0x0800466e   0x0800466e   0x00000002   PAD
    0x08004670   0x08004670   0x00000054   Code   RO          576    .text.HAL_RCC_GetClockConfig  stm32f4xx_hal_rcc.o
    0x080046c4   0x080046c4   0x0000000c   Code   RO          568    .text.HAL_RCC_GetHCLKFreq  stm32f4xx_hal_rcc.o
    0x080046d0   0x080046d0   0x00000022   Code   RO          570    .text.HAL_RCC_GetPCLK1Freq  stm32f4xx_hal_rcc.o
    0x080046f2   0x080046f2   0x00000002   PAD
    0x080046f4   0x080046f4   0x00000022   Code   RO          572    .text.HAL_RCC_GetPCLK2Freq  stm32f4xx_hal_rcc.o
    0x08004716   0x08004716   0x00000002   PAD
    0x08004718   0x08004718   0x000000e6   Code   RO          560    .text.HAL_RCC_GetSysClockFreq  stm32f4xx_hal_rcc.o
    0x080047fe   0x080047fe   0x00000002   PAD
    0x08004800   0x08004800   0x000006be   Code   RO          556    .text.HAL_RCC_OscConfig  stm32f4xx_hal_rcc.o
    0x08004ebe   0x08004ebe   0x00000002   PAD
    0x08004ec0   0x08004ec0   0x00000008   Code   RO          541    .text.HAL_TIMEx_BreakCallback  stm32f4xx_hal_tim_ex.o
    0x08004ec8   0x08004ec8   0x00000008   Code   RO          537    .text.HAL_TIMEx_CommutCallback  stm32f4xx_hal_tim_ex.o
    0x08004ed0   0x08004ed0   0x000000b2   Code   RO          533    .text.HAL_TIMEx_ConfigBreakDeadTime  stm32f4xx_hal_tim_ex.o
    0x08004f82   0x08004f82   0x00000002   PAD
    0x08004f84   0x08004f84   0x00000122   Code   RO          531    .text.HAL_TIMEx_MasterConfigSynchronization  stm32f4xx_hal_tim_ex.o
    0x080050a6   0x080050a6   0x00000002   PAD
    0x080050a8   0x080050a8   0x0000009c   Code   RO          218    .text.HAL_TIM_Base_Init  stm32f4xx_hal_tim.o
    0x08005144   0x08005144   0x00000052   Code   RO           96    .text.HAL_TIM_Base_MspInit  tim.o
    0x08005196   0x08005196   0x00000002   PAD
    0x08005198   0x08005198   0x000000f6   Code   RO          232    .text.HAL_TIM_Base_Start_IT  stm32f4xx_hal_tim.o
    0x0800528e   0x0800528e   0x00000002   PAD
    0x08005290   0x08005290   0x00000184   Code   RO          410    .text.HAL_TIM_ConfigClockSource  stm32f4xx_hal_tim.o
    0x08005414   0x08005414   0x00000130   Code   RO          332    .text.HAL_TIM_Encoder_Init  stm32f4xx_hal_tim.o
    0x08005544   0x08005544   0x000001f2   Code   RO           94    .text.HAL_TIM_Encoder_MspInit  tim.o
    0x08005736   0x08005736   0x00000002   PAD
    0x08005738   0x08005738   0x0000014e   Code   RO          340    .text.HAL_TIM_Encoder_Start  stm32f4xx_hal_tim.o
    0x08005886   0x08005886   0x00000002   PAD
    0x08005888   0x08005888   0x00000008   Code   RO          354    .text.HAL_TIM_IC_CaptureCallback  stm32f4xx_hal_tim.o
    0x08005890   0x08005890   0x0000021a   Code   RO          352    .text.HAL_TIM_IRQHandler  stm32f4xx_hal_tim.o
    0x08005aaa   0x08005aaa   0x00000002   PAD
    0x08005aac   0x08005aac   0x000000c2   Code   RO           78    .text.HAL_TIM_MspPostInit  tim.o
    0x08005b6e   0x08005b6e   0x00000002   PAD
    0x08005b70   0x08005b70   0x00000008   Code   RO          356    .text.HAL_TIM_OC_DelayElapsedCallback  stm32f4xx_hal_tim.o
    0x08005b78   0x08005b78   0x00000142   Code   RO          384    .text.HAL_TIM_PWM_ConfigChannel  stm32f4xx_hal_tim.o
    0x08005cba   0x08005cba   0x00000002   PAD
    0x08005cbc   0x08005cbc   0x0000009c   Code   RO          272    .text.HAL_TIM_PWM_Init  stm32f4xx_hal_tim.o
    0x08005d58   0x08005d58   0x00000074   Code   RO           92    .text.HAL_TIM_PWM_MspInit  tim.o
    0x08005dcc   0x08005dcc   0x00000008   Code   RO          358    .text.HAL_TIM_PWM_PulseFinishedCallback  stm32f4xx_hal_tim.o
    0x08005dd4   0x08005dd4   0x000001ca   Code   RO          280    .text.HAL_TIM_PWM_Start  stm32f4xx_hal_tim.o
    0x08005f9e   0x08005f9e   0x00000002   PAD
    0x08005fa0   0x08005fa0   0x0000003a   Code   RO           31    .text.HAL_TIM_PeriodElapsedCallback  main.o
    0x08005fda   0x08005fda   0x00000002   PAD
    0x08005fdc   0x08005fdc   0x00000008   Code   RO          362    .text.HAL_TIM_TriggerCallback  stm32f4xx_hal_tim.o
    0x08005fe4   0x08005fe4   0x000000c2   Code   RO         1046    .text.HAL_UARTEx_ReceiveToIdle_DMA  stm32f4xx_hal_uart.o
    0x080060a6   0x080060a6   0x00000002   PAD
    0x080060a8   0x080060a8   0x0000013c   Code   RO           13    .text.HAL_UARTEx_RxEventCallback  callback.o
    0x080061e4   0x080061e4   0x00000008   Code   RO         1082    .text.HAL_UART_ErrorCallback  stm32f4xx_hal_uart.o
    0x080061ec   0x080061ec   0x0000042c   Code   RO         1076    .text.HAL_UART_IRQHandler  stm32f4xx_hal_uart.o
    0x08006618   0x08006618   0x0000009e   Code   RO          992    .text.HAL_UART_Init  stm32f4xx_hal_uart.o
    0x080066b6   0x080066b6   0x00000002   PAD
    0x080066b8   0x080066b8   0x0000054c   Code   RO          126    .text.HAL_UART_MspInit  usart.o
    0x08006c04   0x08006c04   0x00000008   Code   RO           15    .text.HAL_UART_RxCpltCallback  callback.o
    0x08006c0c   0x08006c0c   0x00000008   Code   RO         1096    .text.HAL_UART_RxHalfCpltCallback  stm32f4xx_hal_uart.o
    0x08006c14   0x08006c14   0x000000e2   Code   RO         1020    .text.HAL_UART_Transmit_DMA  stm32f4xx_hal_uart.o
    0x08006cf6   0x08006cf6   0x00000002   PAD
    0x08006cf8   0x08006cf8   0x0000004a   Code   RO           11    .text.HAL_UART_TxCpltCallback  callback.o
    0x08006d42   0x08006d42   0x00000002   PAD
    0x08006d44   0x08006d44   0x00000008   Code   RO         1092    .text.HAL_UART_TxHalfCpltCallback  stm32f4xx_hal_uart.o
    0x08006d4c   0x08006d4c   0x00000004   Code   RO          151    .text.HardFault_Handler  stm32f4xx_it.o
    0x08006d50   0x08006d50   0x00000020   Code   RO           49    .text.Init_Task     freertos.o
    0x08006d70   0x08006d70   0x0000005e   Code   RO         1983    .text.IsINRange     chassis_task.o
    0x08006dce   0x08006dce   0x00000002   PAD
    0x08006dd0   0x08006dd0   0x000000e0   Code   RO           68    .text.MX_DMA_Init   dma.o
    0x08006eb0   0x08006eb0   0x000001d2   Code   RO           51    .text.MX_FREERTOS_Init  freertos.o
    0x08007082   0x08007082   0x00000002   PAD
    0x08007084   0x08007084   0x00000162   Code   RO           41    .text.MX_GPIO_Init  gpio.o
    0x080071e6   0x080071e6   0x00000002   PAD
    0x080071e8   0x080071e8   0x0000012c   Code   RO           76    .text.MX_TIM1_Init  tim.o
    0x08007314   0x08007314   0x0000007a   Code   RO           80    .text.MX_TIM2_Init  tim.o
    0x0800738e   0x0800738e   0x00000002   PAD
    0x08007390   0x08007390   0x0000007e   Code   RO           82    .text.MX_TIM3_Init  tim.o
    0x0800740e   0x0800740e   0x00000002   PAD
    0x08007410   0x08007410   0x0000007e   Code   RO           84    .text.MX_TIM4_Init  tim.o
    0x0800748e   0x0800748e   0x00000002   PAD
    0x08007490   0x08007490   0x00000084   Code   RO           86    .text.MX_TIM5_Init  tim.o
    0x08007514   0x08007514   0x00000082   Code   RO           88    .text.MX_TIM8_Init  tim.o
    0x08007596   0x08007596   0x00000002   PAD
    0x08007598   0x08007598   0x0000007c   Code   RO           90    .text.MX_TIM9_Init  tim.o
    0x08007614   0x08007614   0x00000040   Code   RO          118    .text.MX_UART5_Init  usart.o
    0x08007654   0x08007654   0x00000040   Code   RO          120    .text.MX_USART1_UART_Init  usart.o
    0x08007694   0x08007694   0x00000040   Code   RO          122    .text.MX_USART2_UART_Init  usart.o
    0x080076d4   0x080076d4   0x00000040   Code   RO          124    .text.MX_USART3_UART_Init  usart.o
    0x08007714   0x08007714   0x00000004   Code   RO          153    .text.MemManage_Handler  stm32f4xx_it.o
    0x08007718   0x08007718   0x000000e8   Code   RO         1946    .text.Moto1_Task    motor_task.o
    0x08007800   0x08007800   0x000000e8   Code   RO         1950    .text.Moto2_Task    motor_task.o
    0x080078e8   0x080078e8   0x000000e8   Code   RO         1952    .text.Moto3_Task    motor_task.o
    0x080079d0   0x080079d0   0x000000e8   Code   RO         1954    .text.Moto4_Task    motor_task.o
    0x08007ab8   0x08007ab8   0x0000005a   Code   RO         1807    .text.Motor_Init    motor.o
    0x08007b12   0x08007b12   0x00000002   PAD
    0x08007b14   0x08007b14   0x00000004   Code   RO          149    .text.NMI_Handler   stm32f4xx_it.o
    0x08007b18   0x08007b18   0x0000006c   Code   RO          836    .text.NVIC_EncodePriority  stm32f4xx_hal_cortex.o
    0x08007b84   0x08007b84   0x00000004   PAD
    0x08007b88   0x08007b88   0x000000fc   Code   RO         1902    .text.OmniWheelKinematics_FourWheel  chassis.o
    0x08007c84   0x08007c84   0x0000005a   Code   RO         1826    .text.PIDCompute    pid.o
    0x08007cde   0x08007cde   0x00000002   PAD
    0x08007ce0   0x08007ce0   0x00000164   Code   RO         1830    .text.PIDCompute_Delta  pid.o
    0x08007e44   0x08007e44   0x00000004   PAD
    0x08007e48   0x08007e48   0x00000270   Code   RO         1828    .text.PIDCompute_Position  pid.o
    0x080080b8   0x080080b8   0x00000058   Code   RO         1815    .text.PIDSetSpeed   motor.o
    0x08008110   0x08008110   0x000000f2   Code   RO         1824    .text.PID_Init      pid.o
    0x08008202   0x08008202   0x00000002   PAD
    0x08008204   0x08008204   0x0000003a   Code   RO         1834    .text.PID_SetOutputLimits  pid.o
    0x0800823e   0x0800823e   0x00000002   PAD
    0x08008240   0x08008240   0x00000064   Code   RO         1791    .text.PendSV_Handler  port.o
    0x080082a4   0x080082a4   0x0000000c   PAD
    0x080082b0   0x080082b0   0x00000024   Code   RO         1775    .text.SVC_Handler   port.o
    0x080082d4   0x080082d4   0x0000000e   Code   RO         1571    .text.SVC_Setup     cmsis_os2.o
    0x080082e2   0x080082e2   0x00000002   PAD
    0x080082e4   0x080082e4   0x000000ba   Code   RO         1985    .text.SendQrNumber  chassis_task.o
    0x0800839e   0x0800839e   0x00000002   PAD
    0x080083a0   0x080083a0   0x0000002e   Code   RO         1987    .text.SendReceiveSuccess  chassis_task.o
    0x080083ce   0x080083ce   0x00000002   PAD
    0x080083d0   0x080083d0   0x00000060   Code   RO         1906    .text.SetChassisSpeed_WithoutPID  chassis.o
    0x08008430   0x08008430   0x00000194   Code   RO         1811    .text.SetSpeed      motor.o
    0x080085c4   0x080085c4   0x00000048   Code   RO         1948    .text.SpeedPID_Init  motor_task.o
    0x0800860c   0x0800860c   0x00000010   Code   RO           53    .text.StartDefaultTask  freertos.o
    0x0800861c   0x0800861c   0x0000001e   Code   RO         1561    .text.SysTick_Handler  cmsis_os2.o
    0x0800863a   0x0800863a   0x00000002   PAD
    0x0800863c   0x0800863c   0x000000ba   Code   RO           27    .text.SystemClock_Config  main.o
    0x080086f6   0x080086f6   0x00000002   PAD
    0x080086f8   0x080086f8   0x00000012   Code   RO         1123    .text.SystemInit    system_stm32f4xx.o
    0x0800870a   0x0800870a   0x00000002   PAD
    0x0800870c   0x0800870c   0x00000078   Code   RO         1977    .text.TIM5CallBack_Task  chassis_task.o
    0x08008784   0x08008784   0x00000010   Code   RO          179    .text.TIM5_IRQHandler  stm32f4xx_it.o
    0x08008794   0x08008794   0x00000010   Code   RO          183    .text.TIM6_DAC_IRQHandler  stm32f4xx_it.o
    0x080087a4   0x080087a4   0x000001b0   Code   RO          222    .text.TIM_Base_SetConfig  stm32f4xx_hal_tim.o
    0x08008954   0x08008954   0x00000036   Code   RO          256    .text.TIM_CCxChannelCmd  stm32f4xx_hal_tim.o
    0x0800898a   0x0800898a   0x00000002   PAD
    0x0800898c   0x0800898c   0x00000034   Code   RO          408    .text.TIM_ETR_SetConfig  stm32f4xx_hal_tim.o
    0x080089c0   0x080089c0   0x0000002a   Code   RO          414    .text.TIM_ITRx_SetConfig  stm32f4xx_hal_tim.o
    0x080089ea   0x080089ea   0x00000002   PAD
    0x080089ec   0x080089ec   0x000000ea   Code   RO          366    .text.TIM_OC1_SetConfig  stm32f4xx_hal_tim.o
    0x08008ad6   0x08008ad6   0x00000002   PAD
    0x08008ad8   0x08008ad8   0x000000f4   Code   RO          368    .text.TIM_OC2_SetConfig  stm32f4xx_hal_tim.o
    0x08008bcc   0x08008bcc   0x000000f2   Code   RO          370    .text.TIM_OC3_SetConfig  stm32f4xx_hal_tim.o
    0x08008cbe   0x08008cbe   0x00000002   PAD
    0x08008cc0   0x08008cc0   0x000000a4   Code   RO          372    .text.TIM_OC4_SetConfig  stm32f4xx_hal_tim.o
    0x08008d64   0x08008d64   0x00000050   Code   RO          412    .text.TIM_TI1_ConfigInputStage  stm32f4xx_hal_tim.o
    0x08008db4   0x08008db4   0x00000052   Code   RO          416    .text.TIM_TI2_ConfigInputStage  stm32f4xx_hal_tim.o
    0x08008e06   0x08008e06   0x00000002   PAD
    0x08008e08   0x08008e08   0x00000334   Code   RO         1981    .text.Task1GoThrough  chassis_task.o
    0x0800913c   0x0800913c   0x0000005a   Code   RO         1859    .text.TxCallBack_DoubleBufferUartDMA  uart_dma.o
    0x08009196   0x08009196   0x00000002   PAD
    0x08009198   0x08009198   0x00000010   Code   RO          181    .text.UART5_IRQHandler  stm32f4xx_it.o
    0x080091a8   0x080091a8   0x00000020   Code   RO         1080    .text.UART_DMAAbortOnError  stm32f4xx_hal_uart.o
    0x080091c8   0x080091c8   0x0000007c   Code   RO         1026    .text.UART_DMAError  stm32f4xx_hal_uart.o
    0x08009244   0x08009244   0x000000f4   Code   RO         1112    .text.UART_DMAReceiveCplt  stm32f4xx_hal_uart.o
    0x08009338   0x08009338   0x00000034   Code   RO         1114    .text.UART_DMARxHalfCplt  stm32f4xx_hal_uart.o
    0x0800936c   0x0800936c   0x0000007a   Code   RO         1022    .text.UART_DMATransmitCplt  stm32f4xx_hal_uart.o
    0x080093e6   0x080093e6   0x00000002   PAD
    0x080093e8   0x080093e8   0x00000016   Code   RO         1024    .text.UART_DMATxHalfCplt  stm32f4xx_hal_uart.o
    0x080093fe   0x080093fe   0x00000002   PAD
    0x08009400   0x08009400   0x00000094   Code   RO         1040    .text.UART_EndRxTransfer  stm32f4xx_hal_uart.o
    0x08009494   0x08009494   0x00000026   Code   RO         1088    .text.UART_EndTransmit_IT  stm32f4xx_hal_uart.o
    0x080094ba   0x080094ba   0x00000002   PAD
    0x080094bc   0x080094bc   0x00000036   Code   RO         1038    .text.UART_EndTxTransfer  stm32f4xx_hal_uart.o
    0x080094f2   0x080094f2   0x00000002   PAD
    0x080094f4   0x080094f4   0x0000016a   Code   RO         1078    .text.UART_Receive_IT  stm32f4xx_hal_uart.o
    0x0800965e   0x0800965e   0x00000002   PAD
    0x08009660   0x08009660   0x0000013a   Code   RO          996    .text.UART_SetConfig  stm32f4xx_hal_uart.o
    0x0800979a   0x0800979a   0x00000002   PAD
    0x0800979c   0x0800979c   0x0000010c   Code   RO         1030    .text.UART_Start_Receive_DMA  stm32f4xx_hal_uart.o
    0x080098a8   0x080098a8   0x00000094   Code   RO         1086    .text.UART_Transmit_IT  stm32f4xx_hal_uart.o
    0x0800993c   0x0800993c   0x00000010   Code   RO          171    .text.USART1_IRQHandler  stm32f4xx_it.o
    0x0800994c   0x0800994c   0x00000010   Code   RO          173    .text.USART2_IRQHandler  stm32f4xx_it.o
    0x0800995c   0x0800995c   0x00000010   Code   RO          175    .text.USART3_IRQHandler  stm32f4xx_it.o
    0x0800996c   0x0800996c   0x00000004   Code   RO          157    .text.UsageFault_Handler  stm32f4xx_it.o
    0x08009970   0x08009970   0x00000034   Code   RO         1868    .text.VOFA_Init     vofa.o
    0x080099a4   0x080099a4   0x0000002e   Code   RO         1870    .text.VOFA_Receive  vofa.o
    0x080099d2   0x080099d2   0x00000002   PAD
    0x080099d4   0x080099d4   0x00000178   Code   RO         1884    .text.VOFA_RxCallBack  vofa.o
    0x08009b4c   0x08009b4c   0x00000028   Code   RO         1928    .text.VOFA_RxCallBack_Task  vofa_task.o
    0x08009b74   0x08009b74   0x00000040   Code   RO         1878    .text.VOFA_SendFireWater  vofa.o
    0x08009bb4   0x08009bb4   0x0000001c   Code   RO         1930    .text.VOFA_Task     vofa_task.o
    0x08009bd0   0x08009bd0   0x00000030   Code   RO          840    .text.__NVIC_EnableIRQ  stm32f4xx_hal_cortex.o
    0x08009c00   0x08009c00   0x00000010   Code   RO          832    .text.__NVIC_GetPriorityGrouping  stm32f4xx_hal_cortex.o
    0x08009c10   0x08009c10   0x00000042   Code   RO          834    .text.__NVIC_SetPriority  stm32f4xx_hal_cortex.o
    0x08009c52   0x08009c52   0x00000002   PAD
    0x08009c54   0x08009c54   0x00000042   Code   RO         1725    .text.__NVIC_SetPriority  cmsis_os2.o
    0x08009c96   0x08009c96   0x00000002   PAD
    0x08009c98   0x08009c98   0x0000003c   Code   RO          828    .text.__NVIC_SetPriorityGrouping  stm32f4xx_hal_cortex.o
    0x08009cd4   0x08009cd4   0x00000054   Code   RO           25    .text.main          main.o
    0x08009d28   0x08009d28   0x00000034   Code   RO         1629    .text.osDelay       cmsis_os2.o
    0x08009d5c   0x08009d5c   0x00000046   Code   RO         1563    .text.osKernelInitialize  cmsis_os2.o
    0x08009da2   0x08009da2   0x00000002   PAD
    0x08009da4   0x08009da4   0x00000052   Code   RO         1569    .text.osKernelStart  cmsis_os2.o
    0x08009df6   0x08009df6   0x00000002   PAD
    0x08009df8   0x08009df8   0x0000015a   Code   RO         1593    .text.osThreadNew   cmsis_os2.o
    0x08009f52   0x08009f52   0x00000002   PAD
    0x08009f54   0x08009f54   0x000000d4   Code   RO         1355    .text.prvAddCurrentTaskToDelayedList  tasks.o
    0x0800a028   0x0800a028   0x00000122   Code   RO         1341    .text.prvAddNewTaskToReadyList  tasks.o
    0x0800a14a   0x0800a14a   0x00000002   PAD
    0x0800a14c   0x0800a14c   0x000000a2   Code   RO         1492    .text.prvCheckForValidListAndQueue  timers.o
    0x0800a1ee   0x0800a1ee   0x00000002   PAD
    0x0800a1f0   0x0800a1f0   0x0000005a   Code   RO         1459    .text.prvCheckTasksWaitingTermination  tasks.o
    0x0800a24a   0x0800a24a   0x00000002   PAD
    0x0800a24c   0x0800a24c   0x00000042   Code   RO         1234    .text.prvCopyDataFromQueue  queue.o
    0x0800a28e   0x0800a28e   0x00000002   PAD
    0x0800a290   0x0800a290   0x000000cc   Code   RO         1222    .text.prvCopyDataToQueue  queue.o
    0x0800a35c   0x0800a35c   0x0000005e   Code   RO         1347    .text.prvDeleteTCB  tasks.o
    0x0800a3ba   0x0800a3ba   0x00000002   PAD
    0x0800a3bc   0x0800a3bc   0x00000040   Code   RO         1530    .text.prvGetNextExpireTime  timers.o
    0x0800a3fc   0x0800a3fc   0x000000bc   Code   RO         1742    .text.prvHeapInit   heap_4.o
    0x0800a4b8   0x0800a4b8   0x00000038   Code   RO         1381    .text.prvIdleTask   tasks.o
    0x0800a4f0   0x0800a4f0   0x00000048   Code   RO         1196    .text.prvInitialiseNewQueue  queue.o
    0x0800a538   0x0800a538   0x00000122   Code   RO         1339    .text.prvInitialiseNewTask  tasks.o
    0x0800a65a   0x0800a65a   0x00000002   PAD
    0x0800a65c   0x0800a65c   0x0000008e   Code   RO         1457    .text.prvInitialiseTaskLists  tasks.o
    0x0800a6ea   0x0800a6ea   0x00000002   PAD
    0x0800a6ec   0x0800a6ec   0x000000c6   Code   RO         1744    .text.prvInsertBlockIntoFreeList  heap_4.o
    0x0800a7b2   0x0800a7b2   0x00000002   PAD
    0x0800a7b4   0x0800a7b4   0x00000086   Code   RO         1542    .text.prvInsertTimerInActiveList  timers.o
    0x0800a83a   0x0800a83a   0x00000002   PAD
    0x0800a83c   0x0800a83c   0x00000028   Code   RO         1236    .text.prvIsQueueEmpty  queue.o
    0x0800a864   0x0800a864   0x0000002e   Code   RO         1224    .text.prvIsQueueFull  queue.o
    0x0800a892   0x0800a892   0x00000002   PAD
    0x0800a894   0x0800a894   0x00000028   Code   RO         1783    .text.prvPortStartFirstTask  port.o
    0x0800a8bc   0x0800a8bc   0x0000008e   Code   RO         1538    .text.prvProcessExpiredTimer  timers.o
    0x0800a94a   0x0800a94a   0x00000002   PAD
    0x0800a94c   0x0800a94c   0x00000192   Code   RO         1534    .text.prvProcessReceivedCommands  timers.o
    0x0800aade   0x0800aade   0x00000002   PAD
    0x0800aae0   0x0800aae0   0x0000009a   Code   RO         1532    .text.prvProcessTimerOrBlockTask  timers.o
    0x0800ab7a   0x0800ab7a   0x00000002   PAD
    0x0800ab7c   0x0800ab7c   0x00000046   Code   RO         1349    .text.prvResetNextTaskUnblockTime  tasks.o
    0x0800abc2   0x0800abc2   0x00000002   PAD
    0x0800abc4   0x0800abc4   0x00000044   Code   RO         1536    .text.prvSampleTimeNow  timers.o
    0x0800ac08   0x0800ac08   0x000000d4   Code   RO         1540    .text.prvSwitchTimerLists  timers.o
    0x0800acdc   0x0800acdc   0x0000004c   Code   RO         1773    .text.prvTaskExitError  port.o
    0x0800ad28   0x0800ad28   0x0000001e   Code   RO         1494    .text.prvTimerTask  timers.o
    0x0800ad46   0x0800ad46   0x00000002   PAD
    0x0800ad48   0x0800ad48   0x000000ae   Code   RO         1226    .text.prvUnlockQueue  queue.o
    0x0800adf6   0x0800adf6   0x00000002   PAD
    0x0800adf8   0x0800adf8   0x000001ec   Code   RO         1740    .text.pvPortMalloc  heap_4.o
    0x0800afe4   0x0800afe4   0x0000005e   Code   RO         1771    .text.pxPortInitialiseStack  port.o
    0x0800b042   0x0800b042   0x00000002   PAD
    0x0800b044   0x0800b044   0x000000ba   Code   RO         1443    .text.ulTaskNotifyTake  tasks.o
    0x0800b0fe   0x0800b0fe   0x00000002   PAD
    0x0800b100   0x0800b100   0x00000048   Code   RO         1183    .text.uxListRemove  list.o
    0x0800b148   0x0800b148   0x0000002a   Code   RO         1721    .text.vApplicationGetIdleTaskMemory  cmsis_os2.o
    0x0800b172   0x0800b172   0x00000002   PAD
    0x0800b174   0x0800b174   0x0000002c   Code   RO         1723    .text.vApplicationGetTimerTaskMemory  cmsis_os2.o
    0x0800b1a0   0x0800b1a0   0x0000002e   Code   RO         1175    .text.vListInitialise  list.o
    0x0800b1ce   0x0800b1ce   0x00000002   PAD
    0x0800b1d0   0x0800b1d0   0x0000000e   Code   RO         1177    .text.vListInitialiseItem  list.o
    0x0800b1de   0x0800b1de   0x00000002   PAD
    0x0800b1e0   0x0800b1e0   0x0000006a   Code   RO         1181    .text.vListInsert   list.o
    0x0800b24a   0x0800b24a   0x00000002   PAD
    0x0800b24c   0x0800b24c   0x0000003a   Code   RO         1179    .text.vListInsertEnd  list.o
    0x0800b286   0x0800b286   0x00000002   PAD
    0x0800b288   0x0800b288   0x00000014   Code   RO         1781    .text.vPortEnableVFP  port.o
    0x0800b29c   0x0800b29c   0x00000056   Code   RO         1787    .text.vPortEnterCritical  port.o
    0x0800b2f2   0x0800b2f2   0x00000002   PAD
    0x0800b2f4   0x0800b2f4   0x0000004a   Code   RO         1789    .text.vPortExitCritical  port.o
    0x0800b33e   0x0800b33e   0x00000002   PAD
    0x0800b340   0x0800b340   0x000000ce   Code   RO         1746    .text.vPortFree     heap_4.o
    0x0800b40e   0x0800b40e   0x00000002   PAD
    0x0800b410   0x0800b410   0x00000044   Code   RO         1779    .text.vPortSetupTimerInterrupt  port.o
    0x0800b454   0x0800b454   0x00000084   Code   RO         1795    .text.vPortValidateInterruptPriority  port.o
    0x0800b4d8   0x0800b4d8   0x00000052   Code   RO         1266    .text.vQueueAddToRegistry  queue.o
    0x0800b52a   0x0800b52a   0x00000002   PAD
    0x0800b52c   0x0800b52c   0x00000064   Code   RO         1270    .text.vQueueWaitForMessageRestricted  queue.o
    0x0800b590   0x0800b590   0x0000006e   Code   RO         1359    .text.vTaskDelay    tasks.o
    0x0800b5fe   0x0800b5fe   0x00000002   PAD
    0x0800b600   0x0800b600   0x0000010e   Code   RO         1345    .text.vTaskDelete   tasks.o
    0x0800b70e   0x0800b70e   0x00000002   PAD
    0x0800b710   0x0800b710   0x00000024   Code   RO         1413    .text.vTaskInternalSetTimeOutState  tasks.o
    0x0800b734   0x0800b734   0x0000000e   Code   RO         1417    .text.vTaskMissedYield  tasks.o
    0x0800b742   0x0800b742   0x00000002   PAD
    0x0800b744   0x0800b744   0x00000138   Code   RO         1451    .text.vTaskNotifyGiveFromISR  tasks.o
    0x0800b87c   0x0800b87c   0x00000042   Code   RO         1401    .text.vTaskPlaceOnEventList  tasks.o
    0x0800b8be   0x0800b8be   0x00000002   PAD
    0x0800b8c0   0x0800b8c0   0x00000052   Code   RO         1405    .text.vTaskPlaceOnEventListRestricted  tasks.o
    0x0800b912   0x0800b912   0x00000002   PAD
    0x0800b914   0x0800b914   0x000000e0   Code   RO         1379    .text.vTaskStartScheduler  tasks.o
    0x0800b9f4   0x0800b9f4   0x00000010   Code   RO         1353    .text.vTaskSuspendAll  tasks.o
    0x0800ba04   0x0800ba04   0x000000c6   Code   RO         1371    .text.vTaskSwitchContext  tasks.o
    0x0800baca   0x0800baca   0x00000002   PAD
    0x0800bacc   0x0800bacc   0x00000156   Code   RO         1777    .text.xPortStartScheduler  port.o
    0x0800bc22   0x0800bc22   0x00000002   PAD
    0x0800bc24   0x0800bc24   0x0000003c   Code   RO         1793    .text.xPortSysTickHandler  port.o
    0x0800bc60   0x0800bc60   0x00000074   Code   RO         1198    .text.xQueueGenericCreate  queue.o
    0x0800bcd4   0x0800bcd4   0x0000010e   Code   RO         1194    .text.xQueueGenericCreateStatic  queue.o
    0x0800bde2   0x0800bde2   0x00000002   PAD
    0x0800bde4   0x0800bde4   0x000000ba   Code   RO         1192    .text.xQueueGenericReset  queue.o
    0x0800be9e   0x0800be9e   0x00000002   PAD
    0x0800bea0   0x0800bea0   0x0000022c   Code   RO         1212    .text.xQueueGenericSend  queue.o
    0x0800c0cc   0x0800c0cc   0x0000014c   Code   RO         1228    .text.xQueueGenericSendFromISR  queue.o
    0x0800c218   0x0800c218   0x000001dc   Code   RO         1232    .text.xQueueReceive  queue.o
    0x0800c3f4   0x0800c3f4   0x000000cc   Code   RO         1415    .text.xTaskCheckForTimeOut  tasks.o
    0x0800c4c0   0x0800c4c0   0x0000009e   Code   RO         1343    .text.xTaskCreate   tasks.o
    0x0800c55e   0x0800c55e   0x00000002   PAD
    0x0800c560   0x0800c560   0x000000ce   Code   RO         1337    .text.xTaskCreateStatic  tasks.o
    0x0800c62e   0x0800c62e   0x00000002   PAD
    0x0800c630   0x0800c630   0x00000178   Code   RO         1447    .text.xTaskGenericNotify  tasks.o
    0x0800c7a8   0x0800c7a8   0x000001c4   Code   RO         1449    .text.xTaskGenericNotifyFromISR  tasks.o
    0x0800c96c   0x0800c96c   0x00000038   Code   RO         1431    .text.xTaskGetSchedulerState  tasks.o
    0x0800c9a4   0x0800c9a4   0x00000014   Code   RO         1387    .text.xTaskGetTickCount  tasks.o
    0x0800c9b8   0x0800c9b8   0x000001c4   Code   RO         1385    .text.xTaskIncrementTick  tasks.o
    0x0800cb7c   0x0800cb7c   0x00000052   Code   RO         1453    .text.xTaskNotifyStateClear  tasks.o
    0x0800cbce   0x0800cbce   0x00000002   PAD
    0x0800cbd0   0x0800cbd0   0x000000d6   Code   RO         1445    .text.xTaskNotifyWait  tasks.o
    0x0800cca6   0x0800cca6   0x00000002   PAD
    0x0800cca8   0x0800cca8   0x000000ec   Code   RO         1435    .text.xTaskPriorityDisinherit  tasks.o
    0x0800cd94   0x0800cd94   0x000000ce   Code   RO         1407    .text.xTaskRemoveFromEventList  tasks.o
    0x0800ce62   0x0800ce62   0x00000002   PAD
    0x0800ce64   0x0800ce64   0x00000186   Code   RO         1357    .text.xTaskResumeAll  tasks.o
    0x0800cfea   0x0800cfea   0x00000002   PAD
    0x0800cfec   0x0800cfec   0x00000094   Code   RO         1490    .text.xTimerCreateTimerTask  timers.o
    0x0800d080   0x0800d080   0x000000b0   Code   RO         1502    .text.xTimerGenericCommand  timers.o
    0x0800d130   0x0800d130   0x0000003e   Code   RO         2300    CL$$btod_d2e        c_w.l(btod.o)
    0x0800d16e   0x0800d16e   0x00000046   Code   RO         2302    CL$$btod_d2e_denorm_low  c_w.l(btod.o)
    0x0800d1b4   0x0800d1b4   0x00000060   Code   RO         2301    CL$$btod_d2e_norm_op1  c_w.l(btod.o)
    0x0800d214   0x0800d214   0x00000338   Code   RO         2310    CL$$btod_div_common  c_w.l(btod.o)
    0x0800d54c   0x0800d54c   0x00000084   Code   RO         2308    CL$$btod_e2d        c_w.l(btod.o)
    0x0800d5d0   0x0800d5d0   0x000000dc   Code   RO         2307    CL$$btod_e2e        c_w.l(btod.o)
    0x0800d6ac   0x0800d6ac   0x0000002a   Code   RO         2304    CL$$btod_ediv       c_w.l(btod.o)
    0x0800d6d6   0x0800d6d6   0x0000002a   Code   RO         2306    CL$$btod_edivd      c_w.l(btod.o)
    0x0800d700   0x0800d700   0x0000002a   Code   RO         2303    CL$$btod_emul       c_w.l(btod.o)
    0x0800d72a   0x0800d72a   0x0000002a   Code   RO         2305    CL$$btod_emuld      c_w.l(btod.o)
    0x0800d754   0x0800d754   0x00000244   Code   RO         2309    CL$$btod_mult_common  c_w.l(btod.o)
    0x0800d998   0x0800d998   0x00000030   Code   RO         2354    i.__ARM_fpclassify  m_wm.l(fpclassify.o)
    0x0800d9c8   0x0800d9c8   0x000000f8   Code   RO         2356    i.__hardfp___mathlib_tofloat  m_wm.l(narrow.o)
    0x0800dac0   0x0800dac0   0x000000d0   Code   RO         2464    i.__hardfp_ldexp    m_wm.l(ldexp.o)
    0x0800db90   0x0800db90   0x00000020   Code   RO         2494    i.__mathlib_dbl_overflow  m_wm.l(dunder.o)
    0x0800dbb0   0x0800dbb0   0x00000020   Code   RO         2496    i.__mathlib_dbl_underflow  m_wm.l(dunder.o)
    0x0800dbd0   0x0800dbd0   0x00000012   Code   RO         2357    i.__mathlib_narrow  m_wm.l(narrow.o)
    0x0800dbe2   0x0800dbe2   0x00000014   Code   RO         2466    i.__support_ldexp   m_wm.l(ldexp.o)
    0x0800dbf6   0x0800dbf6   0x0000000e   Code   RO         2152    i._is_digit         c_w.l(__printf_wp.o)
    0x0800dc04   0x0800dc04   0x00000004   PAD
    0x0800dc08   0x0800dc08   0x0000008c   Code   RO         2439    i.frexp             m_wm.l(frexp.o)
    0x0800dc94   0x0800dc94   0x0000002c   Code   RO         2328    locale$$code        c_w.l(lc_numeric_c.o)
    0x0800dcc0   0x0800dcc0   0x0000002c   Code   RO         2380    locale$$code        c_w.l(lc_ctype_c.o)
    0x0800dcec   0x0800dcec   0x00000062   Code   RO         2071    x$fpl$d2f           fz_wm.l(d2f.o)
    0x0800dd4e   0x0800dd4e   0x00000002   PAD
    0x0800dd50   0x0800dd50   0x00000150   Code   RO         2073    x$fpl$dadd          fz_wm.l(daddsub_clz.o)
    0x0800dea0   0x0800dea0   0x00000010   Code   RO         2546    x$fpl$dcheck1       fz_wm.l(dcheck1.o)
    0x0800deb0   0x0800deb0   0x00000018   Code   RO         2277    x$fpl$dcmpinf       fz_wm.l(dcmpi.o)
    0x0800dec8   0x0800dec8   0x000002b4   Code   RO         2082    x$fpl$ddiv          fz_wm.l(ddiv.o)
    0x0800e17c   0x0800e17c   0x00000078   Code   RO         2201    x$fpl$deqf          fz_wm.l(deqf.o)
    0x0800e1f4   0x0800e1f4   0x00000078   Code   RO         2203    x$fpl$dgeqf         fz_wm.l(dgeqf.o)
    0x0800e26c   0x0800e26c   0x00000078   Code   RO         2205    x$fpl$dleqf         fz_wm.l(dleqf.o)
    0x0800e2e4   0x0800e2e4   0x00000154   Code   RO         2085    x$fpl$dmul          fz_wm.l(dmul.o)
    0x0800e438   0x0800e438   0x0000009c   Code   RO         2207    x$fpl$dnaninf       fz_wm.l(dnaninf.o)
    0x0800e4d4   0x0800e4d4   0x0000000c   Code   RO         2209    x$fpl$dretinf       fz_wm.l(dretinf.o)
    0x0800e4e0   0x0800e4e0   0x0000006c   Code   RO         2435    x$fpl$drleqf        fz_wm.l(drleqf.o)
    0x0800e54c   0x0800e54c   0x000001dc   Code   RO         2075    x$fpl$dsub          fz_wm.l(daddsub_clz.o)
    0x0800e728   0x0800e728   0x00000056   Code   RO         2087    x$fpl$f2d           fz_wm.l(f2d.o)
    0x0800e77e   0x0800e77e   0x00000054   Code   RO         2079    x$fpl$fcmp          fz_wm.l(dcmp.o)
    0x0800e7d2   0x0800e7d2   0x0000008c   Code   RO         2211    x$fpl$fnaninf       fz_wm.l(fnaninf.o)
    0x0800e85e   0x0800e85e   0x0000001a   Code   RO         2462    x$fpl$fpinit        fz_wm.l(fpinit.o)
    0x0800e878   0x0800e878   0x0000000a   Code   RO         2213    x$fpl$fretinf       fz_wm.l(fretinf.o)
    0x0800e882   0x0800e882   0x00000006   Code   RO         2346    x$fpl$ieeestatus    fz_wm.l(istatus.o)
    0x0800e888   0x0800e888   0x00000004   Code   RO         2215    x$fpl$printf1       fz_wm.l(printf1.o)
    0x0800e88c   0x0800e88c   0x00000004   Code   RO         2217    x$fpl$printf2       fz_wm.l(printf2.o)
    0x0800e890   0x0800e890   0x00000064   Code   RO         2548    x$fpl$retnan        fz_wm.l(retnan.o)
    0x0800e8f4   0x0800e8f4   0x0000005c   Code   RO         2488    x$fpl$scalbn        fz_wm.l(scalbn.o)
    0x0800e950   0x0800e950   0x00000004   Code   RO         2223    x$fpl$scanf1        fz_wm.l(scanf1.o)
    0x0800e954   0x0800e954   0x00000008   Code   RO         2348    x$fpl$scanf2        fz_wm.l(scanf2.o)
    0x0800e95c   0x0800e95c   0x00000030   Code   RO         2550    x$fpl$trapveneer    fz_wm.l(trapv.o)
    0x0800e98c   0x0800e98c   0x00000000   Code   RO         2225    x$fpl$usenofp       fz_wm.l(usenofp.o)
    0x0800e98c   0x0800e98c   0x00000008   Data   RO         2111    .constdata          c_w.l(_printf_wctomb.o)
    0x0800e994   0x0800e994   0x00000028   Data   RO         2140    .constdata          c_w.l(_printf_hex_int_ll_ptr.o)
    0x0800e9bc   0x0800e9bc   0x00000011   Data   RO         2160    .constdata          c_w.l(__printf_flags_ss_wp.o)
    0x0800e9cd   0x0800e9cd   0x00000026   Data   RO         2254    .constdata          c_w.l(_printf_fp_hex.o)
    0x0800e9f3   0x0800e9f3   0x00000001   PAD
    0x0800e9f4   0x0800e9f4   0x00000094   Data   RO         2298    .constdata          c_w.l(bigflt0.o)
    0x0800ea88   0x0800ea88   0x00000010   Data   RO         1128    .rodata.AHBPrescTable  system_stm32f4xx.o
    0x0800ea98   0x0800ea98   0x00000008   Data   RO         1129    .rodata.APBPrescTable  system_stm32f4xx.o
    0x0800eaa0   0x0800eaa0   0x00000008   Data   RO          758    .rodata.DMA_CalcBaseAndBitshift.flagBitshiftOffset  stm32f4xx_hal_dma.o
    0x0800eaa8   0x0800eaa8   0x00000024   Data   RO           59    .rodata.defaultTask_attributes  freertos.o
    0x0800eacc   0x0800eacc   0x0000000c   Data   RO           17    .rodata.str1.1      callback.o
    0x0800ead8   0x0800ead8   0x00000077   Data   RO           58    .rodata.str1.1      freertos.o
    0x0800eb4f   0x0800eb4f   0x00000005   Data   RO         1475    .rodata.str1.1      tasks.o
    0x0800eb54   0x0800eb54   0x0000000d   Data   RO         1545    .rodata.str1.1      timers.o
    0x0800eb61   0x0800eb61   0x00000006   Data   RO         1890    .rodata.str1.1      vofa.o
    0x0800eb67   0x0800eb67   0x00000007   Data   RO         1936    .rodata.str1.1      vofa_task.o
    0x0800eb6e   0x0800eb6e   0x00000024   Data   RO         1999    .rodata.str1.1      chassis_task.o
    0x0800eb92   0x0800eb92   0x00000002   PAD
    0x0800eb94   0x0800eb94   0x00000020   Data   RO         2553    Region$$Table       anon$$obj.o
    0x0800ebb4   0x0800ebb4   0x00000008   Data   RO         2342    c$$dinf             fz_wm.l(fpconst.o)
    0x0800ebbc   0x0800ebbc   0x00000008   Data   RO         2345    c$$dmax             fz_wm.l(fpconst.o)
    0x0800ebc4   0x0800ebc4   0x0000001c   Data   RO         2327    locale$$data        c_w.l(lc_numeric_c.o)
    0x0800ebe0   0x0800ebe0   0x00000110   Data   RO         2379    locale$$data        c_w.l(lc_ctype_c.o)


    Execution Region RW_IRAM1 (Exec base: 0x20000000, Load base: 0x0800ecf0, Size: 0x00006030, Max: 0x0001c000, ABSOLUTE, COMPRESSED[0x000000f8])

    Exec Addr    Load Addr    Size         Type   Attr      Idx    E Section Name        Object

    0x20000000   COMPRESSED   0x00000004   Data   RW         1127    .data.SystemCoreClock  system_stm32f4xx.o
    0x20000004   COMPRESSED   0x0000003c   Data   RW         1920    .data.chassis       chassis.o
    0x20000040   COMPRESSED   0x00000001   Data   RW         1993    .data.chassisMode   chassis_task.o
    0x20000041   COMPRESSED   0x00000001   Data   RW         1995    .data.goThroughMode  chassis_task.o
    0x20000042   COMPRESSED   0x00000002   PAD
    0x20000044   COMPRESSED   0x00000034   Data   RW         1963    .data.motor1        motor_task.o
    0x20000078   COMPRESSED   0x00000034   Data   RW         1965    .data.motor2        motor_task.o
    0x200000ac   COMPRESSED   0x00000034   Data   RW         1967    .data.motor3        motor_task.o
    0x200000e0   COMPRESSED   0x00000034   Data   RW         1969    .data.motor4        motor_task.o
    0x20000114   COMPRESSED   0x00000154   Data   RW         1997    .data.targetPoints  chassis_task.o
    0x20000268   COMPRESSED   0x00000001   Data   RW          958    .data.uwTickFreq    stm32f4xx_hal.o
    0x20000269   COMPRESSED   0x00000003   PAD
    0x2000026c   COMPRESSED   0x00000004   Data   RW          957    .data.uwTickPrio    stm32f4xx_hal.o
    0x20000270   COMPRESSED   0x00000004   Data   RW         1799    .data.uxCriticalNesting  port.o
    0x20000274   COMPRESSED   0x00000004   PAD
    0x20000278        -       0x00000060   Zero   RW         2365    .bss                c_w.l(libspace.o)
    0x200002d8        -       0x00000004   Zero   RW         1994    .bss.Chassis_TaskHandle  chassis_task.o
    0x200002dc        -       0x00000004   Zero   RW         2036    .bss.Cmd_Gyro_GetYaw.fullRotationOffset  cmd_task.o
    0x200002e0        -       0x00000004   Zero   RW         2035    .bss.Cmd_Gyro_GetYaw.preYaw  cmd_task.o
    0x200002e4        -       0x00000004   Zero   RW         2034    .bss.Cmd_TaskHandle  cmd_task.o
    0x200002e8        -       0x00000004   Zero   RW           55    .bss.Init_TaskHandle  freertos.o
    0x200002ec        -       0x00000004   Zero   RW         1727    .bss.KernelState    cmsis_os2.o
    0x200002f0        -       0x00000004   Zero   RW         1957    .bss.Motor1_TaskHandle  motor_task.o
    0x200002f4        -       0x00000004   Zero   RW         1958    .bss.Motor2_TaskHandle  motor_task.o
    0x200002f8        -       0x00000004   Zero   RW         1959    .bss.Motor3_TaskHandle  motor_task.o
    0x200002fc        -       0x00000004   Zero   RW         1960    .bss.Motor4_TaskHandle  motor_task.o
    0x20000300        -       0x00000004   Zero   RW         1934    .bss.VOFA_RxCallBack_TaskHandle  vofa_task.o
    0x20000304        -       0x00000004   Zero   RW         1935    .bss.VOFA_TaskHandle  vofa_task.o
    0x20000308        -       0x00000008   Zero   RW         1916    .bss.chassisDistance  chassis.o
    0x20000310        -       0x0000000c   Zero   RW         1914    .bss.chassisSpeed   chassis.o
    0x2000031c        -       0x00000300   Zero   RW         1887    .bss.ctrledDataList  vofa.o
    0x2000061c        -       0x00000001   Zero   RW         1996    .bss.currentPointIndex  chassis_task.o
    0x2000061d   COMPRESSED   0x00000003   PAD
    0x20000620        -       0x00000004   Zero   RW           60    .bss.defaultTaskHandle  freertos.o
    0x20000624        -       0x00000004   Zero   RW           57    .bss.gyroYawQueue   freertos.o
    0x20000628        -       0x00000060   Zero   RW          134    .bss.hdma_uart5_rx  usart.o
    0x20000688        -       0x00000060   Zero   RW          135    .bss.hdma_uart5_tx  usart.o
    0x200006e8        -       0x00000060   Zero   RW          136    .bss.hdma_usart1_rx  usart.o
    0x20000748        -       0x00000060   Zero   RW          137    .bss.hdma_usart1_tx  usart.o
    0x200007a8        -       0x00000060   Zero   RW          138    .bss.hdma_usart2_rx  usart.o
    0x20000808        -       0x00000060   Zero   RW          139    .bss.hdma_usart2_tx  usart.o
    0x20000868        -       0x00000060   Zero   RW          140    .bss.hdma_usart3_rx  usart.o
    0x200008c8        -       0x00000060   Zero   RW          141    .bss.hdma_usart3_tx  usart.o
    0x20000928        -       0x00000048   Zero   RW          104    .bss.htim1          tim.o
    0x20000970        -       0x00000048   Zero   RW          105    .bss.htim2          tim.o
    0x200009b8        -       0x00000048   Zero   RW          106    .bss.htim3          tim.o
    0x20000a00        -       0x00000048   Zero   RW          107    .bss.htim4          tim.o
    0x20000a48        -       0x00000048   Zero   RW          108    .bss.htim5          tim.o
    0x20000a90        -       0x00000048   Zero   RW          210    .bss.htim6          stm32f4xx_hal_timebase_tim.o
    0x20000ad8        -       0x00000048   Zero   RW          109    .bss.htim8          tim.o
    0x20000b20        -       0x00000048   Zero   RW          110    .bss.htim9          tim.o
    0x20000b68        -       0x00000048   Zero   RW          131    .bss.huart1         usart.o
    0x20000bb0        -       0x00000048   Zero   RW          132    .bss.huart2         usart.o
    0x20000bf8        -       0x00000048   Zero   RW          133    .bss.huart3         usart.o
    0x20000c40        -       0x00000048   Zero   RW          130    .bss.huart5         usart.o
    0x20000c88        -       0x00000001   Zero   RW         1992    .bss.isStart        chassis_task.o
    0x20000c89   COMPRESSED   0x00000003   PAD
    0x20000c8c        -       0x00000054   Zero   RW         1919    .bss.positionPidForW  chassis.o
    0x20000ce0        -       0x00000054   Zero   RW         1917    .bss.positionPidForX  chassis.o
    0x20000d34        -       0x00000054   Zero   RW         1918    .bss.positionPidForY  chassis.o
    0x20000d88        -       0x000000a0   Zero   RW         1553    .bss.prvCheckForValidListAndQueue.ucStaticTimerQueueStorage  timers.o
    0x20000e28        -       0x00000050   Zero   RW         1552    .bss.prvCheckForValidListAndQueue.xStaticTimerQueue  timers.o
    0x20000e78        -       0x00000004   Zero   RW         1549    .bss.prvSampleTimeNow.xLastTime  timers.o
    0x20000e7c        -       0x00000004   Zero   RW         1461    .bss.pxCurrentTCB   tasks.o
    0x20000e80        -       0x00000004   Zero   RW         1547    .bss.pxCurrentTimerList  timers.o
    0x20000e84        -       0x00000004   Zero   RW         1469    .bss.pxDelayedTaskList  tasks.o
    0x20000e88        -       0x00000004   Zero   RW         1756    .bss.pxEnd          heap_4.o
    0x20000e8c        -       0x00000004   Zero   RW         1470    .bss.pxOverflowDelayedTaskList  tasks.o
    0x20000e90        -       0x00000004   Zero   RW         1548    .bss.pxOverflowTimerList  timers.o
    0x20000e94        -       0x00000460   Zero   RW         1472    .bss.pxReadyTasksLists  tasks.o
    0x200012f4        -       0x00000001   Zero   RW         1991    .bss.qrNumberInCameraProcessing  chassis_task.o
    0x200012f5        -       0x00000040   Zero   RW         2030    .bss.rxBufferFrom2_4G  cmd_task.o
    0x20001335        -       0x0000000c   Zero   RW         2031    .bss.rxBufferFromCamera  cmd_task.o
    0x20001341        -       0x0000000c   Zero   RW         2032    .bss.rxBufferFromGyro  cmd_task.o
    0x2000134d        -       0x00000080   Zero   RW         1886    .bss.rxBuffer_VOFA  vofa.o
    0x200013cd   COMPRESSED   0x00000003   PAD
    0x200013d0        -       0x00000054   Zero   RW         1962    .bss.speedPidForMotor1  motor_task.o
    0x20001424        -       0x00000054   Zero   RW         1964    .bss.speedPidForMotor2  motor_task.o
    0x20001478        -       0x00000054   Zero   RW         1966    .bss.speedPidForMotor3  motor_task.o
    0x200014cc        -       0x00000054   Zero   RW         1968    .bss.speedPidForMotor4  motor_task.o
    0x20001520        -       0x00000114   Zero   RW         1888    .bss.uartToVOFA     vofa.o
    0x20001634        -       0x00003c00   Zero   RW         1763    .bss.ucHeap         heap_4.o
    0x20005234        -       0x00000001   Zero   RW         1797    .bss.ucMaxSysCallPriority  port.o
    0x20005235   COMPRESSED   0x00000003   PAD
    0x20005238        -       0x00000004   Zero   RW         1798    .bss.ulMaxPRIGROUPValue  port.o
    0x2000523c        -       0x00000004   Zero   RW          959    .bss.uwTick         stm32f4xx_hal.o
    0x20005240        -       0x00000004   Zero   RW         1465    .bss.uxCurrentNumberOfTasks  tasks.o
    0x20005244        -       0x00000004   Zero   RW         1464    .bss.uxDeletedTasksWaitingCleanUp  tasks.o
    0x20005248        -       0x00000004   Zero   RW         1467    .bss.uxSchedulerSuspended  tasks.o
    0x2000524c        -       0x00000004   Zero   RW         1462    .bss.uxTaskNumber   tasks.o
    0x20005250        -       0x00000004   Zero   RW         1473    .bss.uxTopReadyPriority  tasks.o
    0x20005254        -       0x00000200   Zero   RW         1730    .bss.vApplicationGetIdleTaskMemory.Idle_Stack  cmsis_os2.o
    0x20005454        -       0x0000005c   Zero   RW         1729    .bss.vApplicationGetIdleTaskMemory.Idle_TCB  cmsis_os2.o
    0x200054b0        -       0x00000400   Zero   RW         1732    .bss.vApplicationGetTimerTaskMemory.Timer_Stack  cmsis_os2.o
    0x200058b0        -       0x0000005c   Zero   RW         1731    .bss.vApplicationGetTimerTaskMemory.Timer_TCB  cmsis_os2.o
    0x2000590c        -       0x00000004   Zero   RW           56    .bss.vofaQueue      freertos.o
    0x20005910        -       0x00000010   Zero   RW         1915    .bss.wheelSpeed     chassis.o
    0x20005920        -       0x00000014   Zero   RW         1550    .bss.xActiveTimerList1  timers.o
    0x20005934        -       0x00000014   Zero   RW         1551    .bss.xActiveTimerList2  timers.o
    0x20005948        -       0x00000004   Zero   RW         1757    .bss.xBlockAllocatedBit  heap_4.o
    0x2000594c        -       0x00000014   Zero   RW         1481    .bss.xDelayedTaskList1  tasks.o
    0x20005960        -       0x00000014   Zero   RW         1482    .bss.xDelayedTaskList2  tasks.o
    0x20005974        -       0x00000004   Zero   RW         1758    .bss.xFreeBytesRemaining  heap_4.o
    0x20005978        -       0x00000004   Zero   RW         1476    .bss.xIdleTaskHandle  tasks.o
    0x2000597c        -       0x00000004   Zero   RW         1760    .bss.xMinimumEverFreeBytesRemaining  heap_4.o
    0x20005980        -       0x00000004   Zero   RW         1477    .bss.xNextTaskUnblockTime  tasks.o
    0x20005984        -       0x00000004   Zero   RW         1480    .bss.xNumOfOverflows  tasks.o
    0x20005988        -       0x00000004   Zero   RW         1761    .bss.xNumberOfSuccessfulAllocations  heap_4.o
    0x2000598c        -       0x00000004   Zero   RW         1762    .bss.xNumberOfSuccessfulFrees  heap_4.o
    0x20005990        -       0x00000004   Zero   RW         1479    .bss.xPendedTicks   tasks.o
    0x20005994        -       0x00000014   Zero   RW         1474    .bss.xPendingReadyList  tasks.o
    0x200059a8        -       0x00000040   Zero   RW         1272    .bss.xQueueRegistry  queue.o
    0x200059e8        -       0x00000004   Zero   RW         1466    .bss.xSchedulerRunning  tasks.o
    0x200059ec        -       0x00000008   Zero   RW         1759    .bss.xStart         heap_4.o
    0x200059f4        -       0x00000014   Zero   RW         1471    .bss.xSuspendedTaskList  tasks.o
    0x20005a08        -       0x00000014   Zero   RW         1463    .bss.xTasksWaitingTermination  tasks.o
    0x20005a1c        -       0x00000004   Zero   RW         1468    .bss.xTickCount     tasks.o
    0x20005a20        -       0x00000004   Zero   RW         1544    .bss.xTimerQueue    timers.o
    0x20005a24        -       0x00000004   Zero   RW         1546    .bss.xTimerTaskHandle  timers.o
    0x20005a28        -       0x00000004   Zero   RW         1478    .bss.xYieldPending  tasks.o
    0x20005a2c   COMPRESSED   0x00000004   PAD
    0x20005a30        -       0x00000200   Zero   RW            2    HEAP                startup_stm32f407xx.o
    0x20005c30        -       0x00000400   Zero   RW            1    STACK               startup_stm32f407xx.o


    Execution Region RW_IRAM2 (Exec base: 0x2001c000, Load base: 0x0800ede8, Size: 0x00000000, Max: 0x00004000, ABSOLUTE)

    **** No section assigned to this execution region ****


==============================================================================

Image component sizes


      Code (inc. data)   RO Data    RW Data    ZI Data      Debug   Object Name

       398          0         12          0          0       3987   callback.o
       730         20          0         60        288       7874   chassis.o
      1918         40         36        342          7       9005   chassis_task.o
      1132         32          0          0        100       3008   cmd_task.o
       746          0          0          0       1724      34955   cmsis_os2.o
       224          0          0          0          0       3358   dma.o
       514          0        155          0         16       3071   freertos.o
       354          0          0          0          0       2251   gpio.o
      1084          0          0          0      15392       4488   heap_4.o
       296          0          0          0          0       2236   list.o
       334          0          0          0          0       5755   main.o
       612          8          0          0          0       6020   motor.o
      1000         76          0        208        352       6720   motor_task.o
      1370         36          0          0          0       4578   pid.o
      1128         16          0          4          5       3848   port.o
      2720          0          0          0         64      17302   queue.o
        64         26        392          0       1536        852   startup_stm32f407xx.o
        92          0          0          5          4       7132   stm32f4xx_hal.o
       384          0          0          0          0       9712   stm32f4xx_hal_cortex.o
      2068          8          8          0          0       8489   stm32f4xx_hal_dma.o
       996          0          0          0          0       5117   stm32f4xx_hal_gpio.o
        88          0          0          0          0       3377   stm32f4xx_hal_msp.o
      2730          0          0          0          0       7587   stm32f4xx_hal_rcc.o
      4560         14          0          0          0      35865   stm32f4xx_hal_tim.o
       484          0          0          0          0      15280   stm32f4xx_hal_tim_ex.o
       240          0          0          0         72       7121   stm32f4xx_hal_timebase_tim.o
      3598          0          0          0          0      20250   stm32f4xx_hal_uart.o
       246          0          0          0          0       2124   stm32f4xx_it.o
        18          0         24          4          0       2545   system_stm32f4xx.o
      5810         12          5          0       1280      24113   tasks.o
      1950          0          0          0        504      11190   tim.o
      1692         10         13          0        300      11607   timers.o
       226          0          0          0          0       4062   uart_dma.o
      1612          0          0          0       1056       8499   usart.o
       612          0          6          0       1172       6136   vofa.o
        68          0          7          0          8       1660   vofa_task.o

    ----------------------------------------------------------------------
     42348        314        692        628      23900     311174   Object Totals
         0          0         32          0          0          0   (incl. Generated)
       250         16          2          5         20          0   (incl. Padding)

    ----------------------------------------------------------------------

      Code (inc. data)   RO Data    RW Data    ZI Data      Debug   Library Member Name

        90          0          0          0          0          0   __dczerorl2.o
         8          0          0          0          0         68   __main.o
       392          4         17          0          0         92   __printf_flags_ss_wp.o
        14          0          0          0          0         68   __printf_wp.o
         0          0          0          0          0          0   __rtentry.o
        12          0          0          0          0          0   __rtentry2.o
         6          0          0          0          0          0   __rtentry4.o
        52          8          0          0          0          0   __scatter.o
        28          0          0          0          0          0   __scatter_zi.o
        72          0          0          0          0         96   _c16rtomb.o
        28          0          0          0          0         68   _chval.o
        64          0          0          0          0         84   _mbrtoc16.o
         6          0          0          0          0          0   _printf_a.o
         6          0          0          0          0          0   _printf_c.o
        44          0          0          0          0        108   _printf_char.o
        48          6          0          0          0         96   _printf_char_common.o
        40          0          0          0          0         68   _printf_charcount.o
         6          0          0          0          0          0   _printf_d.o
       120         16          0          0          0         92   _printf_dec.o
         6          0          0          0          0          0   _printf_e.o
         6          0          0          0          0          0   _printf_f.o
      1052          0          0          0          0        148   _printf_fp_dec.o
       764          8         38          0          0        100   _printf_fp_hex.o
       128         16          0          0          0         84   _printf_fp_infnan.o
         6          0          0          0          0          0   _printf_g.o
       148          4         40          0          0        160   _printf_hex_int_ll_ptr.o
         6          0          0          0          0          0   _printf_i.o
       178          0          0          0          0         88   _printf_intcommon.o
        10          0          0          0          0          0   _printf_l.o
         6          0          0          0          0          0   _printf_lc.o
        10          0          0          0          0          0   _printf_ll.o
         6          0          0          0          0          0   _printf_lld.o
         6          0          0          0          0          0   _printf_lli.o
         6          0          0          0          0          0   _printf_llo.o
         6          0          0          0          0          0   _printf_llu.o
         6          0          0          0          0          0   _printf_llx.o
       124         16          0          0          0         92   _printf_longlong_dec.o
         6          0          0          0          0          0   _printf_ls.o
         6          0          0          0          0          0   _printf_n.o
         6          0          0          0          0          0   _printf_o.o
       112          8          0          0          0        124   _printf_oct_int_ll.o
         6          0          0          0          0          0   _printf_p.o
        78          0          0          0          0        108   _printf_pad.o
         0          0          0          0          0          0   _printf_percent.o
         4          0          0          0          0          0   _printf_percent_end.o
         6          0          0          0          0          0   _printf_s.o
        82          0          0          0          0         80   _printf_str.o
        36          0          0          0          0         84   _printf_truncate.o
         6          0          0          0          0          0   _printf_u.o
        44          0          0          0          0        108   _printf_wchar.o
       188          6          8          0          0         92   _printf_wctomb.o
         6          0          0          0          0          0   _printf_x.o
        22          0          0          0          0        100   _rserrno.o
       884          6          0          0          0        100   _scanf.o
       332          0          0          0          0         96   _scanf_int.o
       342          0          0          0          0        100   _scanf_longlong.o
       276          0          0          0          0        100   _scanf_mbtowc.o
       224          0          0          0          0         96   _scanf_str.o
        30          0          0          0          0         76   _scanf_wcharmap.o
       232          0          0          0          0        100   _scanf_wctomb.o
       208          0          0          0          0         96   _scanf_wstr.o
        64          0          0          0          0         84   _sgetc.o
        16          0          0          0          0         68   _snputc.o
        16          0          0          0          0         68   aeabi_memset4.o
       228          4        148          0          0         96   bigflt0.o
      2152        136          0          0          0        956   btod.o
        18          0          0          0          0         80   exit.o
         6          0          0          0          0        152   heapauxi.o
         0          0          0          0          0          0   indicate_semi.o
        18          0          0          0          0         76   isspace.o
        44         10        272          0          0         76   lc_ctype_c.o
        44         10         28          0          0         76   lc_numeric_c.o
         2          0          0          0          0          0   libinit.o
        34          0          0          0          0          0   libinit2.o
         2          0          0          0          0          0   libshutdown.o
         2          0          0          0          0          0   libshutdown2.o
         8          4          0          0         96         68   libspace.o
        38          0          0          0          0         68   llshl.o
       138          0          0          0          0         80   lludiv10.o
       240          0          0          0          0        100   lludivv7m.o
        16          4          0          0          0         76   rt_ctype_table.o
         8          4          0          0          0         68   rt_errno_addr_intlibspace.o
         8          4          0          0          0         68   rt_locale_intlibspace.o
        78          0          0          0          0         80   rt_memclr_w.o
       138          0          0          0          0         68   rt_memcpy_v6.o
       100          0          0          0          0         80   rt_memcpy_w.o
         2          0          0          0          0          0   rtexit.o
        10          0          0          0          0          0   rtexit2.o
        44          8          0          0          0         84   scanf_char.o
      1272         16          0          0          0        168   scanf_fp.o
       800         14          0          0          0        100   scanf_hexfp.o
       308         16          0          0          0        100   scanf_infnan.o
        60          8          0          0          0         84   sscanf.o
       124          0          0          0          0         88   strcmpv7em.o
        62          0          0          0          0         76   strlen.o
       150          0          0          0          0         80   strncmp.o
        12          4          0          0          0         68   sys_exit.o
        74          0          0          0          0         80   sys_stackheap_outer.o
         2          0          0          0          0         68   use_no_semi.o
        60          4          0          0          0         80   vsnprintf.o
        98          4          0          0          0        140   d2f.o
       812         16          0          0          0        392   daddsub_clz.o
        16          4          0          0          0        116   dcheck1.o
        84          0          0          0          0        244   dcmp.o
        24          0          0          0          0        116   dcmpi.o
       692        140          0          0          0        264   ddiv.o
       120          4          0          0          0        140   deqf.o
       120          4          0          0          0        140   dgeqf.o
       120          4          0          0          0        140   dleqf.o
       340         12          0          0          0        152   dmul.o
       156          4          0          0          0        140   dnaninf.o
        12          0          0          0          0        116   dretinf.o
       108          0          0          0          0        128   drleqf.o
        86          4          0          0          0        132   f2d.o
       140          4          0          0          0        132   fnaninf.o
         0          0         16          0          0          0   fpconst.o
        26          0          0          0          0        116   fpinit.o
        10          0          0          0          0        116   fretinf.o
         6          0          0          0          0        116   istatus.o
         4          0          0          0          0        116   printf1.o
         4          0          0          0          0        116   printf2.o
       100          0          0          0          0        116   retnan.o
        92          0          0          0          0        116   scalbn.o
         4          0          0          0          0        116   scanf1.o
         8          0          0          0          0        132   scanf2.o
        48          0          0          0          0        116   trapv.o
         0          0          0          0          0          0   usenofp.o
        64         16          0          0          0        248   dunder.o
        48          0          0          0          0        124   fpclassify.o
       140         22          0          0          0        132   frexp.o
       228          8          0          0          0        308   ldexp.o
       266         16          0          0          0        308   narrow.o

    ----------------------------------------------------------------------
     17048        610        568          0         96      11324   Library Totals
        28          4          1          0          0          0   (incl. Padding)

    ----------------------------------------------------------------------

      Code (inc. data)   RO Data    RW Data    ZI Data      Debug   Library Name

     13044        344        551          0         96       6536   c_w.l
      3230        200         16          0          0       3668   fz_wm.l
       746         62          0          0          0       1120   m_wm.l

    ----------------------------------------------------------------------
     17048        610        568          0         96      11324   Library Totals

    ----------------------------------------------------------------------

==============================================================================


      Code (inc. data)   RO Data    RW Data    ZI Data      Debug   

     59396        924       1260        628      23996     315030   Grand Totals
     59396        924       1260        248      23996     315030   ELF Image Totals (compressed)
     59396        924       1260        248          0          0   ROM Totals

==============================================================================

    Total RO  Size (Code + RO Data)                60656 (  59.23kB)
    Total RW  Size (RW Data + ZI Data)             24624 (  24.05kB)
    Total ROM Size (Code + RO Data + RW Data)      60904 (  59.48kB)

==============================================================================

